../Core/Src/stm32mp1xx_hal_msp.c:65:6:HAL_MspInit	8	static
../Core/Src/stm32mp1xx_hal_msp.c:104:6:HAL_IPCC_MspInit	8	static
../Core/Src/stm32mp1xx_hal_msp.c:132:6:HAL_IPCC_MspDeInit	8	static
../Core/Src/stm32mp1xx_hal_msp.c:158:6:HAL_SPI_MspInit	392	static
../Core/Src/stm32mp1xx_hal_msp.c:219:6:HAL_SPI_MspDeInit	8	static
../Core/Src/stm32mp1xx_hal_msp.c:251:6:HAL_TIM_Base_MspInit	0	static
../Core/Src/stm32mp1xx_hal_msp.c:278:6:HAL_TIM_MspPostInit	32	static
../Core/Src/stm32mp1xx_hal_msp.c:330:6:HAL_TIM_Base_MspDeInit	0	static
