12:28:28 **** Build of configuration Debug for project RFIDtest_CM4 ****
make -j16 all 
arm-none-eabi-gcc "../OPENAMP/mbox_ipcc.c" -mcpu=cortex-m4 -std=gnu11 -g3 -DDEBUG -DCORE_CM4 -DNO_ATOMIC_64_SUPPORT -DMETAL_INTERNAL -DMETAL_MAX_DEVICE_REGIONS=2 -DVIRTIO_SLAVE_ONLY -DUSE_HAL_DRIVER -DSTM32MP157Dxx -c -I../OPENAMP -I../Core/Inc -IC:/Users/derko/STM32Cube/Repository/STM32Cube_FW_MP1_V1.7.0/Middlewares/Third_Party/OpenAMP/open-amp/lib/include -IC:/Users/derko/STM32Cube/Repository/STM32Cube_FW_MP1_V1.7.0/Middlewares/Third_Party/OpenAMP/libmetal/lib/include -IC:/Users/derko/STM32Cube/Repository/STM32Cube_FW_MP1_V1.7.0/Drivers/STM32MP1xx_HAL_Driver/Inc -IC:/Users/derko/STM32Cube/Repository/STM32Cube_FW_MP1_V1.7.0/Drivers/STM32MP1xx_HAL_Driver/Inc/Legacy -IC:/Users/derko/STM32Cube/Repository/STM32Cube_FW_MP1_V1.7.0/Drivers/CMSIS/Device/ST/STM32MP1xx/Include -IC:/Users/derko/STM32Cube/Repository/STM32Cube_FW_MP1_V1.7.0/Middlewares/Third_Party/OpenAMP/virtual_driver -IC:/Users/derko/STM32Cube/Repository/STM32Cube_FW_MP1_V1.7.0/Drivers/CMSIS/Include -O0 -ffunction-sections -fdata-sections -Wall -fstack-usage -fcyclomatic-complexity -MMD -MP -MF"OPENAMP/mbox_ipcc.d" -MT"OPENAMP/mbox_ipcc.o" --specs=nano.specs -mfpu=fpv4-sp-d16 -mfloat-abi=hard -mthumb -o "OPENAMP/mbox_ipcc.o"
arm-none-eabi-gcc "../OPENAMP/openamp.c" -mcpu=cortex-m4 -std=gnu11 -g3 -DDEBUG -DCORE_CM4 -DNO_ATOMIC_64_SUPPORT -DMETAL_INTERNAL -DMETAL_MAX_DEVICE_REGIONS=2 -DVIRTIO_SLAVE_ONLY -DUSE_HAL_DRIVER -DSTM32MP157Dxx -c -I../OPENAMP -I../Core/Inc -IC:/Users/derko/STM32Cube/Repository/STM32Cube_FW_MP1_V1.7.0/Middlewares/Third_Party/OpenAMP/open-amp/lib/include -IC:/Users/derko/STM32Cube/Repository/STM32Cube_FW_MP1_V1.7.0/Middlewares/Third_Party/OpenAMP/libmetal/lib/include -IC:/Users/derko/STM32Cube/Repository/STM32Cube_FW_MP1_V1.7.0/Drivers/STM32MP1xx_HAL_Driver/Inc -IC:/Users/derko/STM32Cube/Repository/STM32Cube_FW_MP1_V1.7.0/Drivers/STM32MP1xx_HAL_Driver/Inc/Legacy -IC:/Users/derko/STM32Cube/Repository/STM32Cube_FW_MP1_V1.7.0/Drivers/CMSIS/Device/ST/STM32MP1xx/Include -IC:/Users/derko/STM32Cube/Repository/STM32Cube_FW_MP1_V1.7.0/Middlewares/Third_Party/OpenAMP/virtual_driver -IC:/Users/derko/STM32Cube/Repository/STM32Cube_FW_MP1_V1.7.0/Drivers/CMSIS/Include -O0 -ffunction-sections -fdata-sections -Wall -fstack-usage -fcyclomatic-complexity -MMD -MP -MF"OPENAMP/openamp.d" -MT"OPENAMP/openamp.o" --specs=nano.specs -mfpu=fpv4-sp-d16 -mfloat-abi=hard -mthumb -o "OPENAMP/openamp.o"
arm-none-eabi-gcc "../OPENAMP/openamp_log.c" -mcpu=cortex-m4 -std=gnu11 -g3 -DDEBUG -DCORE_CM4 -DNO_ATOMIC_64_SUPPORT -DMETAL_INTERNAL -DMETAL_MAX_DEVICE_REGIONS=2 -DVIRTIO_SLAVE_ONLY -DUSE_HAL_DRIVER -DSTM32MP157Dxx -c -I../OPENAMP -I../Core/Inc -IC:/Users/derko/STM32Cube/Repository/STM32Cube_FW_MP1_V1.7.0/Middlewares/Third_Party/OpenAMP/open-amp/lib/include -IC:/Users/derko/STM32Cube/Repository/STM32Cube_FW_MP1_V1.7.0/Middlewares/Third_Party/OpenAMP/libmetal/lib/include -IC:/Users/derko/STM32Cube/Repository/STM32Cube_FW_MP1_V1.7.0/Drivers/STM32MP1xx_HAL_Driver/Inc -IC:/Users/derko/STM32Cube/Repository/STM32Cube_FW_MP1_V1.7.0/Drivers/STM32MP1xx_HAL_Driver/Inc/Legacy -IC:/Users/derko/STM32Cube/Repository/STM32Cube_FW_MP1_V1.7.0/Drivers/CMSIS/Device/ST/STM32MP1xx/Include -IC:/Users/derko/STM32Cube/Repository/STM32Cube_FW_MP1_V1.7.0/Middlewares/Third_Party/OpenAMP/virtual_driver -IC:/Users/derko/STM32Cube/Repository/STM32Cube_FW_MP1_V1.7.0/Drivers/CMSIS/Include -O0 -ffunction-sections -fdata-sections -Wall -fstack-usage -fcyclomatic-complexity -MMD -MP -MF"OPENAMP/openamp_log.d" -MT"OPENAMP/openamp_log.o" --specs=nano.specs -mfpu=fpv4-sp-d16 -mfloat-abi=hard -mthumb -o "OPENAMP/openamp_log.o"
arm-none-eabi-gcc "../OPENAMP/rsc_table.c" -mcpu=cortex-m4 -std=gnu11 -g3 -DDEBUG -DCORE_CM4 -DNO_ATOMIC_64_SUPPORT -DMETAL_INTERNAL -DMETAL_MAX_DEVICE_REGIONS=2 -DVIRTIO_SLAVE_ONLY -DUSE_HAL_DRIVER -DSTM32MP157Dxx -c -I../OPENAMP -I../Core/Inc -IC:/Users/derko/STM32Cube/Repository/STM32Cube_FW_MP1_V1.7.0/Middlewares/Third_Party/OpenAMP/open-amp/lib/include -IC:/Users/derko/STM32Cube/Repository/STM32Cube_FW_MP1_V1.7.0/Middlewares/Third_Party/OpenAMP/libmetal/lib/include -IC:/Users/derko/STM32Cube/Repository/STM32Cube_FW_MP1_V1.7.0/Drivers/STM32MP1xx_HAL_Driver/Inc -IC:/Users/derko/STM32Cube/Repository/STM32Cube_FW_MP1_V1.7.0/Drivers/STM32MP1xx_HAL_Driver/Inc/Legacy -IC:/Users/derko/STM32Cube/Repository/STM32Cube_FW_MP1_V1.7.0/Drivers/CMSIS/Device/ST/STM32MP1xx/Include -IC:/Users/derko/STM32Cube/Repository/STM32Cube_FW_MP1_V1.7.0/Middlewares/Third_Party/OpenAMP/virtual_driver -IC:/Users/derko/STM32Cube/Repository/STM32Cube_FW_MP1_V1.7.0/Drivers/CMSIS/Include -O0 -ffunction-sections -fdata-sections -Wall -fstack-usage -fcyclomatic-complexity -MMD -MP -MF"OPENAMP/rsc_table.d" -MT"OPENAMP/rsc_table.o" --specs=nano.specs -mfpu=fpv4-sp-d16 -mfloat-abi=hard -mthumb -o "OPENAMP/rsc_table.o"
arm-none-eabi-gcc "C:/Users/derko/STM32Cube/Repository/STM32Cube_FW_MP1_V1.7.0/Middlewares/Third_Party/OpenAMP/libmetal/lib/system/generic/condition.c" -mcpu=cortex-m4 -std=gnu11 -g3 -DDEBUG -DCORE_CM4 -DNO_ATOMIC_64_SUPPORT -DMETAL_INTERNAL -DMETAL_MAX_DEVICE_REGIONS=2 -DVIRTIO_SLAVE_ONLY -DUSE_HAL_DRIVER -DSTM32MP157Dxx -c -I../OPENAMP -I../Core/Inc -IC:/Users/derko/STM32Cube/Repository/STM32Cube_FW_MP1_V1.7.0/Middlewares/Third_Party/OpenAMP/open-amp/lib/include -IC:/Users/derko/STM32Cube/Repository/STM32Cube_FW_MP1_V1.7.0/Middlewares/Third_Party/OpenAMP/libmetal/lib/include -IC:/Users/derko/STM32Cube/Repository/STM32Cube_FW_MP1_V1.7.0/Drivers/STM32MP1xx_HAL_Driver/Inc -IC:/Users/derko/STM32Cube/Repository/STM32Cube_FW_MP1_V1.7.0/Drivers/STM32MP1xx_HAL_Driver/Inc/Legacy -IC:/Users/derko/STM32Cube/Repository/STM32Cube_FW_MP1_V1.7.0/Drivers/CMSIS/Device/ST/STM32MP1xx/Include -IC:/Users/derko/STM32Cube/Repository/STM32Cube_FW_MP1_V1.7.0/Middlewares/Third_Party/OpenAMP/virtual_driver -IC:/Users/derko/STM32Cube/Repository/STM32Cube_FW_MP1_V1.7.0/Drivers/CMSIS/Include -O0 -ffunction-sections -fdata-sections -Wall -fstack-usage -fcyclomatic-complexity -MMD -MP -MF"Middlewares/Third_Party/OpenAMP/condition.d" -MT"Middlewares/Third_Party/OpenAMP/condition.o" --specs=nano.specs -mfpu=fpv4-sp-d16 -mfloat-abi=hard -mthumb -o "Middlewares/Third_Party/OpenAMP/condition.o"
arm-none-eabi-gcc "C:/Users/derko/STM32Cube/Repository/STM32Cube_FW_MP1_V1.7.0/Middlewares/Third_Party/OpenAMP/libmetal/lib/device.c" -mcpu=cortex-m4 -std=gnu11 -g3 -DDEBUG -DCORE_CM4 -DNO_ATOMIC_64_SUPPORT -DMETAL_INTERNAL -DMETAL_MAX_DEVICE_REGIONS=2 -DVIRTIO_SLAVE_ONLY -DUSE_HAL_DRIVER -DSTM32MP157Dxx -c -I../OPENAMP -I../Core/Inc -IC:/Users/derko/STM32Cube/Repository/STM32Cube_FW_MP1_V1.7.0/Middlewares/Third_Party/OpenAMP/open-amp/lib/include -IC:/Users/derko/STM32Cube/Repository/STM32Cube_FW_MP1_V1.7.0/Middlewares/Third_Party/OpenAMP/libmetal/lib/include -IC:/Users/derko/STM32Cube/Repository/STM32Cube_FW_MP1_V1.7.0/Drivers/STM32MP1xx_HAL_Driver/Inc -IC:/Users/derko/STM32Cube/Repository/STM32Cube_FW_MP1_V1.7.0/Drivers/STM32MP1xx_HAL_Driver/Inc/Legacy -IC:/Users/derko/STM32Cube/Repository/STM32Cube_FW_MP1_V1.7.0/Drivers/CMSIS/Device/ST/STM32MP1xx/Include -IC:/Users/derko/STM32Cube/Repository/STM32Cube_FW_MP1_V1.7.0/Middlewares/Third_Party/OpenAMP/virtual_driver -IC:/Users/derko/STM32Cube/Repository/STM32Cube_FW_MP1_V1.7.0/Drivers/CMSIS/Include -O0 -ffunction-sections -fdata-sections -Wall -fstack-usage -fcyclomatic-complexity -MMD -MP -MF"Middlewares/Third_Party/OpenAMP/device.d" -MT"Middlewares/Third_Party/OpenAMP/device.o" --specs=nano.specs -mfpu=fpv4-sp-d16 -mfloat-abi=hard -mthumb -o "Middlewares/Third_Party/OpenAMP/device.o"
arm-none-eabi-gcc "C:/Users/derko/STM32Cube/Repository/STM32Cube_FW_MP1_V1.7.0/Middlewares/Third_Party/OpenAMP/libmetal/lib/system/generic/generic_device.c" -mcpu=cortex-m4 -std=gnu11 -g3 -DDEBUG -DCORE_CM4 -DNO_ATOMIC_64_SUPPORT -DMETAL_INTERNAL -DMETAL_MAX_DEVICE_REGIONS=2 -DVIRTIO_SLAVE_ONLY -DUSE_HAL_DRIVER -DSTM32MP157Dxx -c -I../OPENAMP -I../Core/Inc -IC:/Users/derko/STM32Cube/Repository/STM32Cube_FW_MP1_V1.7.0/Middlewares/Third_Party/OpenAMP/open-amp/lib/include -IC:/Users/derko/STM32Cube/Repository/STM32Cube_FW_MP1_V1.7.0/Middlewares/Third_Party/OpenAMP/libmetal/lib/include -IC:/Users/derko/STM32Cube/Repository/STM32Cube_FW_MP1_V1.7.0/Drivers/STM32MP1xx_HAL_Driver/Inc -IC:/Users/derko/STM32Cube/Repository/STM32Cube_FW_MP1_V1.7.0/Drivers/STM32MP1xx_HAL_Driver/Inc/Legacy -IC:/Users/derko/STM32Cube/Repository/STM32Cube_FW_MP1_V1.7.0/Drivers/CMSIS/Device/ST/STM32MP1xx/Include -IC:/Users/derko/STM32Cube/Repository/STM32Cube_FW_MP1_V1.7.0/Middlewares/Third_Party/OpenAMP/virtual_driver -IC:/Users/derko/STM32Cube/Repository/STM32Cube_FW_MP1_V1.7.0/Drivers/CMSIS/Include -O0 -ffunction-sections -fdata-sections -Wall -fstack-usage -fcyclomatic-complexity -MMD -MP -MF"Middlewares/Third_Party/OpenAMP/generic_device.d" -MT"Middlewares/Third_Party/OpenAMP/generic_device.o" --specs=nano.specs -mfpu=fpv4-sp-d16 -mfloat-abi=hard -mthumb -o "Middlewares/Third_Party/OpenAMP/generic_device.o"
arm-none-eabi-gcc "C:/Users/derko/STM32Cube/Repository/STM32Cube_FW_MP1_V1.7.0/Middlewares/Third_Party/OpenAMP/libmetal/lib/system/generic/generic_init.c" -mcpu=cortex-m4 -std=gnu11 -g3 -DDEBUG -DCORE_CM4 -DNO_ATOMIC_64_SUPPORT -DMETAL_INTERNAL -DMETAL_MAX_DEVICE_REGIONS=2 -DVIRTIO_SLAVE_ONLY -DUSE_HAL_DRIVER -DSTM32MP157Dxx -c -I../OPENAMP -I../Core/Inc -IC:/Users/derko/STM32Cube/Repository/STM32Cube_FW_MP1_V1.7.0/Middlewares/Third_Party/OpenAMP/open-amp/lib/include -IC:/Users/derko/STM32Cube/Repository/STM32Cube_FW_MP1_V1.7.0/Middlewares/Third_Party/OpenAMP/libmetal/lib/include -IC:/Users/derko/STM32Cube/Repository/STM32Cube_FW_MP1_V1.7.0/Drivers/STM32MP1xx_HAL_Driver/Inc -IC:/Users/derko/STM32Cube/Repository/STM32Cube_FW_MP1_V1.7.0/Drivers/STM32MP1xx_HAL_Driver/Inc/Legacy -IC:/Users/derko/STM32Cube/Repository/STM32Cube_FW_MP1_V1.7.0/Drivers/CMSIS/Device/ST/STM32MP1xx/Include -IC:/Users/derko/STM32Cube/Repository/STM32Cube_FW_MP1_V1.7.0/Middlewares/Third_Party/OpenAMP/virtual_driver -IC:/Users/derko/STM32Cube/Repository/STM32Cube_FW_MP1_V1.7.0/Drivers/CMSIS/Include -O0 -ffunction-sections -fdata-sections -Wall -fstack-usage -fcyclomatic-complexity -MMD -MP -MF"Middlewares/Third_Party/OpenAMP/generic_init.d" -MT"Middlewares/Third_Party/OpenAMP/generic_init.o" --specs=nano.specs -mfpu=fpv4-sp-d16 -mfloat-abi=hard -mthumb -o "Middlewares/Third_Party/OpenAMP/generic_init.o"
arm-none-eabi-gcc "C:/Users/derko/STM32Cube/Repository/STM32Cube_FW_MP1_V1.7.0/Middlewares/Third_Party/OpenAMP/libmetal/lib/system/generic/generic_io.c" -mcpu=cortex-m4 -std=gnu11 -g3 -DDEBUG -DCORE_CM4 -DNO_ATOMIC_64_SUPPORT -DMETAL_INTERNAL -DMETAL_MAX_DEVICE_REGIONS=2 -DVIRTIO_SLAVE_ONLY -DUSE_HAL_DRIVER -DSTM32MP157Dxx -c -I../OPENAMP -I../Core/Inc -IC:/Users/derko/STM32Cube/Repository/STM32Cube_FW_MP1_V1.7.0/Middlewares/Third_Party/OpenAMP/open-amp/lib/include -IC:/Users/derko/STM32Cube/Repository/STM32Cube_FW_MP1_V1.7.0/Middlewares/Third_Party/OpenAMP/libmetal/lib/include -IC:/Users/derko/STM32Cube/Repository/STM32Cube_FW_MP1_V1.7.0/Drivers/STM32MP1xx_HAL_Driver/Inc -IC:/Users/derko/STM32Cube/Repository/STM32Cube_FW_MP1_V1.7.0/Drivers/STM32MP1xx_HAL_Driver/Inc/Legacy -IC:/Users/derko/STM32Cube/Repository/STM32Cube_FW_MP1_V1.7.0/Drivers/CMSIS/Device/ST/STM32MP1xx/Include -IC:/Users/derko/STM32Cube/Repository/STM32Cube_FW_MP1_V1.7.0/Middlewares/Third_Party/OpenAMP/virtual_driver -IC:/Users/derko/STM32Cube/Repository/STM32Cube_FW_MP1_V1.7.0/Drivers/CMSIS/Include -O0 -ffunction-sections -fdata-sections -Wall -fstack-usage -fcyclomatic-complexity -MMD -MP -MF"Middlewares/Third_Party/OpenAMP/generic_io.d" -MT"Middlewares/Third_Party/OpenAMP/generic_io.o" --specs=nano.specs -mfpu=fpv4-sp-d16 -mfloat-abi=hard -mthumb -o "Middlewares/Third_Party/OpenAMP/generic_io.o"
arm-none-eabi-gcc "C:/Users/derko/STM32Cube/Repository/STM32Cube_FW_MP1_V1.7.0/Middlewares/Third_Party/OpenAMP/libmetal/lib/system/generic/generic_shmem.c" -mcpu=cortex-m4 -std=gnu11 -g3 -DDEBUG -DCORE_CM4 -DNO_ATOMIC_64_SUPPORT -DMETAL_INTERNAL -DMETAL_MAX_DEVICE_REGIONS=2 -DVIRTIO_SLAVE_ONLY -DUSE_HAL_DRIVER -DSTM32MP157Dxx -c -I../OPENAMP -I../Core/Inc -IC:/Users/derko/STM32Cube/Repository/STM32Cube_FW_MP1_V1.7.0/Middlewares/Third_Party/OpenAMP/open-amp/lib/include -IC:/Users/derko/STM32Cube/Repository/STM32Cube_FW_MP1_V1.7.0/Middlewares/Third_Party/OpenAMP/libmetal/lib/include -IC:/Users/derko/STM32Cube/Repository/STM32Cube_FW_MP1_V1.7.0/Drivers/STM32MP1xx_HAL_Driver/Inc -IC:/Users/derko/STM32Cube/Repository/STM32Cube_FW_MP1_V1.7.0/Drivers/STM32MP1xx_HAL_Driver/Inc/Legacy -IC:/Users/derko/STM32Cube/Repository/STM32Cube_FW_MP1_V1.7.0/Drivers/CMSIS/Device/ST/STM32MP1xx/Include -IC:/Users/derko/STM32Cube/Repository/STM32Cube_FW_MP1_V1.7.0/Middlewares/Third_Party/OpenAMP/virtual_driver -IC:/Users/derko/STM32Cube/Repository/STM32Cube_FW_MP1_V1.7.0/Drivers/CMSIS/Include -O0 -ffunction-sections -fdata-sections -Wall -fstack-usage -fcyclomatic-complexity -MMD -MP -MF"Middlewares/Third_Party/OpenAMP/generic_shmem.d" -MT"Middlewares/Third_Party/OpenAMP/generic_shmem.o" --specs=nano.specs -mfpu=fpv4-sp-d16 -mfloat-abi=hard -mthumb -o "Middlewares/Third_Party/OpenAMP/generic_shmem.o"
arm-none-eabi-gcc "C:/Users/derko/STM32Cube/Repository/STM32Cube_FW_MP1_V1.7.0/Middlewares/Third_Party/OpenAMP/libmetal/lib/init.c" -mcpu=cortex-m4 -std=gnu11 -g3 -DDEBUG -DCORE_CM4 -DNO_ATOMIC_64_SUPPORT -DMETAL_INTERNAL -DMETAL_MAX_DEVICE_REGIONS=2 -DVIRTIO_SLAVE_ONLY -DUSE_HAL_DRIVER -DSTM32MP157Dxx -c -I../OPENAMP -I../Core/Inc -IC:/Users/derko/STM32Cube/Repository/STM32Cube_FW_MP1_V1.7.0/Middlewares/Third_Party/OpenAMP/open-amp/lib/include -IC:/Users/derko/STM32Cube/Repository/STM32Cube_FW_MP1_V1.7.0/Middlewares/Third_Party/OpenAMP/libmetal/lib/include -IC:/Users/derko/STM32Cube/Repository/STM32Cube_FW_MP1_V1.7.0/Drivers/STM32MP1xx_HAL_Driver/Inc -IC:/Users/derko/STM32Cube/Repository/STM32Cube_FW_MP1_V1.7.0/Drivers/STM32MP1xx_HAL_Driver/Inc/Legacy -IC:/Users/derko/STM32Cube/Repository/STM32Cube_FW_MP1_V1.7.0/Drivers/CMSIS/Device/ST/STM32MP1xx/Include -IC:/Users/derko/STM32Cube/Repository/STM32Cube_FW_MP1_V1.7.0/Middlewares/Third_Party/OpenAMP/virtual_driver -IC:/Users/derko/STM32Cube/Repository/STM32Cube_FW_MP1_V1.7.0/Drivers/CMSIS/Include -O0 -ffunction-sections -fdata-sections -Wall -fstack-usage -fcyclomatic-complexity -MMD -MP -MF"Middlewares/Third_Party/OpenAMP/init.d" -MT"Middlewares/Third_Party/OpenAMP/init.o" --specs=nano.specs -mfpu=fpv4-sp-d16 -mfloat-abi=hard -mthumb -o "Middlewares/Third_Party/OpenAMP/init.o"
arm-none-eabi-gcc "C:/Users/derko/STM32Cube/Repository/STM32Cube_FW_MP1_V1.7.0/Middlewares/Third_Party/OpenAMP/libmetal/lib/io.c" -mcpu=cortex-m4 -std=gnu11 -g3 -DDEBUG -DCORE_CM4 -DNO_ATOMIC_64_SUPPORT -DMETAL_INTERNAL -DMETAL_MAX_DEVICE_REGIONS=2 -DVIRTIO_SLAVE_ONLY -DUSE_HAL_DRIVER -DSTM32MP157Dxx -c -I../OPENAMP -I../Core/Inc -IC:/Users/derko/STM32Cube/Repository/STM32Cube_FW_MP1_V1.7.0/Middlewares/Third_Party/OpenAMP/open-amp/lib/include -IC:/Users/derko/STM32Cube/Repository/STM32Cube_FW_MP1_V1.7.0/Middlewares/Third_Party/OpenAMP/libmetal/lib/include -IC:/Users/derko/STM32Cube/Repository/STM32Cube_FW_MP1_V1.7.0/Drivers/STM32MP1xx_HAL_Driver/Inc -IC:/Users/derko/STM32Cube/Repository/STM32Cube_FW_MP1_V1.7.0/Drivers/STM32MP1xx_HAL_Driver/Inc/Legacy -IC:/Users/derko/STM32Cube/Repository/STM32Cube_FW_MP1_V1.7.0/Drivers/CMSIS/Device/ST/STM32MP1xx/Include -IC:/Users/derko/STM32Cube/Repository/STM32Cube_FW_MP1_V1.7.0/Middlewares/Third_Party/OpenAMP/virtual_driver -IC:/Users/derko/STM32Cube/Repository/STM32Cube_FW_MP1_V1.7.0/Drivers/CMSIS/Include -O0 -ffunction-sections -fdata-sections -Wall -fstack-usage -fcyclomatic-complexity -MMD -MP -MF"Middlewares/Third_Party/OpenAMP/io.d" -MT"Middlewares/Third_Party/OpenAMP/io.o" --specs=nano.specs -mfpu=fpv4-sp-d16 -mfloat-abi=hard -mthumb -o "Middlewares/Third_Party/OpenAMP/io.o"
arm-none-eabi-gcc "C:/Users/derko/STM32Cube/Repository/STM32Cube_FW_MP1_V1.7.0/Middlewares/Third_Party/OpenAMP/libmetal/lib/log.c" -mcpu=cortex-m4 -std=gnu11 -g3 -DDEBUG -DCORE_CM4 -DNO_ATOMIC_64_SUPPORT -DMETAL_INTERNAL -DMETAL_MAX_DEVICE_REGIONS=2 -DVIRTIO_SLAVE_ONLY -DUSE_HAL_DRIVER -DSTM32MP157Dxx -c -I../OPENAMP -I../Core/Inc -IC:/Users/derko/STM32Cube/Repository/STM32Cube_FW_MP1_V1.7.0/Middlewares/Third_Party/OpenAMP/open-amp/lib/include -IC:/Users/derko/STM32Cube/Repository/STM32Cube_FW_MP1_V1.7.0/Middlewares/Third_Party/OpenAMP/libmetal/lib/include -IC:/Users/derko/STM32Cube/Repository/STM32Cube_FW_MP1_V1.7.0/Drivers/STM32MP1xx_HAL_Driver/Inc -IC:/Users/derko/STM32Cube/Repository/STM32Cube_FW_MP1_V1.7.0/Drivers/STM32MP1xx_HAL_Driver/Inc/Legacy -IC:/Users/derko/STM32Cube/Repository/STM32Cube_FW_MP1_V1.7.0/Drivers/CMSIS/Device/ST/STM32MP1xx/Include -IC:/Users/derko/STM32Cube/Repository/STM32Cube_FW_MP1_V1.7.0/Middlewares/Third_Party/OpenAMP/virtual_driver -IC:/Users/derko/STM32Cube/Repository/STM32Cube_FW_MP1_V1.7.0/Drivers/CMSIS/Include -O0 -ffunction-sections -fdata-sections -Wall -fstack-usage -fcyclomatic-complexity -MMD -MP -MF"Middlewares/Third_Party/OpenAMP/log.d" -MT"Middlewares/Third_Party/OpenAMP/log.o" --specs=nano.specs -mfpu=fpv4-sp-d16 -mfloat-abi=hard -mthumb -o "Middlewares/Third_Party/OpenAMP/log.o"
arm-none-eabi-gcc "C:/Users/derko/STM32Cube/Repository/STM32Cube_FW_MP1_V1.7.0/Middlewares/Third_Party/OpenAMP/open-amp/lib/remoteproc/remoteproc_virtio.c" -mcpu=cortex-m4 -std=gnu11 -g3 -DDEBUG -DCORE_CM4 -DNO_ATOMIC_64_SUPPORT -DMETAL_INTERNAL -DMETAL_MAX_DEVICE_REGIONS=2 -DVIRTIO_SLAVE_ONLY -DUSE_HAL_DRIVER -DSTM32MP157Dxx -c -I../OPENAMP -I../Core/Inc -IC:/Users/derko/STM32Cube/Repository/STM32Cube_FW_MP1_V1.7.0/Middlewares/Third_Party/OpenAMP/open-amp/lib/include -IC:/Users/derko/STM32Cube/Repository/STM32Cube_FW_MP1_V1.7.0/Middlewares/Third_Party/OpenAMP/libmetal/lib/include -IC:/Users/derko/STM32Cube/Repository/STM32Cube_FW_MP1_V1.7.0/Drivers/STM32MP1xx_HAL_Driver/Inc -IC:/Users/derko/STM32Cube/Repository/STM32Cube_FW_MP1_V1.7.0/Drivers/STM32MP1xx_HAL_Driver/Inc/Legacy -IC:/Users/derko/STM32Cube/Repository/STM32Cube_FW_MP1_V1.7.0/Drivers/CMSIS/Device/ST/STM32MP1xx/Include -IC:/Users/derko/STM32Cube/Repository/STM32Cube_FW_MP1_V1.7.0/Middlewares/Third_Party/OpenAMP/virtual_driver -IC:/Users/derko/STM32Cube/Repository/STM32Cube_FW_MP1_V1.7.0/Drivers/CMSIS/Include -O0 -ffunction-sections -fdata-sections -Wall -fstack-usage -fcyclomatic-complexity -MMD -MP -MF"Middlewares/Third_Party/OpenAMP/remoteproc_virtio.d" -MT"Middlewares/Third_Party/OpenAMP/remoteproc_virtio.o" --specs=nano.specs -mfpu=fpv4-sp-d16 -mfloat-abi=hard -mthumb -o "Middlewares/Third_Party/OpenAMP/remoteproc_virtio.o"
arm-none-eabi-gcc "C:/Users/derko/STM32Cube/Repository/STM32Cube_FW_MP1_V1.7.0/Middlewares/Third_Party/OpenAMP/open-amp/lib/rpmsg/rpmsg.c" -mcpu=cortex-m4 -std=gnu11 -g3 -DDEBUG -DCORE_CM4 -DNO_ATOMIC_64_SUPPORT -DMETAL_INTERNAL -DMETAL_MAX_DEVICE_REGIONS=2 -DVIRTIO_SLAVE_ONLY -DUSE_HAL_DRIVER -DSTM32MP157Dxx -c -I../OPENAMP -I../Core/Inc -IC:/Users/derko/STM32Cube/Repository/STM32Cube_FW_MP1_V1.7.0/Middlewares/Third_Party/OpenAMP/open-amp/lib/include -IC:/Users/derko/STM32Cube/Repository/STM32Cube_FW_MP1_V1.7.0/Middlewares/Third_Party/OpenAMP/libmetal/lib/include -IC:/Users/derko/STM32Cube/Repository/STM32Cube_FW_MP1_V1.7.0/Drivers/STM32MP1xx_HAL_Driver/Inc -IC:/Users/derko/STM32Cube/Repository/STM32Cube_FW_MP1_V1.7.0/Drivers/STM32MP1xx_HAL_Driver/Inc/Legacy -IC:/Users/derko/STM32Cube/Repository/STM32Cube_FW_MP1_V1.7.0/Drivers/CMSIS/Device/ST/STM32MP1xx/Include -IC:/Users/derko/STM32Cube/Repository/STM32Cube_FW_MP1_V1.7.0/Middlewares/Third_Party/OpenAMP/virtual_driver -IC:/Users/derko/STM32Cube/Repository/STM32Cube_FW_MP1_V1.7.0/Drivers/CMSIS/Include -O0 -ffunction-sections -fdata-sections -Wall -fstack-usage -fcyclomatic-complexity -MMD -MP -MF"Middlewares/Third_Party/OpenAMP/rpmsg.d" -MT"Middlewares/Third_Party/OpenAMP/rpmsg.o" --specs=nano.specs -mfpu=fpv4-sp-d16 -mfloat-abi=hard -mthumb -o "Middlewares/Third_Party/OpenAMP/rpmsg.o"
arm-none-eabi-gcc "C:/Users/derko/STM32Cube/Repository/STM32Cube_FW_MP1_V1.7.0/Middlewares/Third_Party/OpenAMP/open-amp/lib/rpmsg/rpmsg_virtio.c" -mcpu=cortex-m4 -std=gnu11 -g3 -DDEBUG -DCORE_CM4 -DNO_ATOMIC_64_SUPPORT -DMETAL_INTERNAL -DMETAL_MAX_DEVICE_REGIONS=2 -DVIRTIO_SLAVE_ONLY -DUSE_HAL_DRIVER -DSTM32MP157Dxx -c -I../OPENAMP -I../Core/Inc -IC:/Users/derko/STM32Cube/Repository/STM32Cube_FW_MP1_V1.7.0/Middlewares/Third_Party/OpenAMP/open-amp/lib/include -IC:/Users/derko/STM32Cube/Repository/STM32Cube_FW_MP1_V1.7.0/Middlewares/Third_Party/OpenAMP/libmetal/lib/include -IC:/Users/derko/STM32Cube/Repository/STM32Cube_FW_MP1_V1.7.0/Drivers/STM32MP1xx_HAL_Driver/Inc -IC:/Users/derko/STM32Cube/Repository/STM32Cube_FW_MP1_V1.7.0/Drivers/STM32MP1xx_HAL_Driver/Inc/Legacy -IC:/Users/derko/STM32Cube/Repository/STM32Cube_FW_MP1_V1.7.0/Drivers/CMSIS/Device/ST/STM32MP1xx/Include -IC:/Users/derko/STM32Cube/Repository/STM32Cube_FW_MP1_V1.7.0/Middlewares/Third_Party/OpenAMP/virtual_driver -IC:/Users/derko/STM32Cube/Repository/STM32Cube_FW_MP1_V1.7.0/Drivers/CMSIS/Include -O0 -ffunction-sections -fdata-sections -Wall -fstack-usage -fcyclomatic-complexity -MMD -MP -MF"Middlewares/Third_Party/OpenAMP/rpmsg_virtio.d" -MT"Middlewares/Third_Party/OpenAMP/rpmsg_virtio.o" --specs=nano.specs -mfpu=fpv4-sp-d16 -mfloat-abi=hard -mthumb -o "Middlewares/Third_Party/OpenAMP/rpmsg_virtio.o"
arm-none-eabi-gcc "C:/Users/derko/STM32Cube/Repository/STM32Cube_FW_MP1_V1.7.0/Middlewares/Third_Party/OpenAMP/libmetal/lib/shmem.c" -mcpu=cortex-m4 -std=gnu11 -g3 -DDEBUG -DCORE_CM4 -DNO_ATOMIC_64_SUPPORT -DMETAL_INTERNAL -DMETAL_MAX_DEVICE_REGIONS=2 -DVIRTIO_SLAVE_ONLY -DUSE_HAL_DRIVER -DSTM32MP157Dxx -c -I../OPENAMP -I../Core/Inc -IC:/Users/derko/STM32Cube/Repository/STM32Cube_FW_MP1_V1.7.0/Middlewares/Third_Party/OpenAMP/open-amp/lib/include -IC:/Users/derko/STM32Cube/Repository/STM32Cube_FW_MP1_V1.7.0/Middlewares/Third_Party/OpenAMP/libmetal/lib/include -IC:/Users/derko/STM32Cube/Repository/STM32Cube_FW_MP1_V1.7.0/Drivers/STM32MP1xx_HAL_Driver/Inc -IC:/Users/derko/STM32Cube/Repository/STM32Cube_FW_MP1_V1.7.0/Drivers/STM32MP1xx_HAL_Driver/Inc/Legacy -IC:/Users/derko/STM32Cube/Repository/STM32Cube_FW_MP1_V1.7.0/Drivers/CMSIS/Device/ST/STM32MP1xx/Include -IC:/Users/derko/STM32Cube/Repository/STM32Cube_FW_MP1_V1.7.0/Middlewares/Third_Party/OpenAMP/virtual_driver -IC:/Users/derko/STM32Cube/Repository/STM32Cube_FW_MP1_V1.7.0/Drivers/CMSIS/Include -O0 -ffunction-sections -fdata-sections -Wall -fstack-usage -fcyclomatic-complexity -MMD -MP -MF"Middlewares/Third_Party/OpenAMP/shmem.d" -MT"Middlewares/Third_Party/OpenAMP/shmem.o" --specs=nano.specs -mfpu=fpv4-sp-d16 -mfloat-abi=hard -mthumb -o "Middlewares/Third_Party/OpenAMP/shmem.o"
arm-none-eabi-gcc "C:/Users/derko/STM32Cube/Repository/STM32Cube_FW_MP1_V1.7.0/Middlewares/Third_Party/OpenAMP/libmetal/lib/system/generic/template/sys.c" -mcpu=cortex-m4 -std=gnu11 -g3 -DDEBUG -DCORE_CM4 -DNO_ATOMIC_64_SUPPORT -DMETAL_INTERNAL -DMETAL_MAX_DEVICE_REGIONS=2 -DVIRTIO_SLAVE_ONLY -DUSE_HAL_DRIVER -DSTM32MP157Dxx -c -I../OPENAMP -I../Core/Inc -IC:/Users/derko/STM32Cube/Repository/STM32Cube_FW_MP1_V1.7.0/Middlewares/Third_Party/OpenAMP/open-amp/lib/include -IC:/Users/derko/STM32Cube/Repository/STM32Cube_FW_MP1_V1.7.0/Middlewares/Third_Party/OpenAMP/libmetal/lib/include -IC:/Users/derko/STM32Cube/Repository/STM32Cube_FW_MP1_V1.7.0/Drivers/STM32MP1xx_HAL_Driver/Inc -IC:/Users/derko/STM32Cube/Repository/STM32Cube_FW_MP1_V1.7.0/Drivers/STM32MP1xx_HAL_Driver/Inc/Legacy -IC:/Users/derko/STM32Cube/Repository/STM32Cube_FW_MP1_V1.7.0/Drivers/CMSIS/Device/ST/STM32MP1xx/Include -IC:/Users/derko/STM32Cube/Repository/STM32Cube_FW_MP1_V1.7.0/Middlewares/Third_Party/OpenAMP/virtual_driver -IC:/Users/derko/STM32Cube/Repository/STM32Cube_FW_MP1_V1.7.0/Drivers/CMSIS/Include -O0 -ffunction-sections -fdata-sections -Wall -fstack-usage -fcyclomatic-complexity -MMD -MP -MF"Middlewares/Third_Party/OpenAMP/sys.d" -MT"Middlewares/Third_Party/OpenAMP/sys.o" --specs=nano.specs -mfpu=fpv4-sp-d16 -mfloat-abi=hard -mthumb -o "Middlewares/Third_Party/OpenAMP/sys.o"
arm-none-eabi-gcc "C:/Users/derko/STM32Cube/Repository/STM32Cube_FW_MP1_V1.7.0/Middlewares/Third_Party/OpenAMP/libmetal/lib/system/generic/time.c" -mcpu=cortex-m4 -std=gnu11 -g3 -DDEBUG -DCORE_CM4 -DNO_ATOMIC_64_SUPPORT -DMETAL_INTERNAL -DMETAL_MAX_DEVICE_REGIONS=2 -DVIRTIO_SLAVE_ONLY -DUSE_HAL_DRIVER -DSTM32MP157Dxx -c -I../OPENAMP -I../Core/Inc -IC:/Users/derko/STM32Cube/Repository/STM32Cube_FW_MP1_V1.7.0/Middlewares/Third_Party/OpenAMP/open-amp/lib/include -IC:/Users/derko/STM32Cube/Repository/STM32Cube_FW_MP1_V1.7.0/Middlewares/Third_Party/OpenAMP/libmetal/lib/include -IC:/Users/derko/STM32Cube/Repository/STM32Cube_FW_MP1_V1.7.0/Drivers/STM32MP1xx_HAL_Driver/Inc -IC:/Users/derko/STM32Cube/Repository/STM32Cube_FW_MP1_V1.7.0/Drivers/STM32MP1xx_HAL_Driver/Inc/Legacy -IC:/Users/derko/STM32Cube/Repository/STM32Cube_FW_MP1_V1.7.0/Drivers/CMSIS/Device/ST/STM32MP1xx/Include -IC:/Users/derko/STM32Cube/Repository/STM32Cube_FW_MP1_V1.7.0/Middlewares/Third_Party/OpenAMP/virtual_driver -IC:/Users/derko/STM32Cube/Repository/STM32Cube_FW_MP1_V1.7.0/Drivers/CMSIS/Include -O0 -ffunction-sections -fdata-sections -Wall -fstack-usage -fcyclomatic-complexity -MMD -MP -MF"Middlewares/Third_Party/OpenAMP/time.d" -MT"Middlewares/Third_Party/OpenAMP/time.o" --specs=nano.specs -mfpu=fpv4-sp-d16 -mfloat-abi=hard -mthumb -o "Middlewares/Third_Party/OpenAMP/time.o"
arm-none-eabi-gcc "C:/Users/derko/STM32Cube/Repository/STM32Cube_FW_MP1_V1.7.0/Middlewares/Third_Party/OpenAMP/virtual_driver/virt_uart.c" -mcpu=cortex-m4 -std=gnu11 -g3 -DDEBUG -DCORE_CM4 -DNO_ATOMIC_64_SUPPORT -DMETAL_INTERNAL -DMETAL_MAX_DEVICE_REGIONS=2 -DVIRTIO_SLAVE_ONLY -DUSE_HAL_DRIVER -DSTM32MP157Dxx -c -I../OPENAMP -I../Core/Inc -IC:/Users/derko/STM32Cube/Repository/STM32Cube_FW_MP1_V1.7.0/Middlewares/Third_Party/OpenAMP/open-amp/lib/include -IC:/Users/derko/STM32Cube/Repository/STM32Cube_FW_MP1_V1.7.0/Middlewares/Third_Party/OpenAMP/libmetal/lib/include -IC:/Users/derko/STM32Cube/Repository/STM32Cube_FW_MP1_V1.7.0/Drivers/STM32MP1xx_HAL_Driver/Inc -IC:/Users/derko/STM32Cube/Repository/STM32Cube_FW_MP1_V1.7.0/Drivers/STM32MP1xx_HAL_Driver/Inc/Legacy -IC:/Users/derko/STM32Cube/Repository/STM32Cube_FW_MP1_V1.7.0/Drivers/CMSIS/Device/ST/STM32MP1xx/Include -IC:/Users/derko/STM32Cube/Repository/STM32Cube_FW_MP1_V1.7.0/Middlewares/Third_Party/OpenAMP/virtual_driver -IC:/Users/derko/STM32Cube/Repository/STM32Cube_FW_MP1_V1.7.0/Drivers/CMSIS/Include -O0 -ffunction-sections -fdata-sections -Wall -fstack-usage -fcyclomatic-complexity -MMD -MP -MF"Middlewares/Third_Party/OpenAMP/virt_uart.d" -MT"Middlewares/Third_Party/OpenAMP/virt_uart.o" --specs=nano.specs -mfpu=fpv4-sp-d16 -mfloat-abi=hard -mthumb -o "Middlewares/Third_Party/OpenAMP/virt_uart.o"
arm-none-eabi-gcc "C:/Users/derko/STM32Cube/Repository/STM32Cube_FW_MP1_V1.7.0/Middlewares/Third_Party/OpenAMP/open-amp/lib/virtio/virtio.c" -mcpu=cortex-m4 -std=gnu11 -g3 -DDEBUG -DCORE_CM4 -DNO_ATOMIC_64_SUPPORT -DMETAL_INTERNAL -DMETAL_MAX_DEVICE_REGIONS=2 -DVIRTIO_SLAVE_ONLY -DUSE_HAL_DRIVER -DSTM32MP157Dxx -c -I../OPENAMP -I../Core/Inc -IC:/Users/derko/STM32Cube/Repository/STM32Cube_FW_MP1_V1.7.0/Middlewares/Third_Party/OpenAMP/open-amp/lib/include -IC:/Users/derko/STM32Cube/Repository/STM32Cube_FW_MP1_V1.7.0/Middlewares/Third_Party/OpenAMP/libmetal/lib/include -IC:/Users/derko/STM32Cube/Repository/STM32Cube_FW_MP1_V1.7.0/Drivers/STM32MP1xx_HAL_Driver/Inc -IC:/Users/derko/STM32Cube/Repository/STM32Cube_FW_MP1_V1.7.0/Drivers/STM32MP1xx_HAL_Driver/Inc/Legacy -IC:/Users/derko/STM32Cube/Repository/STM32Cube_FW_MP1_V1.7.0/Drivers/CMSIS/Device/ST/STM32MP1xx/Include -IC:/Users/derko/STM32Cube/Repository/STM32Cube_FW_MP1_V1.7.0/Middlewares/Third_Party/OpenAMP/virtual_driver -IC:/Users/derko/STM32Cube/Repository/STM32Cube_FW_MP1_V1.7.0/Drivers/CMSIS/Include -O0 -ffunction-sections -fdata-sections -Wall -fstack-usage -fcyclomatic-complexity -MMD -MP -MF"Middlewares/Third_Party/OpenAMP/virtio.d" -MT"Middlewares/Third_Party/OpenAMP/virtio.o" --specs=nano.specs -mfpu=fpv4-sp-d16 -mfloat-abi=hard -mthumb -o "Middlewares/Third_Party/OpenAMP/virtio.o"
arm-none-eabi-gcc "C:/Users/derko/STM32Cube/Repository/STM32Cube_FW_MP1_V1.7.0/Middlewares/Third_Party/OpenAMP/open-amp/lib/virtio/virtqueue.c" -mcpu=cortex-m4 -std=gnu11 -g3 -DDEBUG -DCORE_CM4 -DNO_ATOMIC_64_SUPPORT -DMETAL_INTERNAL -DMETAL_MAX_DEVICE_REGIONS=2 -DVIRTIO_SLAVE_ONLY -DUSE_HAL_DRIVER -DSTM32MP157Dxx -c -I../OPENAMP -I../Core/Inc -IC:/Users/derko/STM32Cube/Repository/STM32Cube_FW_MP1_V1.7.0/Middlewares/Third_Party/OpenAMP/open-amp/lib/include -IC:/Users/derko/STM32Cube/Repository/STM32Cube_FW_MP1_V1.7.0/Middlewares/Third_Party/OpenAMP/libmetal/lib/include -IC:/Users/derko/STM32Cube/Repository/STM32Cube_FW_MP1_V1.7.0/Drivers/STM32MP1xx_HAL_Driver/Inc -IC:/Users/derko/STM32Cube/Repository/STM32Cube_FW_MP1_V1.7.0/Drivers/STM32MP1xx_HAL_Driver/Inc/Legacy -IC:/Users/derko/STM32Cube/Repository/STM32Cube_FW_MP1_V1.7.0/Drivers/CMSIS/Device/ST/STM32MP1xx/Include -IC:/Users/derko/STM32Cube/Repository/STM32Cube_FW_MP1_V1.7.0/Middlewares/Third_Party/OpenAMP/virtual_driver -IC:/Users/derko/STM32Cube/Repository/STM32Cube_FW_MP1_V1.7.0/Drivers/CMSIS/Include -O0 -ffunction-sections -fdata-sections -Wall -fstack-usage -fcyclomatic-complexity -MMD -MP -MF"Middlewares/Third_Party/OpenAMP/virtqueue.d" -MT"Middlewares/Third_Party/OpenAMP/virtqueue.o" --specs=nano.specs -mfpu=fpv4-sp-d16 -mfloat-abi=hard -mthumb -o "Middlewares/Third_Party/OpenAMP/virtqueue.o"
arm-none-eabi-gcc "C:/Users/derko/STM32Cube/Repository/STM32Cube_FW_MP1_V1.7.0/Drivers/STM32MP1xx_HAL_Driver/Src/stm32mp1xx_hal.c" -mcpu=cortex-m4 -std=gnu11 -g3 -DDEBUG -DCORE_CM4 -DNO_ATOMIC_64_SUPPORT -DMETAL_INTERNAL -DMETAL_MAX_DEVICE_REGIONS=2 -DVIRTIO_SLAVE_ONLY -DUSE_HAL_DRIVER -DSTM32MP157Dxx -c -I../OPENAMP -I../Core/Inc -IC:/Users/derko/STM32Cube/Repository/STM32Cube_FW_MP1_V1.7.0/Middlewares/Third_Party/OpenAMP/open-amp/lib/include -IC:/Users/derko/STM32Cube/Repository/STM32Cube_FW_MP1_V1.7.0/Middlewares/Third_Party/OpenAMP/libmetal/lib/include -IC:/Users/derko/STM32Cube/Repository/STM32Cube_FW_MP1_V1.7.0/Drivers/STM32MP1xx_HAL_Driver/Inc -IC:/Users/derko/STM32Cube/Repository/STM32Cube_FW_MP1_V1.7.0/Drivers/STM32MP1xx_HAL_Driver/Inc/Legacy -IC:/Users/derko/STM32Cube/Repository/STM32Cube_FW_MP1_V1.7.0/Drivers/CMSIS/Device/ST/STM32MP1xx/Include -IC:/Users/derko/STM32Cube/Repository/STM32Cube_FW_MP1_V1.7.0/Middlewares/Third_Party/OpenAMP/virtual_driver -IC:/Users/derko/STM32Cube/Repository/STM32Cube_FW_MP1_V1.7.0/Drivers/CMSIS/Include -O0 -ffunction-sections -fdata-sections -Wall -fstack-usage -fcyclomatic-complexity -MMD -MP -MF"Drivers/STM32MP1xx_HAL_Driver/stm32mp1xx_hal.d" -MT"Drivers/STM32MP1xx_HAL_Driver/stm32mp1xx_hal.o" --specs=nano.specs -mfpu=fpv4-sp-d16 -mfloat-abi=hard -mthumb -o "Drivers/STM32MP1xx_HAL_Driver/stm32mp1xx_hal.o"
arm-none-eabi-gcc "C:/Users/derko/STM32Cube/Repository/STM32Cube_FW_MP1_V1.7.0/Drivers/STM32MP1xx_HAL_Driver/Src/stm32mp1xx_hal_cortex.c" -mcpu=cortex-m4 -std=gnu11 -g3 -DDEBUG -DCORE_CM4 -DNO_ATOMIC_64_SUPPORT -DMETAL_INTERNAL -DMETAL_MAX_DEVICE_REGIONS=2 -DVIRTIO_SLAVE_ONLY -DUSE_HAL_DRIVER -DSTM32MP157Dxx -c -I../OPENAMP -I../Core/Inc -IC:/Users/derko/STM32Cube/Repository/STM32Cube_FW_MP1_V1.7.0/Middlewares/Third_Party/OpenAMP/open-amp/lib/include -IC:/Users/derko/STM32Cube/Repository/STM32Cube_FW_MP1_V1.7.0/Middlewares/Third_Party/OpenAMP/libmetal/lib/include -IC:/Users/derko/STM32Cube/Repository/STM32Cube_FW_MP1_V1.7.0/Drivers/STM32MP1xx_HAL_Driver/Inc -IC:/Users/derko/STM32Cube/Repository/STM32Cube_FW_MP1_V1.7.0/Drivers/STM32MP1xx_HAL_Driver/Inc/Legacy -IC:/Users/derko/STM32Cube/Repository/STM32Cube_FW_MP1_V1.7.0/Drivers/CMSIS/Device/ST/STM32MP1xx/Include -IC:/Users/derko/STM32Cube/Repository/STM32Cube_FW_MP1_V1.7.0/Middlewares/Third_Party/OpenAMP/virtual_driver -IC:/Users/derko/STM32Cube/Repository/STM32Cube_FW_MP1_V1.7.0/Drivers/CMSIS/Include -O0 -ffunction-sections -fdata-sections -Wall -fstack-usage -fcyclomatic-complexity -MMD -MP -MF"Drivers/STM32MP1xx_HAL_Driver/stm32mp1xx_hal_cortex.d" -MT"Drivers/STM32MP1xx_HAL_Driver/stm32mp1xx_hal_cortex.o" --specs=nano.specs -mfpu=fpv4-sp-d16 -mfloat-abi=hard -mthumb -o "Drivers/STM32MP1xx_HAL_Driver/stm32mp1xx_hal_cortex.o"
arm-none-eabi-gcc "C:/Users/derko/STM32Cube/Repository/STM32Cube_FW_MP1_V1.7.0/Drivers/STM32MP1xx_HAL_Driver/Src/stm32mp1xx_hal_dma.c" -mcpu=cortex-m4 -std=gnu11 -g3 -DDEBUG -DCORE_CM4 -DNO_ATOMIC_64_SUPPORT -DMETAL_INTERNAL -DMETAL_MAX_DEVICE_REGIONS=2 -DVIRTIO_SLAVE_ONLY -DUSE_HAL_DRIVER -DSTM32MP157Dxx -c -I../OPENAMP -I../Core/Inc -IC:/Users/derko/STM32Cube/Repository/STM32Cube_FW_MP1_V1.7.0/Middlewares/Third_Party/OpenAMP/open-amp/lib/include -IC:/Users/derko/STM32Cube/Repository/STM32Cube_FW_MP1_V1.7.0/Middlewares/Third_Party/OpenAMP/libmetal/lib/include -IC:/Users/derko/STM32Cube/Repository/STM32Cube_FW_MP1_V1.7.0/Drivers/STM32MP1xx_HAL_Driver/Inc -IC:/Users/derko/STM32Cube/Repository/STM32Cube_FW_MP1_V1.7.0/Drivers/STM32MP1xx_HAL_Driver/Inc/Legacy -IC:/Users/derko/STM32Cube/Repository/STM32Cube_FW_MP1_V1.7.0/Drivers/CMSIS/Device/ST/STM32MP1xx/Include -IC:/Users/derko/STM32Cube/Repository/STM32Cube_FW_MP1_V1.7.0/Middlewares/Third_Party/OpenAMP/virtual_driver -IC:/Users/derko/STM32Cube/Repository/STM32Cube_FW_MP1_V1.7.0/Drivers/CMSIS/Include -O0 -ffunction-sections -fdata-sections -Wall -fstack-usage -fcyclomatic-complexity -MMD -MP -MF"Drivers/STM32MP1xx_HAL_Driver/stm32mp1xx_hal_dma.d" -MT"Drivers/STM32MP1xx_HAL_Driver/stm32mp1xx_hal_dma.o" --specs=nano.specs -mfpu=fpv4-sp-d16 -mfloat-abi=hard -mthumb -o "Drivers/STM32MP1xx_HAL_Driver/stm32mp1xx_hal_dma.o"
arm-none-eabi-gcc "C:/Users/derko/STM32Cube/Repository/STM32Cube_FW_MP1_V1.7.0/Drivers/STM32MP1xx_HAL_Driver/Src/stm32mp1xx_hal_dma_ex.c" -mcpu=cortex-m4 -std=gnu11 -g3 -DDEBUG -DCORE_CM4 -DNO_ATOMIC_64_SUPPORT -DMETAL_INTERNAL -DMETAL_MAX_DEVICE_REGIONS=2 -DVIRTIO_SLAVE_ONLY -DUSE_HAL_DRIVER -DSTM32MP157Dxx -c -I../OPENAMP -I../Core/Inc -IC:/Users/derko/STM32Cube/Repository/STM32Cube_FW_MP1_V1.7.0/Middlewares/Third_Party/OpenAMP/open-amp/lib/include -IC:/Users/derko/STM32Cube/Repository/STM32Cube_FW_MP1_V1.7.0/Middlewares/Third_Party/OpenAMP/libmetal/lib/include -IC:/Users/derko/STM32Cube/Repository/STM32Cube_FW_MP1_V1.7.0/Drivers/STM32MP1xx_HAL_Driver/Inc -IC:/Users/derko/STM32Cube/Repository/STM32Cube_FW_MP1_V1.7.0/Drivers/STM32MP1xx_HAL_Driver/Inc/Legacy -IC:/Users/derko/STM32Cube/Repository/STM32Cube_FW_MP1_V1.7.0/Drivers/CMSIS/Device/ST/STM32MP1xx/Include -IC:/Users/derko/STM32Cube/Repository/STM32Cube_FW_MP1_V1.7.0/Middlewares/Third_Party/OpenAMP/virtual_driver -IC:/Users/derko/STM32Cube/Repository/STM32Cube_FW_MP1_V1.7.0/Drivers/CMSIS/Include -O0 -ffunction-sections -fdata-sections -Wall -fstack-usage -fcyclomatic-complexity -MMD -MP -MF"Drivers/STM32MP1xx_HAL_Driver/stm32mp1xx_hal_dma_ex.d" -MT"Drivers/STM32MP1xx_HAL_Driver/stm32mp1xx_hal_dma_ex.o" --specs=nano.specs -mfpu=fpv4-sp-d16 -mfloat-abi=hard -mthumb -o "Drivers/STM32MP1xx_HAL_Driver/stm32mp1xx_hal_dma_ex.o"
arm-none-eabi-gcc "C:/Users/derko/STM32Cube/Repository/STM32Cube_FW_MP1_V1.7.0/Drivers/STM32MP1xx_HAL_Driver/Src/stm32mp1xx_hal_exti.c" -mcpu=cortex-m4 -std=gnu11 -g3 -DDEBUG -DCORE_CM4 -DNO_ATOMIC_64_SUPPORT -DMETAL_INTERNAL -DMETAL_MAX_DEVICE_REGIONS=2 -DVIRTIO_SLAVE_ONLY -DUSE_HAL_DRIVER -DSTM32MP157Dxx -c -I../OPENAMP -I../Core/Inc -IC:/Users/derko/STM32Cube/Repository/STM32Cube_FW_MP1_V1.7.0/Middlewares/Third_Party/OpenAMP/open-amp/lib/include -IC:/Users/derko/STM32Cube/Repository/STM32Cube_FW_MP1_V1.7.0/Middlewares/Third_Party/OpenAMP/libmetal/lib/include -IC:/Users/derko/STM32Cube/Repository/STM32Cube_FW_MP1_V1.7.0/Drivers/STM32MP1xx_HAL_Driver/Inc -IC:/Users/derko/STM32Cube/Repository/STM32Cube_FW_MP1_V1.7.0/Drivers/STM32MP1xx_HAL_Driver/Inc/Legacy -IC:/Users/derko/STM32Cube/Repository/STM32Cube_FW_MP1_V1.7.0/Drivers/CMSIS/Device/ST/STM32MP1xx/Include -IC:/Users/derko/STM32Cube/Repository/STM32Cube_FW_MP1_V1.7.0/Middlewares/Third_Party/OpenAMP/virtual_driver -IC:/Users/derko/STM32Cube/Repository/STM32Cube_FW_MP1_V1.7.0/Drivers/CMSIS/Include -O0 -ffunction-sections -fdata-sections -Wall -fstack-usage -fcyclomatic-complexity -MMD -MP -MF"Drivers/STM32MP1xx_HAL_Driver/stm32mp1xx_hal_exti.d" -MT"Drivers/STM32MP1xx_HAL_Driver/stm32mp1xx_hal_exti.o" --specs=nano.specs -mfpu=fpv4-sp-d16 -mfloat-abi=hard -mthumb -o "Drivers/STM32MP1xx_HAL_Driver/stm32mp1xx_hal_exti.o"
arm-none-eabi-gcc "C:/Users/derko/STM32Cube/Repository/STM32Cube_FW_MP1_V1.7.0/Drivers/STM32MP1xx_HAL_Driver/Src/stm32mp1xx_hal_gpio.c" -mcpu=cortex-m4 -std=gnu11 -g3 -DDEBUG -DCORE_CM4 -DNO_ATOMIC_64_SUPPORT -DMETAL_INTERNAL -DMETAL_MAX_DEVICE_REGIONS=2 -DVIRTIO_SLAVE_ONLY -DUSE_HAL_DRIVER -DSTM32MP157Dxx -c -I../OPENAMP -I../Core/Inc -IC:/Users/derko/STM32Cube/Repository/STM32Cube_FW_MP1_V1.7.0/Middlewares/Third_Party/OpenAMP/open-amp/lib/include -IC:/Users/derko/STM32Cube/Repository/STM32Cube_FW_MP1_V1.7.0/Middlewares/Third_Party/OpenAMP/libmetal/lib/include -IC:/Users/derko/STM32Cube/Repository/STM32Cube_FW_MP1_V1.7.0/Drivers/STM32MP1xx_HAL_Driver/Inc -IC:/Users/derko/STM32Cube/Repository/STM32Cube_FW_MP1_V1.7.0/Drivers/STM32MP1xx_HAL_Driver/Inc/Legacy -IC:/Users/derko/STM32Cube/Repository/STM32Cube_FW_MP1_V1.7.0/Drivers/CMSIS/Device/ST/STM32MP1xx/Include -IC:/Users/derko/STM32Cube/Repository/STM32Cube_FW_MP1_V1.7.0/Middlewares/Third_Party/OpenAMP/virtual_driver -IC:/Users/derko/STM32Cube/Repository/STM32Cube_FW_MP1_V1.7.0/Drivers/CMSIS/Include -O0 -ffunction-sections -fdata-sections -Wall -fstack-usage -fcyclomatic-complexity -MMD -MP -MF"Drivers/STM32MP1xx_HAL_Driver/stm32mp1xx_hal_gpio.d" -MT"Drivers/STM32MP1xx_HAL_Driver/stm32mp1xx_hal_gpio.o" --specs=nano.specs -mfpu=fpv4-sp-d16 -mfloat-abi=hard -mthumb -o "Drivers/STM32MP1xx_HAL_Driver/stm32mp1xx_hal_gpio.o"
arm-none-eabi-gcc "C:/Users/derko/STM32Cube/Repository/STM32Cube_FW_MP1_V1.7.0/Drivers/STM32MP1xx_HAL_Driver/Src/stm32mp1xx_hal_hsem.c" -mcpu=cortex-m4 -std=gnu11 -g3 -DDEBUG -DCORE_CM4 -DNO_ATOMIC_64_SUPPORT -DMETAL_INTERNAL -DMETAL_MAX_DEVICE_REGIONS=2 -DVIRTIO_SLAVE_ONLY -DUSE_HAL_DRIVER -DSTM32MP157Dxx -c -I../OPENAMP -I../Core/Inc -IC:/Users/derko/STM32Cube/Repository/STM32Cube_FW_MP1_V1.7.0/Middlewares/Third_Party/OpenAMP/open-amp/lib/include -IC:/Users/derko/STM32Cube/Repository/STM32Cube_FW_MP1_V1.7.0/Middlewares/Third_Party/OpenAMP/libmetal/lib/include -IC:/Users/derko/STM32Cube/Repository/STM32Cube_FW_MP1_V1.7.0/Drivers/STM32MP1xx_HAL_Driver/Inc -IC:/Users/derko/STM32Cube/Repository/STM32Cube_FW_MP1_V1.7.0/Drivers/STM32MP1xx_HAL_Driver/Inc/Legacy -IC:/Users/derko/STM32Cube/Repository/STM32Cube_FW_MP1_V1.7.0/Drivers/CMSIS/Device/ST/STM32MP1xx/Include -IC:/Users/derko/STM32Cube/Repository/STM32Cube_FW_MP1_V1.7.0/Middlewares/Third_Party/OpenAMP/virtual_driver -IC:/Users/derko/STM32Cube/Repository/STM32Cube_FW_MP1_V1.7.0/Drivers/CMSIS/Include -O0 -ffunction-sections -fdata-sections -Wall -fstack-usage -fcyclomatic-complexity -MMD -MP -MF"Drivers/STM32MP1xx_HAL_Driver/stm32mp1xx_hal_hsem.d" -MT"Drivers/STM32MP1xx_HAL_Driver/stm32mp1xx_hal_hsem.o" --specs=nano.specs -mfpu=fpv4-sp-d16 -mfloat-abi=hard -mthumb -o "Drivers/STM32MP1xx_HAL_Driver/stm32mp1xx_hal_hsem.o"
arm-none-eabi-gcc "C:/Users/derko/STM32Cube/Repository/STM32Cube_FW_MP1_V1.7.0/Drivers/STM32MP1xx_HAL_Driver/Src/stm32mp1xx_hal_ipcc.c" -mcpu=cortex-m4 -std=gnu11 -g3 -DDEBUG -DCORE_CM4 -DNO_ATOMIC_64_SUPPORT -DMETAL_INTERNAL -DMETAL_MAX_DEVICE_REGIONS=2 -DVIRTIO_SLAVE_ONLY -DUSE_HAL_DRIVER -DSTM32MP157Dxx -c -I../OPENAMP -I../Core/Inc -IC:/Users/derko/STM32Cube/Repository/STM32Cube_FW_MP1_V1.7.0/Middlewares/Third_Party/OpenAMP/open-amp/lib/include -IC:/Users/derko/STM32Cube/Repository/STM32Cube_FW_MP1_V1.7.0/Middlewares/Third_Party/OpenAMP/libmetal/lib/include -IC:/Users/derko/STM32Cube/Repository/STM32Cube_FW_MP1_V1.7.0/Drivers/STM32MP1xx_HAL_Driver/Inc -IC:/Users/derko/STM32Cube/Repository/STM32Cube_FW_MP1_V1.7.0/Drivers/STM32MP1xx_HAL_Driver/Inc/Legacy -IC:/Users/derko/STM32Cube/Repository/STM32Cube_FW_MP1_V1.7.0/Drivers/CMSIS/Device/ST/STM32MP1xx/Include -IC:/Users/derko/STM32Cube/Repository/STM32Cube_FW_MP1_V1.7.0/Middlewares/Third_Party/OpenAMP/virtual_driver -IC:/Users/derko/STM32Cube/Repository/STM32Cube_FW_MP1_V1.7.0/Drivers/CMSIS/Include -O0 -ffunction-sections -fdata-sections -Wall -fstack-usage -fcyclomatic-complexity -MMD -MP -MF"Drivers/STM32MP1xx_HAL_Driver/stm32mp1xx_hal_ipcc.d" -MT"Drivers/STM32MP1xx_HAL_Driver/stm32mp1xx_hal_ipcc.o" --specs=nano.specs -mfpu=fpv4-sp-d16 -mfloat-abi=hard -mthumb -o "Drivers/STM32MP1xx_HAL_Driver/stm32mp1xx_hal_ipcc.o"
arm-none-eabi-gcc "C:/Users/derko/STM32Cube/Repository/STM32Cube_FW_MP1_V1.7.0/Drivers/STM32MP1xx_HAL_Driver/Src/stm32mp1xx_hal_mdma.c" -mcpu=cortex-m4 -std=gnu11 -g3 -DDEBUG -DCORE_CM4 -DNO_ATOMIC_64_SUPPORT -DMETAL_INTERNAL -DMETAL_MAX_DEVICE_REGIONS=2 -DVIRTIO_SLAVE_ONLY -DUSE_HAL_DRIVER -DSTM32MP157Dxx -c -I../OPENAMP -I../Core/Inc -IC:/Users/derko/STM32Cube/Repository/STM32Cube_FW_MP1_V1.7.0/Middlewares/Third_Party/OpenAMP/open-amp/lib/include -IC:/Users/derko/STM32Cube/Repository/STM32Cube_FW_MP1_V1.7.0/Middlewares/Third_Party/OpenAMP/libmetal/lib/include -IC:/Users/derko/STM32Cube/Repository/STM32Cube_FW_MP1_V1.7.0/Drivers/STM32MP1xx_HAL_Driver/Inc -IC:/Users/derko/STM32Cube/Repository/STM32Cube_FW_MP1_V1.7.0/Drivers/STM32MP1xx_HAL_Driver/Inc/Legacy -IC:/Users/derko/STM32Cube/Repository/STM32Cube_FW_MP1_V1.7.0/Drivers/CMSIS/Device/ST/STM32MP1xx/Include -IC:/Users/derko/STM32Cube/Repository/STM32Cube_FW_MP1_V1.7.0/Middlewares/Third_Party/OpenAMP/virtual_driver -IC:/Users/derko/STM32Cube/Repository/STM32Cube_FW_MP1_V1.7.0/Drivers/CMSIS/Include -O0 -ffunction-sections -fdata-sections -Wall -fstack-usage -fcyclomatic-complexity -MMD -MP -MF"Drivers/STM32MP1xx_HAL_Driver/stm32mp1xx_hal_mdma.d" -MT"Drivers/STM32MP1xx_HAL_Driver/stm32mp1xx_hal_mdma.o" --specs=nano.specs -mfpu=fpv4-sp-d16 -mfloat-abi=hard -mthumb -o "Drivers/STM32MP1xx_HAL_Driver/stm32mp1xx_hal_mdma.o"
arm-none-eabi-gcc "C:/Users/derko/STM32Cube/Repository/STM32Cube_FW_MP1_V1.7.0/Drivers/STM32MP1xx_HAL_Driver/Src/stm32mp1xx_hal_pwr.c" -mcpu=cortex-m4 -std=gnu11 -g3 -DDEBUG -DCORE_CM4 -DNO_ATOMIC_64_SUPPORT -DMETAL_INTERNAL -DMETAL_MAX_DEVICE_REGIONS=2 -DVIRTIO_SLAVE_ONLY -DUSE_HAL_DRIVER -DSTM32MP157Dxx -c -I../OPENAMP -I../Core/Inc -IC:/Users/derko/STM32Cube/Repository/STM32Cube_FW_MP1_V1.7.0/Middlewares/Third_Party/OpenAMP/open-amp/lib/include -IC:/Users/derko/STM32Cube/Repository/STM32Cube_FW_MP1_V1.7.0/Middlewares/Third_Party/OpenAMP/libmetal/lib/include -IC:/Users/derko/STM32Cube/Repository/STM32Cube_FW_MP1_V1.7.0/Drivers/STM32MP1xx_HAL_Driver/Inc -IC:/Users/derko/STM32Cube/Repository/STM32Cube_FW_MP1_V1.7.0/Drivers/STM32MP1xx_HAL_Driver/Inc/Legacy -IC:/Users/derko/STM32Cube/Repository/STM32Cube_FW_MP1_V1.7.0/Drivers/CMSIS/Device/ST/STM32MP1xx/Include -IC:/Users/derko/STM32Cube/Repository/STM32Cube_FW_MP1_V1.7.0/Middlewares/Third_Party/OpenAMP/virtual_driver -IC:/Users/derko/STM32Cube/Repository/STM32Cube_FW_MP1_V1.7.0/Drivers/CMSIS/Include -O0 -ffunction-sections -fdata-sections -Wall -fstack-usage -fcyclomatic-complexity -MMD -MP -MF"Drivers/STM32MP1xx_HAL_Driver/stm32mp1xx_hal_pwr.d" -MT"Drivers/STM32MP1xx_HAL_Driver/stm32mp1xx_hal_pwr.o" --specs=nano.specs -mfpu=fpv4-sp-d16 -mfloat-abi=hard -mthumb -o "Drivers/STM32MP1xx_HAL_Driver/stm32mp1xx_hal_pwr.o"
arm-none-eabi-gcc "C:/Users/derko/STM32Cube/Repository/STM32Cube_FW_MP1_V1.7.0/Drivers/STM32MP1xx_HAL_Driver/Src/stm32mp1xx_hal_pwr_ex.c" -mcpu=cortex-m4 -std=gnu11 -g3 -DDEBUG -DCORE_CM4 -DNO_ATOMIC_64_SUPPORT -DMETAL_INTERNAL -DMETAL_MAX_DEVICE_REGIONS=2 -DVIRTIO_SLAVE_ONLY -DUSE_HAL_DRIVER -DSTM32MP157Dxx -c -I../OPENAMP -I../Core/Inc -IC:/Users/derko/STM32Cube/Repository/STM32Cube_FW_MP1_V1.7.0/Middlewares/Third_Party/OpenAMP/open-amp/lib/include -IC:/Users/derko/STM32Cube/Repository/STM32Cube_FW_MP1_V1.7.0/Middlewares/Third_Party/OpenAMP/libmetal/lib/include -IC:/Users/derko/STM32Cube/Repository/STM32Cube_FW_MP1_V1.7.0/Drivers/STM32MP1xx_HAL_Driver/Inc -IC:/Users/derko/STM32Cube/Repository/STM32Cube_FW_MP1_V1.7.0/Drivers/STM32MP1xx_HAL_Driver/Inc/Legacy -IC:/Users/derko/STM32Cube/Repository/STM32Cube_FW_MP1_V1.7.0/Drivers/CMSIS/Device/ST/STM32MP1xx/Include -IC:/Users/derko/STM32Cube/Repository/STM32Cube_FW_MP1_V1.7.0/Middlewares/Third_Party/OpenAMP/virtual_driver -IC:/Users/derko/STM32Cube/Repository/STM32Cube_FW_MP1_V1.7.0/Drivers/CMSIS/Include -O0 -ffunction-sections -fdata-sections -Wall -fstack-usage -fcyclomatic-complexity -MMD -MP -MF"Drivers/STM32MP1xx_HAL_Driver/stm32mp1xx_hal_pwr_ex.d" -MT"Drivers/STM32MP1xx_HAL_Driver/stm32mp1xx_hal_pwr_ex.o" --specs=nano.specs -mfpu=fpv4-sp-d16 -mfloat-abi=hard -mthumb -o "Drivers/STM32MP1xx_HAL_Driver/stm32mp1xx_hal_pwr_ex.o"
arm-none-eabi-gcc "C:/Users/derko/STM32Cube/Repository/STM32Cube_FW_MP1_V1.7.0/Drivers/STM32MP1xx_HAL_Driver/Src/stm32mp1xx_hal_rcc.c" -mcpu=cortex-m4 -std=gnu11 -g3 -DDEBUG -DCORE_CM4 -DNO_ATOMIC_64_SUPPORT -DMETAL_INTERNAL -DMETAL_MAX_DEVICE_REGIONS=2 -DVIRTIO_SLAVE_ONLY -DUSE_HAL_DRIVER -DSTM32MP157Dxx -c -I../OPENAMP -I../Core/Inc -IC:/Users/derko/STM32Cube/Repository/STM32Cube_FW_MP1_V1.7.0/Middlewares/Third_Party/OpenAMP/open-amp/lib/include -IC:/Users/derko/STM32Cube/Repository/STM32Cube_FW_MP1_V1.7.0/Middlewares/Third_Party/OpenAMP/libmetal/lib/include -IC:/Users/derko/STM32Cube/Repository/STM32Cube_FW_MP1_V1.7.0/Drivers/STM32MP1xx_HAL_Driver/Inc -IC:/Users/derko/STM32Cube/Repository/STM32Cube_FW_MP1_V1.7.0/Drivers/STM32MP1xx_HAL_Driver/Inc/Legacy -IC:/Users/derko/STM32Cube/Repository/STM32Cube_FW_MP1_V1.7.0/Drivers/CMSIS/Device/ST/STM32MP1xx/Include -IC:/Users/derko/STM32Cube/Repository/STM32Cube_FW_MP1_V1.7.0/Middlewares/Third_Party/OpenAMP/virtual_driver -IC:/Users/derko/STM32Cube/Repository/STM32Cube_FW_MP1_V1.7.0/Drivers/CMSIS/Include -O0 -ffunction-sections -fdata-sections -Wall -fstack-usage -fcyclomatic-complexity -MMD -MP -MF"Drivers/STM32MP1xx_HAL_Driver/stm32mp1xx_hal_rcc.d" -MT"Drivers/STM32MP1xx_HAL_Driver/stm32mp1xx_hal_rcc.o" --specs=nano.specs -mfpu=fpv4-sp-d16 -mfloat-abi=hard -mthumb -o "Drivers/STM32MP1xx_HAL_Driver/stm32mp1xx_hal_rcc.o"
arm-none-eabi-gcc "C:/Users/derko/STM32Cube/Repository/STM32Cube_FW_MP1_V1.7.0/Drivers/STM32MP1xx_HAL_Driver/Src/stm32mp1xx_hal_rcc_ex.c" -mcpu=cortex-m4 -std=gnu11 -g3 -DDEBUG -DCORE_CM4 -DNO_ATOMIC_64_SUPPORT -DMETAL_INTERNAL -DMETAL_MAX_DEVICE_REGIONS=2 -DVIRTIO_SLAVE_ONLY -DUSE_HAL_DRIVER -DSTM32MP157Dxx -c -I../OPENAMP -I../Core/Inc -IC:/Users/derko/STM32Cube/Repository/STM32Cube_FW_MP1_V1.7.0/Middlewares/Third_Party/OpenAMP/open-amp/lib/include -IC:/Users/derko/STM32Cube/Repository/STM32Cube_FW_MP1_V1.7.0/Middlewares/Third_Party/OpenAMP/libmetal/lib/include -IC:/Users/derko/STM32Cube/Repository/STM32Cube_FW_MP1_V1.7.0/Drivers/STM32MP1xx_HAL_Driver/Inc -IC:/Users/derko/STM32Cube/Repository/STM32Cube_FW_MP1_V1.7.0/Drivers/STM32MP1xx_HAL_Driver/Inc/Legacy -IC:/Users/derko/STM32Cube/Repository/STM32Cube_FW_MP1_V1.7.0/Drivers/CMSIS/Device/ST/STM32MP1xx/Include -IC:/Users/derko/STM32Cube/Repository/STM32Cube_FW_MP1_V1.7.0/Middlewares/Third_Party/OpenAMP/virtual_driver -IC:/Users/derko/STM32Cube/Repository/STM32Cube_FW_MP1_V1.7.0/Drivers/CMSIS/Include -O0 -ffunction-sections -fdata-sections -Wall -fstack-usage -fcyclomatic-complexity -MMD -MP -MF"Drivers/STM32MP1xx_HAL_Driver/stm32mp1xx_hal_rcc_ex.d" -MT"Drivers/STM32MP1xx_HAL_Driver/stm32mp1xx_hal_rcc_ex.o" --specs=nano.specs -mfpu=fpv4-sp-d16 -mfloat-abi=hard -mthumb -o "Drivers/STM32MP1xx_HAL_Driver/stm32mp1xx_hal_rcc_ex.o"
arm-none-eabi-gcc "C:/Users/derko/STM32Cube/Repository/STM32Cube_FW_MP1_V1.7.0/Drivers/STM32MP1xx_HAL_Driver/Src/stm32mp1xx_hal_spi.c" -mcpu=cortex-m4 -std=gnu11 -g3 -DDEBUG -DCORE_CM4 -DNO_ATOMIC_64_SUPPORT -DMETAL_INTERNAL -DMETAL_MAX_DEVICE_REGIONS=2 -DVIRTIO_SLAVE_ONLY -DUSE_HAL_DRIVER -DSTM32MP157Dxx -c -I../OPENAMP -I../Core/Inc -IC:/Users/derko/STM32Cube/Repository/STM32Cube_FW_MP1_V1.7.0/Middlewares/Third_Party/OpenAMP/open-amp/lib/include -IC:/Users/derko/STM32Cube/Repository/STM32Cube_FW_MP1_V1.7.0/Middlewares/Third_Party/OpenAMP/libmetal/lib/include -IC:/Users/derko/STM32Cube/Repository/STM32Cube_FW_MP1_V1.7.0/Drivers/STM32MP1xx_HAL_Driver/Inc -IC:/Users/derko/STM32Cube/Repository/STM32Cube_FW_MP1_V1.7.0/Drivers/STM32MP1xx_HAL_Driver/Inc/Legacy -IC:/Users/derko/STM32Cube/Repository/STM32Cube_FW_MP1_V1.7.0/Drivers/CMSIS/Device/ST/STM32MP1xx/Include -IC:/Users/derko/STM32Cube/Repository/STM32Cube_FW_MP1_V1.7.0/Middlewares/Third_Party/OpenAMP/virtual_driver -IC:/Users/derko/STM32Cube/Repository/STM32Cube_FW_MP1_V1.7.0/Drivers/CMSIS/Include -O0 -ffunction-sections -fdata-sections -Wall -fstack-usage -fcyclomatic-complexity -MMD -MP -MF"Drivers/STM32MP1xx_HAL_Driver/stm32mp1xx_hal_spi.d" -MT"Drivers/STM32MP1xx_HAL_Driver/stm32mp1xx_hal_spi.o" --specs=nano.specs -mfpu=fpv4-sp-d16 -mfloat-abi=hard -mthumb -o "Drivers/STM32MP1xx_HAL_Driver/stm32mp1xx_hal_spi.o"
arm-none-eabi-gcc "C:/Users/derko/STM32Cube/Repository/STM32Cube_FW_MP1_V1.7.0/Drivers/STM32MP1xx_HAL_Driver/Src/stm32mp1xx_hal_spi_ex.c" -mcpu=cortex-m4 -std=gnu11 -g3 -DDEBUG -DCORE_CM4 -DNO_ATOMIC_64_SUPPORT -DMETAL_INTERNAL -DMETAL_MAX_DEVICE_REGIONS=2 -DVIRTIO_SLAVE_ONLY -DUSE_HAL_DRIVER -DSTM32MP157Dxx -c -I../OPENAMP -I../Core/Inc -IC:/Users/derko/STM32Cube/Repository/STM32Cube_FW_MP1_V1.7.0/Middlewares/Third_Party/OpenAMP/open-amp/lib/include -IC:/Users/derko/STM32Cube/Repository/STM32Cube_FW_MP1_V1.7.0/Middlewares/Third_Party/OpenAMP/libmetal/lib/include -IC:/Users/derko/STM32Cube/Repository/STM32Cube_FW_MP1_V1.7.0/Drivers/STM32MP1xx_HAL_Driver/Inc -IC:/Users/derko/STM32Cube/Repository/STM32Cube_FW_MP1_V1.7.0/Drivers/STM32MP1xx_HAL_Driver/Inc/Legacy -IC:/Users/derko/STM32Cube/Repository/STM32Cube_FW_MP1_V1.7.0/Drivers/CMSIS/Device/ST/STM32MP1xx/Include -IC:/Users/derko/STM32Cube/Repository/STM32Cube_FW_MP1_V1.7.0/Middlewares/Third_Party/OpenAMP/virtual_driver -IC:/Users/derko/STM32Cube/Repository/STM32Cube_FW_MP1_V1.7.0/Drivers/CMSIS/Include -O0 -ffunction-sections -fdata-sections -Wall -fstack-usage -fcyclomatic-complexity -MMD -MP -MF"Drivers/STM32MP1xx_HAL_Driver/stm32mp1xx_hal_spi_ex.d" -MT"Drivers/STM32MP1xx_HAL_Driver/stm32mp1xx_hal_spi_ex.o" --specs=nano.specs -mfpu=fpv4-sp-d16 -mfloat-abi=hard -mthumb -o "Drivers/STM32MP1xx_HAL_Driver/stm32mp1xx_hal_spi_ex.o"
arm-none-eabi-gcc -mcpu=cortex-m4 -g3 -DDEBUG -c -x assembler-with-cpp -MMD -MP -MF"Core/Startup/startup_stm32mp157dacx.d" -MT"Core/Startup/startup_stm32mp157dacx.o" --specs=nano.specs -mfpu=fpv4-sp-d16 -mfloat-abi=hard -mthumb -o "Core/Startup/startup_stm32mp157dacx.o" "../Core/Startup/startup_stm32mp157dacx.s"
arm-none-eabi-gcc "../Core/Src/main.c" -mcpu=cortex-m4 -std=gnu11 -g3 -DDEBUG -DCORE_CM4 -DNO_ATOMIC_64_SUPPORT -DMETAL_INTERNAL -DMETAL_MAX_DEVICE_REGIONS=2 -DVIRTIO_SLAVE_ONLY -DUSE_HAL_DRIVER -DSTM32MP157Dxx -c -I../OPENAMP -I../Core/Inc -IC:/Users/derko/STM32Cube/Repository/STM32Cube_FW_MP1_V1.7.0/Middlewares/Third_Party/OpenAMP/open-amp/lib/include -IC:/Users/derko/STM32Cube/Repository/STM32Cube_FW_MP1_V1.7.0/Middlewares/Third_Party/OpenAMP/libmetal/lib/include -IC:/Users/derko/STM32Cube/Repository/STM32Cube_FW_MP1_V1.7.0/Drivers/STM32MP1xx_HAL_Driver/Inc -IC:/Users/derko/STM32Cube/Repository/STM32Cube_FW_MP1_V1.7.0/Drivers/STM32MP1xx_HAL_Driver/Inc/Legacy -IC:/Users/derko/STM32Cube/Repository/STM32Cube_FW_MP1_V1.7.0/Drivers/CMSIS/Device/ST/STM32MP1xx/Include -IC:/Users/derko/STM32Cube/Repository/STM32Cube_FW_MP1_V1.7.0/Middlewares/Third_Party/OpenAMP/virtual_driver -IC:/Users/derko/STM32Cube/Repository/STM32Cube_FW_MP1_V1.7.0/Drivers/CMSIS/Include -O0 -ffunction-sections -fdata-sections -Wall -fstack-usage -fcyclomatic-complexity -MMD -MP -MF"Core/Src/main.d" -MT"Core/Src/main.o" --specs=nano.specs -mfpu=fpv4-sp-d16 -mfloat-abi=hard -mthumb -o "Core/Src/main.o"
arm-none-eabi-gcc "../Core/Src/mfcr522.c" -mcpu=cortex-m4 -std=gnu11 -g3 -DDEBUG -DCORE_CM4 -DNO_ATOMIC_64_SUPPORT -DMETAL_INTERNAL -DMETAL_MAX_DEVICE_REGIONS=2 -DVIRTIO_SLAVE_ONLY -DUSE_HAL_DRIVER -DSTM32MP157Dxx -c -I../OPENAMP -I../Core/Inc -IC:/Users/derko/STM32Cube/Repository/STM32Cube_FW_MP1_V1.7.0/Middlewares/Third_Party/OpenAMP/open-amp/lib/include -IC:/Users/derko/STM32Cube/Repository/STM32Cube_FW_MP1_V1.7.0/Middlewares/Third_Party/OpenAMP/libmetal/lib/include -IC:/Users/derko/STM32Cube/Repository/STM32Cube_FW_MP1_V1.7.0/Drivers/STM32MP1xx_HAL_Driver/Inc -IC:/Users/derko/STM32Cube/Repository/STM32Cube_FW_MP1_V1.7.0/Drivers/STM32MP1xx_HAL_Driver/Inc/Legacy -IC:/Users/derko/STM32Cube/Repository/STM32Cube_FW_MP1_V1.7.0/Drivers/CMSIS/Device/ST/STM32MP1xx/Include -IC:/Users/derko/STM32Cube/Repository/STM32Cube_FW_MP1_V1.7.0/Middlewares/Third_Party/OpenAMP/virtual_driver -IC:/Users/derko/STM32Cube/Repository/STM32Cube_FW_MP1_V1.7.0/Drivers/CMSIS/Include -O0 -ffunction-sections -fdata-sections -Wall -fstack-usage -fcyclomatic-complexity -MMD -MP -MF"Core/Src/mfcr522.d" -MT"Core/Src/mfcr522.o" --specs=nano.specs -mfpu=fpv4-sp-d16 -mfloat-abi=hard -mthumb -o "Core/Src/mfcr522.o"
arm-none-eabi-gcc "../Core/Src/stm32mp1xx_hal_msp.c" -mcpu=cortex-m4 -std=gnu11 -g3 -DDEBUG -DCORE_CM4 -DNO_ATOMIC_64_SUPPORT -DMETAL_INTERNAL -DMETAL_MAX_DEVICE_REGIONS=2 -DVIRTIO_SLAVE_ONLY -DUSE_HAL_DRIVER -DSTM32MP157Dxx -c -I../OPENAMP -I../Core/Inc -IC:/Users/derko/STM32Cube/Repository/STM32Cube_FW_MP1_V1.7.0/Middlewares/Third_Party/OpenAMP/open-amp/lib/include -IC:/Users/derko/STM32Cube/Repository/STM32Cube_FW_MP1_V1.7.0/Middlewares/Third_Party/OpenAMP/libmetal/lib/include -IC:/Users/derko/STM32Cube/Repository/STM32Cube_FW_MP1_V1.7.0/Drivers/STM32MP1xx_HAL_Driver/Inc -IC:/Users/derko/STM32Cube/Repository/STM32Cube_FW_MP1_V1.7.0/Drivers/STM32MP1xx_HAL_Driver/Inc/Legacy -IC:/Users/derko/STM32Cube/Repository/STM32Cube_FW_MP1_V1.7.0/Drivers/CMSIS/Device/ST/STM32MP1xx/Include -IC:/Users/derko/STM32Cube/Repository/STM32Cube_FW_MP1_V1.7.0/Middlewares/Third_Party/OpenAMP/virtual_driver -IC:/Users/derko/STM32Cube/Repository/STM32Cube_FW_MP1_V1.7.0/Drivers/CMSIS/Include -O0 -ffunction-sections -fdata-sections -Wall -fstack-usage -fcyclomatic-complexity -MMD -MP -MF"Core/Src/stm32mp1xx_hal_msp.d" -MT"Core/Src/stm32mp1xx_hal_msp.o" --specs=nano.specs -mfpu=fpv4-sp-d16 -mfloat-abi=hard -mthumb -o "Core/Src/stm32mp1xx_hal_msp.o"
arm-none-eabi-gcc "../Core/Src/stm32mp1xx_it.c" -mcpu=cortex-m4 -std=gnu11 -g3 -DDEBUG -DCORE_CM4 -DNO_ATOMIC_64_SUPPORT -DMETAL_INTERNAL -DMETAL_MAX_DEVICE_REGIONS=2 -DVIRTIO_SLAVE_ONLY -DUSE_HAL_DRIVER -DSTM32MP157Dxx -c -I../OPENAMP -I../Core/Inc -IC:/Users/derko/STM32Cube/Repository/STM32Cube_FW_MP1_V1.7.0/Middlewares/Third_Party/OpenAMP/open-amp/lib/include -IC:/Users/derko/STM32Cube/Repository/STM32Cube_FW_MP1_V1.7.0/Middlewares/Third_Party/OpenAMP/libmetal/lib/include -IC:/Users/derko/STM32Cube/Repository/STM32Cube_FW_MP1_V1.7.0/Drivers/STM32MP1xx_HAL_Driver/Inc -IC:/Users/derko/STM32Cube/Repository/STM32Cube_FW_MP1_V1.7.0/Drivers/STM32MP1xx_HAL_Driver/Inc/Legacy -IC:/Users/derko/STM32Cube/Repository/STM32Cube_FW_MP1_V1.7.0/Drivers/CMSIS/Device/ST/STM32MP1xx/Include -IC:/Users/derko/STM32Cube/Repository/STM32Cube_FW_MP1_V1.7.0/Middlewares/Third_Party/OpenAMP/virtual_driver -IC:/Users/derko/STM32Cube/Repository/STM32Cube_FW_MP1_V1.7.0/Drivers/CMSIS/Include -O0 -ffunction-sections -fdata-sections -Wall -fstack-usage -fcyclomatic-complexity -MMD -MP -MF"Core/Src/stm32mp1xx_it.d" -MT"Core/Src/stm32mp1xx_it.o" --specs=nano.specs -mfpu=fpv4-sp-d16 -mfloat-abi=hard -mthumb -o "Core/Src/stm32mp1xx_it.o"
arm-none-eabi-gcc "../Core/Src/syscalls.c" -mcpu=cortex-m4 -std=gnu11 -g3 -DDEBUG -DCORE_CM4 -DNO_ATOMIC_64_SUPPORT -DMETAL_INTERNAL -DMETAL_MAX_DEVICE_REGIONS=2 -DVIRTIO_SLAVE_ONLY -DUSE_HAL_DRIVER -DSTM32MP157Dxx -c -I../OPENAMP -I../Core/Inc -IC:/Users/derko/STM32Cube/Repository/STM32Cube_FW_MP1_V1.7.0/Middlewares/Third_Party/OpenAMP/open-amp/lib/include -IC:/Users/derko/STM32Cube/Repository/STM32Cube_FW_MP1_V1.7.0/Middlewares/Third_Party/OpenAMP/libmetal/lib/include -IC:/Users/derko/STM32Cube/Repository/STM32Cube_FW_MP1_V1.7.0/Drivers/STM32MP1xx_HAL_Driver/Inc -IC:/Users/derko/STM32Cube/Repository/STM32Cube_FW_MP1_V1.7.0/Drivers/STM32MP1xx_HAL_Driver/Inc/Legacy -IC:/Users/derko/STM32Cube/Repository/STM32Cube_FW_MP1_V1.7.0/Drivers/CMSIS/Device/ST/STM32MP1xx/Include -IC:/Users/derko/STM32Cube/Repository/STM32Cube_FW_MP1_V1.7.0/Middlewares/Third_Party/OpenAMP/virtual_driver -IC:/Users/derko/STM32Cube/Repository/STM32Cube_FW_MP1_V1.7.0/Drivers/CMSIS/Include -O0 -ffunction-sections -fdata-sections -Wall -fstack-usage -fcyclomatic-complexity -MMD -MP -MF"Core/Src/syscalls.d" -MT"Core/Src/syscalls.o" --specs=nano.specs -mfpu=fpv4-sp-d16 -mfloat-abi=hard -mthumb -o "Core/Src/syscalls.o"
arm-none-eabi-gcc "../Core/Src/sysmem.c" -mcpu=cortex-m4 -std=gnu11 -g3 -DDEBUG -DCORE_CM4 -DNO_ATOMIC_64_SUPPORT -DMETAL_INTERNAL -DMETAL_MAX_DEVICE_REGIONS=2 -DVIRTIO_SLAVE_ONLY -DUSE_HAL_DRIVER -DSTM32MP157Dxx -c -I../OPENAMP -I../Core/Inc -IC:/Users/derko/STM32Cube/Repository/STM32Cube_FW_MP1_V1.7.0/Middlewares/Third_Party/OpenAMP/open-amp/lib/include -IC:/Users/derko/STM32Cube/Repository/STM32Cube_FW_MP1_V1.7.0/Middlewares/Third_Party/OpenAMP/libmetal/lib/include -IC:/Users/derko/STM32Cube/Repository/STM32Cube_FW_MP1_V1.7.0/Drivers/STM32MP1xx_HAL_Driver/Inc -IC:/Users/derko/STM32Cube/Repository/STM32Cube_FW_MP1_V1.7.0/Drivers/STM32MP1xx_HAL_Driver/Inc/Legacy -IC:/Users/derko/STM32Cube/Repository/STM32Cube_FW_MP1_V1.7.0/Drivers/CMSIS/Device/ST/STM32MP1xx/Include -IC:/Users/derko/STM32Cube/Repository/STM32Cube_FW_MP1_V1.7.0/Middlewares/Third_Party/OpenAMP/virtual_driver -IC:/Users/derko/STM32Cube/Repository/STM32Cube_FW_MP1_V1.7.0/Drivers/CMSIS/Include -O0 -ffunction-sections -fdata-sections -Wall -fstack-usage -fcyclomatic-complexity -MMD -MP -MF"Core/Src/sysmem.d" -MT"Core/Src/sysmem.o" --specs=nano.specs -mfpu=fpv4-sp-d16 -mfloat-abi=hard -mthumb -o "Core/Src/sysmem.o"
arm-none-eabi-gcc "C:/Users/derko/STM32CubeIDE/workspace_1.19.0/RFIDtest/Common/System/system_stm32mp1xx.c" -mcpu=cortex-m4 -std=gnu11 -g3 -DDEBUG -DCORE_CM4 -DNO_ATOMIC_64_SUPPORT -DMETAL_INTERNAL -DMETAL_MAX_DEVICE_REGIONS=2 -DVIRTIO_SLAVE_ONLY -DUSE_HAL_DRIVER -DSTM32MP157Dxx -c -I../OPENAMP -I../Core/Inc -IC:/Users/derko/STM32Cube/Repository/STM32Cube_FW_MP1_V1.7.0/Middlewares/Third_Party/OpenAMP/open-amp/lib/include -IC:/Users/derko/STM32Cube/Repository/STM32Cube_FW_MP1_V1.7.0/Middlewares/Third_Party/OpenAMP/libmetal/lib/include -IC:/Users/derko/STM32Cube/Repository/STM32Cube_FW_MP1_V1.7.0/Drivers/STM32MP1xx_HAL_Driver/Inc -IC:/Users/derko/STM32Cube/Repository/STM32Cube_FW_MP1_V1.7.0/Drivers/STM32MP1xx_HAL_Driver/Inc/Legacy -IC:/Users/derko/STM32Cube/Repository/STM32Cube_FW_MP1_V1.7.0/Drivers/CMSIS/Device/ST/STM32MP1xx/Include -IC:/Users/derko/STM32Cube/Repository/STM32Cube_FW_MP1_V1.7.0/Middlewares/Third_Party/OpenAMP/virtual_driver -IC:/Users/derko/STM32Cube/Repository/STM32Cube_FW_MP1_V1.7.0/Drivers/CMSIS/Include -O0 -ffunction-sections -fdata-sections -Wall -fstack-usage -fcyclomatic-complexity -MMD -MP -MF"Common/System/system_stm32mp1xx.d" -MT"Common/System/system_stm32mp1xx.o" --specs=nano.specs -mfpu=fpv4-sp-d16 -mfloat-abi=hard -mthumb -o "Common/System/system_stm32mp1xx.o"
../Core/Src/main.c: In function 'main':
../Core/Src/main.c:159:30: error: 'dbg' undeclared (first use in this function)
  159 |           int len = snprintf(dbg, sizeof(dbg), "test \r\n");
      |                              ^~~
../Core/Src/main.c:159:30: note: each undeclared identifier is reported only once for each function it appears in
make: *** [Core/Src/subdir.mk:34: Core/Src/main.o] Error 1
make: *** Waiting for unfinished jobs....
"make -j16 all" terminated with exit code 2. Build might be incomplete.
12:30:18 **** Incremental Build of configuration Debug for project RFIDtest_CM4 ****
make -j16 all 
arm-none-eabi-gcc "../Core/Src/main.c" -mcpu=cortex-m4 -std=gnu11 -g3 -DDEBUG -DCORE_CM4 -DNO_ATOMIC_64_SUPPORT -DMETAL_INTERNAL -DMETAL_MAX_DEVICE_REGIONS=2 -DVIRTIO_SLAVE_ONLY -DUSE_HAL_DRIVER -DSTM32MP157Dxx -c -I../OPENAMP -I../Core/Inc -IC:/Users/derko/STM32Cube/Repository/STM32Cube_FW_MP1_V1.7.0/Middlewares/Third_Party/OpenAMP/open-amp/lib/include -IC:/Users/derko/STM32Cube/Repository/STM32Cube_FW_MP1_V1.7.0/Middlewares/Third_Party/OpenAMP/libmetal/lib/include -IC:/Users/derko/STM32Cube/Repository/STM32Cube_FW_MP1_V1.7.0/Drivers/STM32MP1xx_HAL_Driver/Inc -IC:/Users/derko/STM32Cube/Repository/STM32Cube_FW_MP1_V1.7.0/Drivers/STM32MP1xx_HAL_Driver/Inc/Legacy -IC:/Users/derko/STM32Cube/Repository/STM32Cube_FW_MP1_V1.7.0/Drivers/CMSIS/Device/ST/STM32MP1xx/Include -IC:/Users/derko/STM32Cube/Repository/STM32Cube_FW_MP1_V1.7.0/Middlewares/Third_Party/OpenAMP/virtual_driver -IC:/Users/derko/STM32Cube/Repository/STM32Cube_FW_MP1_V1.7.0/Drivers/CMSIS/Include -O0 -ffunction-sections -fdata-sections -Wall -fstack-usage -fcyclomatic-complexity -MMD -MP -MF"Core/Src/main.d" -MT"Core/Src/main.o" --specs=nano.specs -mfpu=fpv4-sp-d16 -mfloat-abi=hard -mthumb -o "Core/Src/main.o"
arm-none-eabi-gcc -o "RFIDtest_CM4.elf" @"objects.list"   -mcpu=cortex-m4 -T"C:\Users\derko\STM32CubeIDE\workspace_1.19.0\RFIDtest\CM4\STM32MP157DACX_RAM.ld" --specs=nosys.specs -Wl,-Map="RFIDtest_CM4.map" -Wl,--gc-sections -static --specs=nano.specs -mfpu=fpv4-sp-d16 -mfloat-abi=hard -mthumb -Wl,--start-group -lc -lm -Wl,--end-group
Finished building target: RFIDtest_CM4.elf
 
arm-none-eabi-size  RFIDtest_CM4.elf 
arm-none-eabi-objdump -h -S RFIDtest_CM4.elf  > "RFIDtest_CM4.list"
   text	   data	    bss	    dec	    hex	filename
  40728	    288	   2428	  43444	   a9b4	RFIDtest_CM4.elf
Finished building: default.size.stdout
 
Finished building: RFIDtest_CM4.list
 
12:30:57 **** Incremental Build of configuration Debug for project RFIDtest_CM4 ****
make -j16 all 
arm-none-eabi-size  RFIDtest_CM4.elf 
   text	   data	    bss	    dec	    hex	filename
  40728	    288	   2428	  43444	   a9b4	RFIDtest_CM4.elf
Finished building: default.size.stdout
 
11:43:59 **** Incremental Build of configuration Debug for project RFIDtest_CM4 ****
make -j16 all 
arm-none-eabi-gcc "../Core/Src/main.c" -mcpu=cortex-m4 -std=gnu11 -g3 -DDEBUG -DCORE_CM4 -DNO_ATOMIC_64_SUPPORT -DMETAL_INTERNAL -DMETAL_MAX_DEVICE_REGIONS=2 -DVIRTIO_SLAVE_ONLY -DUSE_HAL_DRIVER -DSTM32MP157Dxx -c -I../OPENAMP -I../Core/Inc -IC:/Users/derko/STM32Cube/Repository/STM32Cube_FW_MP1_V1.7.0/Middlewares/Third_Party/OpenAMP/open-amp/lib/include -IC:/Users/derko/STM32Cube/Repository/STM32Cube_FW_MP1_V1.7.0/Middlewares/Third_Party/OpenAMP/libmetal/lib/include -IC:/Users/derko/STM32Cube/Repository/STM32Cube_FW_MP1_V1.7.0/Drivers/STM32MP1xx_HAL_Driver/Inc -IC:/Users/derko/STM32Cube/Repository/STM32Cube_FW_MP1_V1.7.0/Drivers/STM32MP1xx_HAL_Driver/Inc/Legacy -IC:/Users/derko/STM32Cube/Repository/STM32Cube_FW_MP1_V1.7.0/Drivers/CMSIS/Device/ST/STM32MP1xx/Include -IC:/Users/derko/STM32Cube/Repository/STM32Cube_FW_MP1_V1.7.0/Middlewares/Third_Party/OpenAMP/virtual_driver -IC:/Users/derko/STM32Cube/Repository/STM32Cube_FW_MP1_V1.7.0/Drivers/CMSIS/Include -O0 -ffunction-sections -fdata-sections -Wall -fstack-usage -fcyclomatic-complexity -MMD -MP -MF"Core/Src/main.d" -MT"Core/Src/main.o" --specs=nano.specs -mfpu=fpv4-sp-d16 -mfloat-abi=hard -mthumb -o "Core/Src/main.o"
arm-none-eabi-gcc -o "RFIDtest_CM4.elf" @"objects.list"   -mcpu=cortex-m4 -T"C:\Users\derko\STM32CubeIDE\workspace_1.19.0\RFIDtest\CM4\STM32MP157DACX_RAM.ld" --specs=nosys.specs -Wl,-Map="RFIDtest_CM4.map" -Wl,--gc-sections -static --specs=nano.specs -mfpu=fpv4-sp-d16 -mfloat-abi=hard -mthumb -Wl,--start-group -lc -lm -Wl,--end-group
Finished building target: RFIDtest_CM4.elf
 
arm-none-eabi-size  RFIDtest_CM4.elf 
arm-none-eabi-objdump -h -S RFIDtest_CM4.elf  > "RFIDtest_CM4.list"
   text	   data	    bss	    dec	    hex	filename
  41692	    288	   2428	  44408	   ad78	RFIDtest_CM4.elf
Finished building: default.size.stdout
 
Finished building: RFIDtest_CM4.list
 
13:20:41 **** Incremental Build of configuration Debug for project RFIDtest_CM4 ****
make -j16 all 
arm-none-eabi-gcc "../Core/Src/main.c" -mcpu=cortex-m4 -std=gnu11 -g3 -DDEBUG -DCORE_CM4 -DNO_ATOMIC_64_SUPPORT -DMETAL_INTERNAL -DMETAL_MAX_DEVICE_REGIONS=2 -DVIRTIO_SLAVE_ONLY -DUSE_HAL_DRIVER -DSTM32MP157Dxx -c -I../OPENAMP -I../Core/Inc -IC:/Users/derko/STM32Cube/Repository/STM32Cube_FW_MP1_V1.7.0/Middlewares/Third_Party/OpenAMP/open-amp/lib/include -IC:/Users/derko/STM32Cube/Repository/STM32Cube_FW_MP1_V1.7.0/Middlewares/Third_Party/OpenAMP/libmetal/lib/include -IC:/Users/derko/STM32Cube/Repository/STM32Cube_FW_MP1_V1.7.0/Drivers/STM32MP1xx_HAL_Driver/Inc -IC:/Users/derko/STM32Cube/Repository/STM32Cube_FW_MP1_V1.7.0/Drivers/STM32MP1xx_HAL_Driver/Inc/Legacy -IC:/Users/derko/STM32Cube/Repository/STM32Cube_FW_MP1_V1.7.0/Drivers/CMSIS/Device/ST/STM32MP1xx/Include -IC:/Users/derko/STM32Cube/Repository/STM32Cube_FW_MP1_V1.7.0/Middlewares/Third_Party/OpenAMP/virtual_driver -IC:/Users/derko/STM32Cube/Repository/STM32Cube_FW_MP1_V1.7.0/Drivers/CMSIS/Include -O0 -ffunction-sections -fdata-sections -Wall -fstack-usage -fcyclomatic-complexity -MMD -MP -MF"Core/Src/main.d" -MT"Core/Src/main.o" --specs=nano.specs -mfpu=fpv4-sp-d16 -mfloat-abi=hard -mthumb -o "Core/Src/main.o"
arm-none-eabi-gcc -o "RFIDtest_CM4.elf" @"objects.list"   -mcpu=cortex-m4 -T"C:\Users\derko\STM32CubeIDE\workspace_1.19.0\RFIDtest\CM4\STM32MP157DACX_RAM.ld" --specs=nosys.specs -Wl,-Map="RFIDtest_CM4.map" -Wl,--gc-sections -static --specs=nano.specs -mfpu=fpv4-sp-d16 -mfloat-abi=hard -mthumb -Wl,--start-group -lc -lm -Wl,--end-group
Finished building target: RFIDtest_CM4.elf
 
arm-none-eabi-size  RFIDtest_CM4.elf 
arm-none-eabi-objdump -h -S RFIDtest_CM4.elf  > "RFIDtest_CM4.list"
   text	   data	    bss	    dec	    hex	filename
  41700	    288	   2428	  44416	   ad80	RFIDtest_CM4.elf
Finished building: default.size.stdout
 
Finished building: RFIDtest_CM4.list
 
13:36:24 **** Incremental Build of configuration Debug for project RFIDtest_CM4 ****
make -j16 all 
arm-none-eabi-gcc "../Core/Src/main.c" -mcpu=cortex-m4 -std=gnu11 -g3 -DDEBUG -DCORE_CM4 -DNO_ATOMIC_64_SUPPORT -DMETAL_INTERNAL -DMETAL_MAX_DEVICE_REGIONS=2 -DVIRTIO_SLAVE_ONLY -DUSE_HAL_DRIVER -DSTM32MP157Dxx -c -I../OPENAMP -I../Core/Inc -IC:/Users/derko/STM32Cube/Repository/STM32Cube_FW_MP1_V1.7.0/Middlewares/Third_Party/OpenAMP/open-amp/lib/include -IC:/Users/derko/STM32Cube/Repository/STM32Cube_FW_MP1_V1.7.0/Middlewares/Third_Party/OpenAMP/libmetal/lib/include -IC:/Users/derko/STM32Cube/Repository/STM32Cube_FW_MP1_V1.7.0/Drivers/STM32MP1xx_HAL_Driver/Inc -IC:/Users/derko/STM32Cube/Repository/STM32Cube_FW_MP1_V1.7.0/Drivers/STM32MP1xx_HAL_Driver/Inc/Legacy -IC:/Users/derko/STM32Cube/Repository/STM32Cube_FW_MP1_V1.7.0/Drivers/CMSIS/Device/ST/STM32MP1xx/Include -IC:/Users/derko/STM32Cube/Repository/STM32Cube_FW_MP1_V1.7.0/Middlewares/Third_Party/OpenAMP/virtual_driver -IC:/Users/derko/STM32Cube/Repository/STM32Cube_FW_MP1_V1.7.0/Drivers/CMSIS/Include -O0 -ffunction-sections -fdata-sections -Wall -fstack-usage -fcyclomatic-complexity -MMD -MP -MF"Core/Src/main.d" -MT"Core/Src/main.o" --specs=nano.specs -mfpu=fpv4-sp-d16 -mfloat-abi=hard -mthumb -o "Core/Src/main.o"
arm-none-eabi-gcc -o "RFIDtest_CM4.elf" @"objects.list"   -mcpu=cortex-m4 -T"C:\Users\derko\STM32CubeIDE\workspace_1.19.0\RFIDtest\CM4\STM32MP157DACX_RAM.ld" --specs=nosys.specs -Wl,-Map="RFIDtest_CM4.map" -Wl,--gc-sections -static --specs=nano.specs -mfpu=fpv4-sp-d16 -mfloat-abi=hard -mthumb -Wl,--start-group -lc -lm -Wl,--end-group
Finished building target: RFIDtest_CM4.elf
 
arm-none-eabi-size  RFIDtest_CM4.elf 
arm-none-eabi-objdump -h -S RFIDtest_CM4.elf  > "RFIDtest_CM4.list"
   text	   data	    bss	    dec	    hex	filename
  41700	    288	   2428	  44416	   ad80	RFIDtest_CM4.elf
Finished building: default.size.stdout
 
Finished building: RFIDtest_CM4.list
 
13:36:51 **** Incremental Build of configuration Debug for project RFIDtest_CM4 ****
make -j16 all 
arm-none-eabi-size  RFIDtest_CM4.elf 
   text	   data	    bss	    dec	    hex	filename
  41700	    288	   2428	  44416	   ad80	RFIDtest_CM4.elf
Finished building: default.size.stdout
 
13:52:41 **** Incremental Build of configuration Debug for project RFIDtest_CM4 ****
make -j16 all 
arm-none-eabi-gcc "../Core/Src/main.c" -mcpu=cortex-m4 -std=gnu11 -g3 -DDEBUG -DCORE_CM4 -DNO_ATOMIC_64_SUPPORT -DMETAL_INTERNAL -DMETAL_MAX_DEVICE_REGIONS=2 -DVIRTIO_SLAVE_ONLY -DUSE_HAL_DRIVER -DSTM32MP157Dxx -c -I../OPENAMP -I../Core/Inc -IC:/Users/derko/STM32Cube/Repository/STM32Cube_FW_MP1_V1.7.0/Middlewares/Third_Party/OpenAMP/open-amp/lib/include -IC:/Users/derko/STM32Cube/Repository/STM32Cube_FW_MP1_V1.7.0/Middlewares/Third_Party/OpenAMP/libmetal/lib/include -IC:/Users/derko/STM32Cube/Repository/STM32Cube_FW_MP1_V1.7.0/Drivers/STM32MP1xx_HAL_Driver/Inc -IC:/Users/derko/STM32Cube/Repository/STM32Cube_FW_MP1_V1.7.0/Drivers/STM32MP1xx_HAL_Driver/Inc/Legacy -IC:/Users/derko/STM32Cube/Repository/STM32Cube_FW_MP1_V1.7.0/Drivers/CMSIS/Device/ST/STM32MP1xx/Include -IC:/Users/derko/STM32Cube/Repository/STM32Cube_FW_MP1_V1.7.0/Middlewares/Third_Party/OpenAMP/virtual_driver -IC:/Users/derko/STM32Cube/Repository/STM32Cube_FW_MP1_V1.7.0/Drivers/CMSIS/Include -O0 -ffunction-sections -fdata-sections -Wall -fstack-usage -fcyclomatic-complexity -MMD -MP -MF"Core/Src/main.d" -MT"Core/Src/main.o" --specs=nano.specs -mfpu=fpv4-sp-d16 -mfloat-abi=hard -mthumb -o "Core/Src/main.o"
../Core/Src/main.c: In function 'main':
../Core/Src/main.c:119:3: warning: implicit declaration of function 'xpt2046_spi' [-Wimplicit-function-declaration]
  119 |   xpt2046_spi(&hspi5);
      |   ^~~~~~~~~~~
../Core/Src/main.c:122:3: warning: implicit declaration of function 'xpt2046_cs' [-Wimplicit-function-declaration]
  122 |   xpt2046_cs(TOUCH_CS_GPIO_Port, TOUCH_CS_Pin);
      |   ^~~~~~~~~~
../Core/Src/main.c:122:14: error: 'TOUCH_CS_GPIO_Port' undeclared (first use in this function)
  122 |   xpt2046_cs(TOUCH_CS_GPIO_Port, TOUCH_CS_Pin);
      |              ^~~~~~~~~~~~~~~~~~
../Core/Src/main.c:122:14: note: each undeclared identifier is reported only once for each function it appears in
../Core/Src/main.c:122:34: error: 'TOUCH_CS_Pin' undeclared (first use in this function)
  122 |   xpt2046_cs(TOUCH_CS_GPIO_Port, TOUCH_CS_Pin);
      |                                  ^~~~~~~~~~~~
../Core/Src/main.c:123:3: warning: implicit declaration of function 'xpt2046_penirq' [-Wimplicit-function-declaration]
  123 |   xpt2046_penirq(TINT_GPIO_Port, TINT_Pin);
      |   ^~~~~~~~~~~~~~
../Core/Src/main.c:123:18: error: 'TINT_GPIO_Port' undeclared (first use in this function)
  123 |   xpt2046_penirq(TINT_GPIO_Port, TINT_Pin);
      |                  ^~~~~~~~~~~~~~
../Core/Src/main.c:123:34: error: 'TINT_Pin' undeclared (first use in this function)
  123 |   xpt2046_penirq(TINT_GPIO_Port, TINT_Pin);
      |                                  ^~~~~~~~
../Core/Src/main.c:124:3: warning: implicit declaration of function 'xpt2046_set_size' [-Wimplicit-function-declaration]
  124 |   xpt2046_set_size(800, 480);              // Match your screen resolution
      |   ^~~~~~~~~~~~~~~~
../Core/Src/main.c:125:3: warning: implicit declaration of function 'xpt2046_orientation' [-Wimplicit-function-declaration]
  125 |   xpt2046_orientation(XPT2046_ORIENTATION_LANDSCAPE);
      |   ^~~~~~~~~~~~~~~~~~~
../Core/Src/main.c:125:23: error: 'XPT2046_ORIENTATION_LANDSCAPE' undeclared (first use in this function)
  125 |   xpt2046_orientation(XPT2046_ORIENTATION_LANDSCAPE);
      |                       ^~~~~~~~~~~~~~~~~~~~~~~~~~~~~
../Core/Src/main.c:126:3: warning: implicit declaration of function 'xpt2046_init' [-Wimplicit-function-declaration]
  126 |   xpt2046_init();                          // Final init setup
      |   ^~~~~~~~~~~~
../Core/Src/main.c:152:32: error: 'ts_ControlByte' undeclared (first use in this function)
  152 |                      (unsigned)ts_ControlByte.powerMode, (unsigned)ts_ControlByte.bitMode);
      |                                ^~~~~~~~~~~~~~
../Core/Src/main.c:156:7: warning: implicit declaration of function 'xpt2046_update' [-Wimplicit-function-declaration]
  156 |       xpt2046_update(); // updates ts_CoordinatesRaw and ts_Coordinates
      |       ^~~~~~~~~~~~~~
../Core/Src/main.c:159:21: error: 'ts_CoordinatesRaw' undeclared (first use in this function)
  159 |       uint16_t z1 = ts_CoordinatesRaw.z1;
      |                     ^~~~~~~~~~~~~~~~~
../Core/Src/main.c:161:23: warning: implicit declaration of function 'xpt2046_zthreshold' [-Wimplicit-function-declaration]
  161 |       uint16_t zthr = xpt2046_zthreshold();
      |                       ^~~~~~~~~~~~~~~~~~
../Core/Src/main.c:166:25: warning: implicit declaration of function 'xpt2046_pressed' [-Wimplicit-function-declaration]
  166 |       uint8_t pressed = xpt2046_pressed();
      |                         ^~~~~~~~~~~~~~~
../Core/Src/main.c:177:11: warning: implicit declaration of function 'xpt2046_read_position' [-Wimplicit-function-declaration]
  177 |           xpt2046_read_position(&x, &y); // this calls update() internally too
      |           ^~~~~~~~~~~~~~~~~~~~~
../Core/Src/main.c: In function 'MX_GPIO_Init':
../Core/Src/main.c:396:21: error: 'TOUCH_CS_GPIO_Port' undeclared (first use in this function)
  396 |   HAL_GPIO_WritePin(TOUCH_CS_GPIO_Port, TOUCH_CS_Pin, GPIO_PIN_SET);
      |                     ^~~~~~~~~~~~~~~~~~
../Core/Src/main.c:396:41: error: 'TOUCH_CS_Pin' undeclared (first use in this function)
  396 |   HAL_GPIO_WritePin(TOUCH_CS_GPIO_Port, TOUCH_CS_Pin, GPIO_PIN_SET);
      |                                         ^~~~~~~~~~~~
../Core/Src/main.c:406:25: error: 'TINT_Pin' undeclared (first use in this function)
  406 |   GPIO_InitStruct.Pin = TINT_Pin;
      |                         ^~~~~~~~
../Core/Src/main.c:409:17: error: 'TINT_GPIO_Port' undeclared (first use in this function)
  409 |   HAL_GPIO_Init(TINT_GPIO_Port, &GPIO_InitStruct);
      |                 ^~~~~~~~~~~~~~
../Core/Src/main.c: In function 'XPT2046_SpiTest':
../Core/Src/main.c:428:23: error: 'ts_Cs_Port' undeclared (first use in this function)
  428 |     HAL_GPIO_WritePin(ts_Cs_Port, ts_Cs_Pin, GPIO_PIN_RESET);
      |                       ^~~~~~~~~~
../Core/Src/main.c:428:35: error: 'ts_Cs_Pin' undeclared (first use in this function)
  428 |     HAL_GPIO_WritePin(ts_Cs_Port, ts_Cs_Pin, GPIO_PIN_RESET);
      |                                   ^~~~~~~~~
../Core/Src/main.c:431:29: error: 'spiPort' undeclared (first use in this function)
  431 |     HAL_SPI_TransmitReceive(spiPort, &cmd, rx, 2, HAL_MAX_DELAY);
      |                             ^~~~~~~
make: *** [Core/Src/subdir.mk:34: Core/Src/main.o] Error 1
"make -j16 all" terminated with exit code 2. Build might be incomplete.
13:52:43 **** Build of configuration Debug for project XPT2046_Touch_M4_CM4 ****
make -j16 all 
arm-none-eabi-gcc "../OPENAMP/mbox_ipcc.c" -mcpu=cortex-m4 -std=gnu11 -g3 -DDEBUG -DCORE_CM4 -DNO_ATOMIC_64_SUPPORT -DMETAL_INTERNAL -DMETAL_MAX_DEVICE_REGIONS=2 -DVIRTIO_SLAVE_ONLY -DUSE_HAL_DRIVER -DSTM32MP157Dxx -c -I../OPENAMP -I../Core/Inc -I../../Middlewares/Third_Party/OpenAMP/open-amp/lib/include -I../../Middlewares/Third_Party/OpenAMP/libmetal/lib/include -I../../Drivers/STM32MP1xx_HAL_Driver/Inc -I../../Drivers/STM32MP1xx_HAL_Driver/Inc/Legacy -I../../Drivers/CMSIS/Device/ST/STM32MP1xx/Include -I../../Middlewares/Third_Party/OpenAMP/virtual_driver -I../../Drivers/CMSIS/Include -O0 -ffunction-sections -fdata-sections -Wall -fstack-usage -fcyclomatic-complexity -MMD -MP -MF"OPENAMP/mbox_ipcc.d" -MT"OPENAMP/mbox_ipcc.o" --specs=nano.specs -mfpu=fpv4-sp-d16 -mfloat-abi=hard -mthumb -o "OPENAMP/mbox_ipcc.o"
arm-none-eabi-gcc "../OPENAMP/openamp.c" -mcpu=cortex-m4 -std=gnu11 -g3 -DDEBUG -DCORE_CM4 -DNO_ATOMIC_64_SUPPORT -DMETAL_INTERNAL -DMETAL_MAX_DEVICE_REGIONS=2 -DVIRTIO_SLAVE_ONLY -DUSE_HAL_DRIVER -DSTM32MP157Dxx -c -I../OPENAMP -I../Core/Inc -I../../Middlewares/Third_Party/OpenAMP/open-amp/lib/include -I../../Middlewares/Third_Party/OpenAMP/libmetal/lib/include -I../../Drivers/STM32MP1xx_HAL_Driver/Inc -I../../Drivers/STM32MP1xx_HAL_Driver/Inc/Legacy -I../../Drivers/CMSIS/Device/ST/STM32MP1xx/Include -I../../Middlewares/Third_Party/OpenAMP/virtual_driver -I../../Drivers/CMSIS/Include -O0 -ffunction-sections -fdata-sections -Wall -fstack-usage -fcyclomatic-complexity -MMD -MP -MF"OPENAMP/openamp.d" -MT"OPENAMP/openamp.o" --specs=nano.specs -mfpu=fpv4-sp-d16 -mfloat-abi=hard -mthumb -o "OPENAMP/openamp.o"
arm-none-eabi-gcc "../OPENAMP/openamp_log.c" -mcpu=cortex-m4 -std=gnu11 -g3 -DDEBUG -DCORE_CM4 -DNO_ATOMIC_64_SUPPORT -DMETAL_INTERNAL -DMETAL_MAX_DEVICE_REGIONS=2 -DVIRTIO_SLAVE_ONLY -DUSE_HAL_DRIVER -DSTM32MP157Dxx -c -I../OPENAMP -I../Core/Inc -I../../Middlewares/Third_Party/OpenAMP/open-amp/lib/include -I../../Middlewares/Third_Party/OpenAMP/libmetal/lib/include -I../../Drivers/STM32MP1xx_HAL_Driver/Inc -I../../Drivers/STM32MP1xx_HAL_Driver/Inc/Legacy -I../../Drivers/CMSIS/Device/ST/STM32MP1xx/Include -I../../Middlewares/Third_Party/OpenAMP/virtual_driver -I../../Drivers/CMSIS/Include -O0 -ffunction-sections -fdata-sections -Wall -fstack-usage -fcyclomatic-complexity -MMD -MP -MF"OPENAMP/openamp_log.d" -MT"OPENAMP/openamp_log.o" --specs=nano.specs -mfpu=fpv4-sp-d16 -mfloat-abi=hard -mthumb -o "OPENAMP/openamp_log.o"
arm-none-eabi-gcc "../OPENAMP/rsc_table.c" -mcpu=cortex-m4 -std=gnu11 -g3 -DDEBUG -DCORE_CM4 -DNO_ATOMIC_64_SUPPORT -DMETAL_INTERNAL -DMETAL_MAX_DEVICE_REGIONS=2 -DVIRTIO_SLAVE_ONLY -DUSE_HAL_DRIVER -DSTM32MP157Dxx -c -I../OPENAMP -I../Core/Inc -I../../Middlewares/Third_Party/OpenAMP/open-amp/lib/include -I../../Middlewares/Third_Party/OpenAMP/libmetal/lib/include -I../../Drivers/STM32MP1xx_HAL_Driver/Inc -I../../Drivers/STM32MP1xx_HAL_Driver/Inc/Legacy -I../../Drivers/CMSIS/Device/ST/STM32MP1xx/Include -I../../Middlewares/Third_Party/OpenAMP/virtual_driver -I../../Drivers/CMSIS/Include -O0 -ffunction-sections -fdata-sections -Wall -fstack-usage -fcyclomatic-complexity -MMD -MP -MF"OPENAMP/rsc_table.d" -MT"OPENAMP/rsc_table.o" --specs=nano.specs -mfpu=fpv4-sp-d16 -mfloat-abi=hard -mthumb -o "OPENAMP/rsc_table.o"
arm-none-eabi-gcc "C:/Users/derko/STM32CubeIDE/workspace_1.19.0/XPT2046_Touch_M4/Middlewares/Third_Party/OpenAMP/libmetal/lib/system/generic/condition.c" -mcpu=cortex-m4 -std=gnu11 -g3 -DDEBUG -DCORE_CM4 -DNO_ATOMIC_64_SUPPORT -DMETAL_INTERNAL -DMETAL_MAX_DEVICE_REGIONS=2 -DVIRTIO_SLAVE_ONLY -DUSE_HAL_DRIVER -DSTM32MP157Dxx -c -I../OPENAMP -I../Core/Inc -I../../Middlewares/Third_Party/OpenAMP/open-amp/lib/include -I../../Middlewares/Third_Party/OpenAMP/libmetal/lib/include -I../../Drivers/STM32MP1xx_HAL_Driver/Inc -I../../Drivers/STM32MP1xx_HAL_Driver/Inc/Legacy -I../../Drivers/CMSIS/Device/ST/STM32MP1xx/Include -I../../Middlewares/Third_Party/OpenAMP/virtual_driver -I../../Drivers/CMSIS/Include -O0 -ffunction-sections -fdata-sections -Wall -fstack-usage -fcyclomatic-complexity -MMD -MP -MF"Middlewares/Third_Party/OpenAMP/condition.d" -MT"Middlewares/Third_Party/OpenAMP/condition.o" --specs=nano.specs -mfpu=fpv4-sp-d16 -mfloat-abi=hard -mthumb -o "Middlewares/Third_Party/OpenAMP/condition.o"
[...]
 
14:56:47 **** Incremental Build of configuration Debug for project RFIDtest_CM4 ****
make -j16 all 
arm-none-eabi-gcc "../Core/Src/main.c" -mcpu=cortex-m4 -std=gnu11 -g3 -DDEBUG -DCORE_CM4 -DNO_ATOMIC_64_SUPPORT -DMETAL_INTERNAL -DMETAL_MAX_DEVICE_REGIONS=2 -DVIRTIO_SLAVE_ONLY -DUSE_HAL_DRIVER -DSTM32MP157Dxx -c -I../OPENAMP -I../Core/Inc -IC:/Users/derko/STM32Cube/Repository/STM32Cube_FW_MP1_V1.7.0/Middlewares/Third_Party/OpenAMP/open-amp/lib/include -IC:/Users/derko/STM32Cube/Repository/STM32Cube_FW_MP1_V1.7.0/Middlewares/Third_Party/OpenAMP/libmetal/lib/include -IC:/Users/derko/STM32Cube/Repository/STM32Cube_FW_MP1_V1.7.0/Drivers/STM32MP1xx_HAL_Driver/Inc -IC:/Users/derko/STM32Cube/Repository/STM32Cube_FW_MP1_V1.7.0/Drivers/STM32MP1xx_HAL_Driver/Inc/Legacy -IC:/Users/derko/STM32Cube/Repository/STM32Cube_FW_MP1_V1.7.0/Drivers/CMSIS/Device/ST/STM32MP1xx/Include -IC:/Users/derko/STM32Cube/Repository/STM32Cube_FW_MP1_V1.7.0/Middlewares/Third_Party/OpenAMP/virtual_driver -IC:/Users/derko/STM32Cube/Repository/STM32Cube_FW_MP1_V1.7.0/Drivers/CMSIS/Include -O0 -ffunction-sections -fdata-sections -Wall -fstack-usage -fcyclomatic-complexity -MMD -MP -MF"Core/Src/main.d" -MT"Core/Src/main.o" --specs=nano.specs -mfpu=fpv4-sp-d16 -mfloat-abi=hard -mthumb -o "Core/Src/main.o"
arm-none-eabi-gcc "../Core/Src/qprint.c" -mcpu=cortex-m4 -std=gnu11 -g3 -DDEBUG -DCORE_CM4 -DNO_ATOMIC_64_SUPPORT -DMETAL_INTERNAL -DMETAL_MAX_DEVICE_REGIONS=2 -DVIRTIO_SLAVE_ONLY -DUSE_HAL_DRIVER -DSTM32MP157Dxx -c -I../OPENAMP -I../Core/Inc -IC:/Users/derko/STM32Cube/Repository/STM32Cube_FW_MP1_V1.7.0/Middlewares/Third_Party/OpenAMP/open-amp/lib/include -IC:/Users/derko/STM32Cube/Repository/STM32Cube_FW_MP1_V1.7.0/Middlewares/Third_Party/OpenAMP/libmetal/lib/include -IC:/Users/derko/STM32Cube/Repository/STM32Cube_FW_MP1_V1.7.0/Drivers/STM32MP1xx_HAL_Driver/Inc -IC:/Users/derko/STM32Cube/Repository/STM32Cube_FW_MP1_V1.7.0/Drivers/STM32MP1xx_HAL_Driver/Inc/Legacy -IC:/Users/derko/STM32Cube/Repository/STM32Cube_FW_MP1_V1.7.0/Drivers/CMSIS/Device/ST/STM32MP1xx/Include -IC:/Users/derko/STM32Cube/Repository/STM32Cube_FW_MP1_V1.7.0/Middlewares/Third_Party/OpenAMP/virtual_driver -IC:/Users/derko/STM32Cube/Repository/STM32Cube_FW_MP1_V1.7.0/Drivers/CMSIS/Include -O0 -ffunction-sections -fdata-sections -Wall -fstack-usage -fcyclomatic-complexity -MMD -MP -MF"Core/Src/qprint.d" -MT"Core/Src/qprint.o" --specs=nano.specs -mfpu=fpv4-sp-d16 -mfloat-abi=hard -mthumb -o "Core/Src/qprint.o"
arm-none-eabi-gcc -o "RFIDtest_CM4.elf" @"objects.list"   -mcpu=cortex-m4 -T"C:\Users\derko\STM32CubeIDE\workspace_1.19.0\RFIDtest\CM4\STM32MP157DACX_RAM.ld" --specs=nosys.specs -Wl,-Map="RFIDtest_CM4.map" -Wl,--gc-sections -static --specs=nano.specs -mfpu=fpv4-sp-d16 -mfloat-abi=hard -mthumb -Wl,--start-group -lc -lm -Wl,--end-group
Finished building target: RFIDtest_CM4.elf
 
arm-none-eabi-size  RFIDtest_CM4.elf 
arm-none-eabi-objdump -h -S RFIDtest_CM4.elf  > "RFIDtest_CM4.list"
   text	   data	    bss	    dec	    hex	filename
  38384	    288	   2396	  41068	   a06c	RFIDtest_CM4.elf
Finished building: default.size.stdout
 
Finished building: RFIDtest_CM4.list
 
14:56:51 **** Incremental Build of configuration Debug for project RFIDtest_CM4 ****
make -j16 all 
arm-none-eabi-size  RFIDtest_CM4.elf 
   text	   data	    bss	    dec	    hex	filename
  38384	    288	   2396	  41068	   a06c	RFIDtest_CM4.elf
Finished building: default.size.stdout
 
14:58:40 **** Incremental Build of configuration Debug for project RFIDtest_CM4 ****
make -j16 all 
arm-none-eabi-gcc "../Core/Src/main.c" -mcpu=cortex-m4 -std=gnu11 -g3 -DDEBUG -DCORE_CM4 -DNO_ATOMIC_64_SUPPORT -DMETAL_INTERNAL -DMETAL_MAX_DEVICE_REGIONS=2 -DVIRTIO_SLAVE_ONLY -DUSE_HAL_DRIVER -DSTM32MP157Dxx -c -I../OPENAMP -I../Core/Inc -IC:/Users/derko/STM32Cube/Repository/STM32Cube_FW_MP1_V1.7.0/Middlewares/Third_Party/OpenAMP/open-amp/lib/include -IC:/Users/derko/STM32Cube/Repository/STM32Cube_FW_MP1_V1.7.0/Middlewares/Third_Party/OpenAMP/libmetal/lib/include -IC:/Users/derko/STM32Cube/Repository/STM32Cube_FW_MP1_V1.7.0/Drivers/STM32MP1xx_HAL_Driver/Inc -IC:/Users/derko/STM32Cube/Repository/STM32Cube_FW_MP1_V1.7.0/Drivers/STM32MP1xx_HAL_Driver/Inc/Legacy -IC:/Users/derko/STM32Cube/Repository/STM32Cube_FW_MP1_V1.7.0/Drivers/CMSIS/Device/ST/STM32MP1xx/Include -IC:/Users/derko/STM32Cube/Repository/STM32Cube_FW_MP1_V1.7.0/Middlewares/Third_Party/OpenAMP/virtual_driver -IC:/Users/derko/STM32Cube/Repository/STM32Cube_FW_MP1_V1.7.0/Drivers/CMSIS/Include -O0 -ffunction-sections -fdata-sections -Wall -fstack-usage -fcyclomatic-complexity -MMD -MP -MF"Core/Src/main.d" -MT"Core/Src/main.o" --specs=nano.specs -mfpu=fpv4-sp-d16 -mfloat-abi=hard -mthumb -o "Core/Src/main.o"
arm-none-eabi-gcc "../Core/Src/mfcr522.c" -mcpu=cortex-m4 -std=gnu11 -g3 -DDEBUG -DCORE_CM4 -DNO_ATOMIC_64_SUPPORT -DMETAL_INTERNAL -DMETAL_MAX_DEVICE_REGIONS=2 -DVIRTIO_SLAVE_ONLY -DUSE_HAL_DRIVER -DSTM32MP157Dxx -c -I../OPENAMP -I../Core/Inc -IC:/Users/derko/STM32Cube/Repository/STM32Cube_FW_MP1_V1.7.0/Middlewares/Third_Party/OpenAMP/open-amp/lib/include -IC:/Users/derko/STM32Cube/Repository/STM32Cube_FW_MP1_V1.7.0/Middlewares/Third_Party/OpenAMP/libmetal/lib/include -IC:/Users/derko/STM32Cube/Repository/STM32Cube_FW_MP1_V1.7.0/Drivers/STM32MP1xx_HAL_Driver/Inc -IC:/Users/derko/STM32Cube/Repository/STM32Cube_FW_MP1_V1.7.0/Drivers/STM32MP1xx_HAL_Driver/Inc/Legacy -IC:/Users/derko/STM32Cube/Repository/STM32Cube_FW_MP1_V1.7.0/Drivers/CMSIS/Device/ST/STM32MP1xx/Include -IC:/Users/derko/STM32Cube/Repository/STM32Cube_FW_MP1_V1.7.0/Middlewares/Third_Party/OpenAMP/virtual_driver -IC:/Users/derko/STM32Cube/Repository/STM32Cube_FW_MP1_V1.7.0/Drivers/CMSIS/Include -O0 -ffunction-sections -fdata-sections -Wall -fstack-usage -fcyclomatic-complexity -MMD -MP -MF"Core/Src/mfcr522.d" -MT"Core/Src/mfcr522.o" --specs=nano.specs -mfpu=fpv4-sp-d16 -mfloat-abi=hard -mthumb -o "Core/Src/mfcr522.o"
arm-none-eabi-gcc "../Core/Src/stm32mp1xx_hal_msp.c" -mcpu=cortex-m4 -std=gnu11 -g3 -DDEBUG -DCORE_CM4 -DNO_ATOMIC_64_SUPPORT -DMETAL_INTERNAL -DMETAL_MAX_DEVICE_REGIONS=2 -DVIRTIO_SLAVE_ONLY -DUSE_HAL_DRIVER -DSTM32MP157Dxx -c -I../OPENAMP -I../Core/Inc -IC:/Users/derko/STM32Cube/Repository/STM32Cube_FW_MP1_V1.7.0/Middlewares/Third_Party/OpenAMP/open-amp/lib/include -IC:/Users/derko/STM32Cube/Repository/STM32Cube_FW_MP1_V1.7.0/Middlewares/Third_Party/OpenAMP/libmetal/lib/include -IC:/Users/derko/STM32Cube/Repository/STM32Cube_FW_MP1_V1.7.0/Drivers/STM32MP1xx_HAL_Driver/Inc -IC:/Users/derko/STM32Cube/Repository/STM32Cube_FW_MP1_V1.7.0/Drivers/STM32MP1xx_HAL_Driver/Inc/Legacy -IC:/Users/derko/STM32Cube/Repository/STM32Cube_FW_MP1_V1.7.0/Drivers/CMSIS/Device/ST/STM32MP1xx/Include -IC:/Users/derko/STM32Cube/Repository/STM32Cube_FW_MP1_V1.7.0/Middlewares/Third_Party/OpenAMP/virtual_driver -IC:/Users/derko/STM32Cube/Repository/STM32Cube_FW_MP1_V1.7.0/Drivers/CMSIS/Include -O0 -ffunction-sections -fdata-sections -Wall -fstack-usage -fcyclomatic-complexity -MMD -MP -MF"Core/Src/stm32mp1xx_hal_msp.d" -MT"Core/Src/stm32mp1xx_hal_msp.o" --specs=nano.specs -mfpu=fpv4-sp-d16 -mfloat-abi=hard -mthumb -o "Core/Src/stm32mp1xx_hal_msp.o"
arm-none-eabi-gcc "../Core/Src/stm32mp1xx_it.c" -mcpu=cortex-m4 -std=gnu11 -g3 -DDEBUG -DCORE_CM4 -DNO_ATOMIC_64_SUPPORT -DMETAL_INTERNAL -DMETAL_MAX_DEVICE_REGIONS=2 -DVIRTIO_SLAVE_ONLY -DUSE_HAL_DRIVER -DSTM32MP157Dxx -c -I../OPENAMP -I../Core/Inc -IC:/Users/derko/STM32Cube/Repository/STM32Cube_FW_MP1_V1.7.0/Middlewares/Third_Party/OpenAMP/open-amp/lib/include -IC:/Users/derko/STM32Cube/Repository/STM32Cube_FW_MP1_V1.7.0/Middlewares/Third_Party/OpenAMP/libmetal/lib/include -IC:/Users/derko/STM32Cube/Repository/STM32Cube_FW_MP1_V1.7.0/Drivers/STM32MP1xx_HAL_Driver/Inc -IC:/Users/derko/STM32Cube/Repository/STM32Cube_FW_MP1_V1.7.0/Drivers/STM32MP1xx_HAL_Driver/Inc/Legacy -IC:/Users/derko/STM32Cube/Repository/STM32Cube_FW_MP1_V1.7.0/Drivers/CMSIS/Device/ST/STM32MP1xx/Include -IC:/Users/derko/STM32Cube/Repository/STM32Cube_FW_MP1_V1.7.0/Middlewares/Third_Party/OpenAMP/virtual_driver -IC:/Users/derko/STM32Cube/Repository/STM32Cube_FW_MP1_V1.7.0/Drivers/CMSIS/Include -O0 -ffunction-sections -fdata-sections -Wall -fstack-usage -fcyclomatic-complexity -MMD -MP -MF"Core/Src/stm32mp1xx_it.d" -MT"Core/Src/stm32mp1xx_it.o" --specs=nano.specs -mfpu=fpv4-sp-d16 -mfloat-abi=hard -mthumb -o "Core/Src/stm32mp1xx_it.o"
arm-none-eabi-gcc "../Core/Src/syscalls.c" -mcpu=cortex-m4 -std=gnu11 -g3 -DDEBUG -DCORE_CM4 -DNO_ATOMIC_64_SUPPORT -DMETAL_INTERNAL -DMETAL_MAX_DEVICE_REGIONS=2 -DVIRTIO_SLAVE_ONLY -DUSE_HAL_DRIVER -DSTM32MP157Dxx -c -I../OPENAMP -I../Core/Inc -IC:/Users/derko/STM32Cube/Repository/STM32Cube_FW_MP1_V1.7.0/Middlewares/Third_Party/OpenAMP/open-amp/lib/include -IC:/Users/derko/STM32Cube/Repository/STM32Cube_FW_MP1_V1.7.0/Middlewares/Third_Party/OpenAMP/libmetal/lib/include -IC:/Users/derko/STM32Cube/Repository/STM32Cube_FW_MP1_V1.7.0/Drivers/STM32MP1xx_HAL_Driver/Inc -IC:/Users/derko/STM32Cube/Repository/STM32Cube_FW_MP1_V1.7.0/Drivers/STM32MP1xx_HAL_Driver/Inc/Legacy -IC:/Users/derko/STM32Cube/Repository/STM32Cube_FW_MP1_V1.7.0/Drivers/CMSIS/Device/ST/STM32MP1xx/Include -IC:/Users/derko/STM32Cube/Repository/STM32Cube_FW_MP1_V1.7.0/Middlewares/Third_Party/OpenAMP/virtual_driver -IC:/Users/derko/STM32Cube/Repository/STM32Cube_FW_MP1_V1.7.0/Drivers/CMSIS/Include -O0 -ffunction-sections -fdata-sections -Wall -fstack-usage -fcyclomatic-complexity -MMD -MP -MF"Core/Src/syscalls.d" -MT"Core/Src/syscalls.o" --specs=nano.specs -mfpu=fpv4-sp-d16 -mfloat-abi=hard -mthumb -o "Core/Src/syscalls.o"
arm-none-eabi-gcc "../Core/Src/sysmem.c" -mcpu=cortex-m4 -std=gnu11 -g3 -DDEBUG -DCORE_CM4 -DNO_ATOMIC_64_SUPPORT -DMETAL_INTERNAL -DMETAL_MAX_DEVICE_REGIONS=2 -DVIRTIO_SLAVE_ONLY -DUSE_HAL_DRIVER -DSTM32MP157Dxx -c -I../OPENAMP -I../Core/Inc -IC:/Users/derko/STM32Cube/Repository/STM32Cube_FW_MP1_V1.7.0/Middlewares/Third_Party/OpenAMP/open-amp/lib/include -IC:/Users/derko/STM32Cube/Repository/STM32Cube_FW_MP1_V1.7.0/Middlewares/Third_Party/OpenAMP/libmetal/lib/include -IC:/Users/derko/STM32Cube/Repository/STM32Cube_FW_MP1_V1.7.0/Drivers/STM32MP1xx_HAL_Driver/Inc -IC:/Users/derko/STM32Cube/Repository/STM32Cube_FW_MP1_V1.7.0/Drivers/STM32MP1xx_HAL_Driver/Inc/Legacy -IC:/Users/derko/STM32Cube/Repository/STM32Cube_FW_MP1_V1.7.0/Drivers/CMSIS/Device/ST/STM32MP1xx/Include -IC:/Users/derko/STM32Cube/Repository/STM32Cube_FW_MP1_V1.7.0/Middlewares/Third_Party/OpenAMP/virtual_driver -IC:/Users/derko/STM32Cube/Repository/STM32Cube_FW_MP1_V1.7.0/Drivers/CMSIS/Include -O0 -ffunction-sections -fdata-sections -Wall -fstack-usage -fcyclomatic-complexity -MMD -MP -MF"Core/Src/sysmem.d" -MT"Core/Src/sysmem.o" --specs=nano.specs -mfpu=fpv4-sp-d16 -mfloat-abi=hard -mthumb -o "Core/Src/sysmem.o"
In file included from ../Core/Src/mfcr522.c:3:
../Core/Inc/mfrc522.h:6:10: fatal error: main.h: No such file or directory
    6 | #include "main.h"
      |          ^~~~~~~~
compilation terminated.
../Core/Src/stm32mp1xx_hal_msp.c:22:10: fatal error: main.h: No such file or directory
   22 | #include "main.h"
      |          ^~~~~~~~
../Core/Src/main.c:4:10: fatal error: main.h: No such file or directory
    4 | #include "main.h"
      |          ^~~~~~~~
compilation terminated.
compilation terminated.
../Core/Src/stm32mp1xx_it.c:21:10: fatal error: main.h: No such file or directory
   21 | #include "main.h"
      |          ^~~~~~~~
compilation terminated.
make: *** [Core/Src/subdir.mk:34: Core/Src/main.o] Error 1
make: *** Waiting for unfinished jobs....
make: *** [Core/Src/subdir.mk:34: Core/Src/mfcr522.o] Error 1
make: *** [Core/Src/subdir.mk:34: Core/Src/stm32mp1xx_hal_msp.o] Error 1
make: *** [Core/Src/subdir.mk:34: Core/Src/stm32mp1xx_it.o] Error 1
"make -j16 all" terminated with exit code 2. Build might be incomplete.
14:59:48 **** Incremental Build of configuration Debug for project RFIDtest_CM4 ****
make -j16 all 
arm-none-eabi-gcc "../Core/Src/main.c" -mcpu=cortex-m4 -std=gnu11 -g3 -DDEBUG -DCORE_CM4 -DNO_ATOMIC_64_SUPPORT -DMETAL_INTERNAL -DMETAL_MAX_DEVICE_REGIONS=2 -DVIRTIO_SLAVE_ONLY -DUSE_HAL_DRIVER -DSTM32MP157Dxx -c -I../OPENAMP -I../Core/Inc -IC:/Users/derko/STM32Cube/Repository/STM32Cube_FW_MP1_V1.7.0/Middlewares/Third_Party/OpenAMP/open-amp/lib/include -IC:/Users/derko/STM32Cube/Repository/STM32Cube_FW_MP1_V1.7.0/Middlewares/Third_Party/OpenAMP/libmetal/lib/include -IC:/Users/derko/STM32Cube/Repository/STM32Cube_FW_MP1_V1.7.0/Drivers/STM32MP1xx_HAL_Driver/Inc -IC:/Users/derko/STM32Cube/Repository/STM32Cube_FW_MP1_V1.7.0/Drivers/STM32MP1xx_HAL_Driver/Inc/Legacy -IC:/Users/derko/STM32Cube/Repository/STM32Cube_FW_MP1_V1.7.0/Drivers/CMSIS/Device/ST/STM32MP1xx/Include -IC:/Users/derko/STM32Cube/Repository/STM32Cube_FW_MP1_V1.7.0/Middlewares/Third_Party/OpenAMP/virtual_driver -IC:/Users/derko/STM32Cube/Repository/STM32Cube_FW_MP1_V1.7.0/Drivers/CMSIS/Include -O0 -ffunction-sections -fdata-sections -Wall -fstack-usage -fcyclomatic-complexity -MMD -MP -MF"Core/Src/main.d" -MT"Core/Src/main.o" --specs=nano.specs -mfpu=fpv4-sp-d16 -mfloat-abi=hard -mthumb -o "Core/Src/main.o"
arm-none-eabi-gcc "../Core/Src/mfcr522.c" -mcpu=cortex-m4 -std=gnu11 -g3 -DDEBUG -DCORE_CM4 -DNO_ATOMIC_64_SUPPORT -DMETAL_INTERNAL -DMETAL_MAX_DEVICE_REGIONS=2 -DVIRTIO_SLAVE_ONLY -DUSE_HAL_DRIVER -DSTM32MP157Dxx -c -I../OPENAMP -I../Core/Inc -IC:/Users/derko/STM32Cube/Repository/STM32Cube_FW_MP1_V1.7.0/Middlewares/Third_Party/OpenAMP/open-amp/lib/include -IC:/Users/derko/STM32Cube/Repository/STM32Cube_FW_MP1_V1.7.0/Middlewares/Third_Party/OpenAMP/libmetal/lib/include -IC:/Users/derko/STM32Cube/Repository/STM32Cube_FW_MP1_V1.7.0/Drivers/STM32MP1xx_HAL_Driver/Inc -IC:/Users/derko/STM32Cube/Repository/STM32Cube_FW_MP1_V1.7.0/Drivers/STM32MP1xx_HAL_Driver/Inc/Legacy -IC:/Users/derko/STM32Cube/Repository/STM32Cube_FW_MP1_V1.7.0/Drivers/CMSIS/Device/ST/STM32MP1xx/Include -IC:/Users/derko/STM32Cube/Repository/STM32Cube_FW_MP1_V1.7.0/Middlewares/Third_Party/OpenAMP/virtual_driver -IC:/Users/derko/STM32Cube/Repository/STM32Cube_FW_MP1_V1.7.0/Drivers/CMSIS/Include -O0 -ffunction-sections -fdata-sections -Wall -fstack-usage -fcyclomatic-complexity -MMD -MP -MF"Core/Src/mfcr522.d" -MT"Core/Src/mfcr522.o" --specs=nano.specs -mfpu=fpv4-sp-d16 -mfloat-abi=hard -mthumb -o "Core/Src/mfcr522.o"
arm-none-eabi-gcc "../Core/Src/stm32mp1xx_hal_msp.c" -mcpu=cortex-m4 -std=gnu11 -g3 -DDEBUG -DCORE_CM4 -DNO_ATOMIC_64_SUPPORT -DMETAL_INTERNAL -DMETAL_MAX_DEVICE_REGIONS=2 -DVIRTIO_SLAVE_ONLY -DUSE_HAL_DRIVER -DSTM32MP157Dxx -c -I../OPENAMP -I../Core/Inc -IC:/Users/derko/STM32Cube/Repository/STM32Cube_FW_MP1_V1.7.0/Middlewares/Third_Party/OpenAMP/open-amp/lib/include -IC:/Users/derko/STM32Cube/Repository/STM32Cube_FW_MP1_V1.7.0/Middlewares/Third_Party/OpenAMP/libmetal/lib/include -IC:/Users/derko/STM32Cube/Repository/STM32Cube_FW_MP1_V1.7.0/Drivers/STM32MP1xx_HAL_Driver/Inc -IC:/Users/derko/STM32Cube/Repository/STM32Cube_FW_MP1_V1.7.0/Drivers/STM32MP1xx_HAL_Driver/Inc/Legacy -IC:/Users/derko/STM32Cube/Repository/STM32Cube_FW_MP1_V1.7.0/Drivers/CMSIS/Device/ST/STM32MP1xx/Include -IC:/Users/derko/STM32Cube/Repository/STM32Cube_FW_MP1_V1.7.0/Middlewares/Third_Party/OpenAMP/virtual_driver -IC:/Users/derko/STM32Cube/Repository/STM32Cube_FW_MP1_V1.7.0/Drivers/CMSIS/Include -O0 -ffunction-sections -fdata-sections -Wall -fstack-usage -fcyclomatic-complexity -MMD -MP -MF"Core/Src/stm32mp1xx_hal_msp.d" -MT"Core/Src/stm32mp1xx_hal_msp.o" --specs=nano.specs -mfpu=fpv4-sp-d16 -mfloat-abi=hard -mthumb -o "Core/Src/stm32mp1xx_hal_msp.o"
arm-none-eabi-gcc "../Core/Src/stm32mp1xx_it.c" -mcpu=cortex-m4 -std=gnu11 -g3 -DDEBUG -DCORE_CM4 -DNO_ATOMIC_64_SUPPORT -DMETAL_INTERNAL -DMETAL_MAX_DEVICE_REGIONS=2 -DVIRTIO_SLAVE_ONLY -DUSE_HAL_DRIVER -DSTM32MP157Dxx -c -I../OPENAMP -I../Core/Inc -IC:/Users/derko/STM32Cube/Repository/STM32Cube_FW_MP1_V1.7.0/Middlewares/Third_Party/OpenAMP/open-amp/lib/include -IC:/Users/derko/STM32Cube/Repository/STM32Cube_FW_MP1_V1.7.0/Middlewares/Third_Party/OpenAMP/libmetal/lib/include -IC:/Users/derko/STM32Cube/Repository/STM32Cube_FW_MP1_V1.7.0/Drivers/STM32MP1xx_HAL_Driver/Inc -IC:/Users/derko/STM32Cube/Repository/STM32Cube_FW_MP1_V1.7.0/Drivers/STM32MP1xx_HAL_Driver/Inc/Legacy -IC:/Users/derko/STM32Cube/Repository/STM32Cube_FW_MP1_V1.7.0/Drivers/CMSIS/Device/ST/STM32MP1xx/Include -IC:/Users/derko/STM32Cube/Repository/STM32Cube_FW_MP1_V1.7.0/Middlewares/Third_Party/OpenAMP/virtual_driver -IC:/Users/derko/STM32Cube/Repository/STM32Cube_FW_MP1_V1.7.0/Drivers/CMSIS/Include -O0 -ffunction-sections -fdata-sections -Wall -fstack-usage -fcyclomatic-complexity -MMD -MP -MF"Core/Src/stm32mp1xx_it.d" -MT"Core/Src/stm32mp1xx_it.o" --specs=nano.specs -mfpu=fpv4-sp-d16 -mfloat-abi=hard -mthumb -o "Core/Src/stm32mp1xx_it.o"
arm-none-eabi-gcc -o "RFIDtest_CM4.elf" @"objects.list"   -mcpu=cortex-m4 -T"C:\Users\derko\STM32CubeIDE\workspace_1.19.0\RFIDtest\CM4\STM32MP157DACX_RAM.ld" --specs=nosys.specs -Wl,-Map="RFIDtest_CM4.map" -Wl,--gc-sections -static --specs=nano.specs -mfpu=fpv4-sp-d16 -mfloat-abi=hard -mthumb -Wl,--start-group -lc -lm -Wl,--end-group
Finished building target: RFIDtest_CM4.elf
 
arm-none-eabi-size  RFIDtest_CM4.elf 
arm-none-eabi-objdump -h -S RFIDtest_CM4.elf  > "RFIDtest_CM4.list"
   text	   data	    bss	    dec	    hex	filename
  38608	    288	   2388	  41284	   a144	RFIDtest_CM4.elf
Finished building: default.size.stdout
 
Finished building: RFIDtest_CM4.list
 
14:59:53 **** Incremental Build of configuration Debug for project RFIDtest_CM4 ****
make -j16 all 
arm-none-eabi-size  RFIDtest_CM4.elf 
   text	   data	    bss	    dec	    hex	filename
  38608	    288	   2388	  41284	   a144	RFIDtest_CM4.elf
Finished building: default.size.stdout
 
15:00:37 **** Incremental Build of configuration Debug for project RFIDtest_CM4 ****
make -j16 all 
arm-none-eabi-gcc "../Core/Src/main.c" -mcpu=cortex-m4 -std=gnu11 -g3 -DDEBUG -DCORE_CM4 -DNO_ATOMIC_64_SUPPORT -DMETAL_INTERNAL -DMETAL_MAX_DEVICE_REGIONS=2 -DVIRTIO_SLAVE_ONLY -DUSE_HAL_DRIVER -DSTM32MP157Dxx -c -I../OPENAMP -I../Core/Inc -IC:/Users/derko/STM32Cube/Repository/STM32Cube_FW_MP1_V1.7.0/Middlewares/Third_Party/OpenAMP/open-amp/lib/include -IC:/Users/derko/STM32Cube/Repository/STM32Cube_FW_MP1_V1.7.0/Middlewares/Third_Party/OpenAMP/libmetal/lib/include -IC:/Users/derko/STM32Cube/Repository/STM32Cube_FW_MP1_V1.7.0/Drivers/STM32MP1xx_HAL_Driver/Inc -IC:/Users/derko/STM32Cube/Repository/STM32Cube_FW_MP1_V1.7.0/Drivers/STM32MP1xx_HAL_Driver/Inc/Legacy -IC:/Users/derko/STM32Cube/Repository/STM32Cube_FW_MP1_V1.7.0/Drivers/CMSIS/Device/ST/STM32MP1xx/Include -IC:/Users/derko/STM32Cube/Repository/STM32Cube_FW_MP1_V1.7.0/Middlewares/Third_Party/OpenAMP/virtual_driver -IC:/Users/derko/STM32Cube/Repository/STM32Cube_FW_MP1_V1.7.0/Drivers/CMSIS/Include -O0 -ffunction-sections -fdata-sections -Wall -fstack-usage -fcyclomatic-complexity -MMD -MP -MF"Core/Src/main.d" -MT"Core/Src/main.o" --specs=nano.specs -mfpu=fpv4-sp-d16 -mfloat-abi=hard -mthumb -o "Core/Src/main.o"
arm-none-eabi-gcc -o "RFIDtest_CM4.elf" @"objects.list"   -mcpu=cortex-m4 -T"C:\Users\derko\STM32CubeIDE\workspace_1.19.0\RFIDtest\CM4\STM32MP157DACX_RAM.ld" --specs=nosys.specs -Wl,-Map="RFIDtest_CM4.map" -Wl,--gc-sections -static --specs=nano.specs -mfpu=fpv4-sp-d16 -mfloat-abi=hard -mthumb -Wl,--start-group -lc -lm -Wl,--end-group
Finished building target: RFIDtest_CM4.elf
 
arm-none-eabi-size  RFIDtest_CM4.elf 
arm-none-eabi-objdump -h -S RFIDtest_CM4.elf  > "RFIDtest_CM4.list"
   text	   data	    bss	    dec	    hex	filename
  38604	    288	   2388	  41280	   a140	RFIDtest_CM4.elf
Finished building: default.size.stdout
 
Finished building: RFIDtest_CM4.list
 
15:03:07 **** Incremental Build of configuration Debug for project RFIDtest_CM4 ****
make -j16 all 
arm-none-eabi-size  RFIDtest_CM4.elf 
   text	   data	    bss	    dec	    hex	filename
  38604	    288	   2388	  41280	   a140	RFIDtest_CM4.elf
Finished building: default.size.stdout
 
