C:/Users/derko/STM32CubeIDE/workspace_1.19.0/dk2-rfid/Drivers/STM32MP1xx_HAL_Driver/Src/stm32mp1xx_hal_spi.c:3548:13:SPI_RxISR_16BIT	0	static
C:/Users/derko/STM32CubeIDE/workspace_1.19.0/dk2-rfid/Drivers/STM32MP1xx_HAL_Driver/Src/stm32mp1xx_hal_spi.c:3591:13:SPI_RxISR_32BIT	0	static
C:/Users/derko/STM32CubeIDE/workspace_1.19.0/dk2-rfid/Drivers/STM32MP1xx_HAL_Driver/Src/stm32mp1xx_hal_spi.c:3664:13:SPI_TxISR_16BIT	0	static
C:/Users/derko/STM32CubeIDE/workspace_1.19.0/dk2-rfid/Drivers/STM32MP1xx_HAL_Driver/Src/stm32mp1xx_hal_spi.c:3706:13:SPI_TxISR_32BIT	0	static
C:/Users/derko/STM32CubeIDE/workspace_1.19.0/dk2-rfid/Drivers/STM32MP1xx_HAL_Driver/Src/stm32mp1xx_hal_spi.c:3742:13:SPI_AbortTransfer	0	static
C:/Users/derko/STM32CubeIDE/workspace_1.19.0/dk2-rfid/Drivers/STM32MP1xx_HAL_Driver/Src/stm32mp1xx_hal_spi.c:3781:13:SPI_CloseTransfer	0	static
C:/Users/derko/STM32CubeIDE/workspace_1.19.0/dk2-rfid/Drivers/STM32MP1xx_HAL_Driver/Src/stm32mp1xx_hal_spi.c:3511:13:SPI_RxISR_8BIT	0	static
C:/Users/derko/STM32CubeIDE/workspace_1.19.0/dk2-rfid/Drivers/STM32MP1xx_HAL_Driver/Src/stm32mp1xx_hal_spi.c:3628:13:SPI_TxISR_8BIT	0	static
C:/Users/derko/STM32CubeIDE/workspace_1.19.0/dk2-rfid/Drivers/STM32MP1xx_HAL_Driver/Src/stm32mp1xx_hal_spi.c:523:13:HAL_SPI_MspInit	0	static
C:/Users/derko/STM32CubeIDE/workspace_1.19.0/dk2-rfid/Drivers/STM32MP1xx_HAL_Driver/Src/stm32mp1xx_hal_spi.c:241:19:HAL_SPI_Init	24	static
C:/Users/derko/STM32CubeIDE/workspace_1.19.0/dk2-rfid/Drivers/STM32MP1xx_HAL_Driver/Src/stm32mp1xx_hal_spi.c:539:13:HAL_SPI_MspDeInit	0	static
C:/Users/derko/STM32CubeIDE/workspace_1.19.0/dk2-rfid/Drivers/STM32MP1xx_HAL_Driver/Src/stm32mp1xx_hal_spi.c:479:19:HAL_SPI_DeInit	8	static
C:/Users/derko/STM32CubeIDE/workspace_1.19.0/dk2-rfid/Drivers/STM32MP1xx_HAL_Driver/Src/stm32mp1xx_hal_spi.c:819:19:HAL_SPI_Transmit	32	static
C:/Users/derko/STM32CubeIDE/workspace_1.19.0/dk2-rfid/Drivers/STM32MP1xx_HAL_Driver/Src/stm32mp1xx_hal_spi.c:1042:19:HAL_SPI_Receive	32	static
C:/Users/derko/STM32CubeIDE/workspace_1.19.0/dk2-rfid/Drivers/STM32MP1xx_HAL_Driver/Src/stm32mp1xx_hal_spi.c:1243:19:HAL_SPI_TransmitReceive	32	static
C:/Users/derko/STM32CubeIDE/workspace_1.19.0/dk2-rfid/Drivers/STM32MP1xx_HAL_Driver/Src/stm32mp1xx_hal_spi.c:1462:19:HAL_SPI_Transmit_IT	8	static
C:/Users/derko/STM32CubeIDE/workspace_1.19.0/dk2-rfid/Drivers/STM32MP1xx_HAL_Driver/Src/stm32mp1xx_hal_spi.c:1550:19:HAL_SPI_Receive_IT	8	static
C:/Users/derko/STM32CubeIDE/workspace_1.19.0/dk2-rfid/Drivers/STM32MP1xx_HAL_Driver/Src/stm32mp1xx_hal_spi.c:1644:19:HAL_SPI_TransmitReceive_IT	16	static
C:/Users/derko/STM32CubeIDE/workspace_1.19.0/dk2-rfid/Drivers/STM32MP1xx_HAL_Driver/Src/stm32mp1xx_hal_spi.c:1969:19:HAL_SPI_Transmit_DMA	24	static
C:/Users/derko/STM32CubeIDE/workspace_1.19.0/dk2-rfid/Drivers/STM32MP1xx_HAL_Driver/Src/stm32mp1xx_hal_spi.c:2121:19:HAL_SPI_Receive_DMA	24	static
C:/Users/derko/STM32CubeIDE/workspace_1.19.0/dk2-rfid/Drivers/STM32MP1xx_HAL_Driver/Src/stm32mp1xx_hal_spi.c:2273:19:HAL_SPI_TransmitReceive_DMA	24	static
C:/Users/derko/STM32CubeIDE/workspace_1.19.0/dk2-rfid/Drivers/STM32MP1xx_HAL_Driver/Src/stm32mp1xx_hal_spi.c:2470:19:HAL_SPI_Abort	16	static
C:/Users/derko/STM32CubeIDE/workspace_1.19.0/dk2-rfid/Drivers/STM32MP1xx_HAL_Driver/Src/stm32mp1xx_hal_spi.c:2755:19:HAL_SPI_DMAPause	0	static
C:/Users/derko/STM32CubeIDE/workspace_1.19.0/dk2-rfid/Drivers/STM32MP1xx_HAL_Driver/Src/stm32mp1xx_hal_spi.c:2770:19:HAL_SPI_DMAResume	0	static
C:/Users/derko/STM32CubeIDE/workspace_1.19.0/dk2-rfid/Drivers/STM32MP1xx_HAL_Driver/Src/stm32mp1xx_hal_spi.c:2785:19:HAL_SPI_DMAStop	0	static
C:/Users/derko/STM32CubeIDE/workspace_1.19.0/dk2-rfid/Drivers/STM32MP1xx_HAL_Driver/Src/stm32mp1xx_hal_spi.c:3053:13:HAL_SPI_TxCpltCallback	0	static
C:/Users/derko/STM32CubeIDE/workspace_1.19.0/dk2-rfid/Drivers/STM32MP1xx_HAL_Driver/Src/stm32mp1xx_hal_spi.c:3254:13:SPI_DMATransmitCplt	8	static
C:/Users/derko/STM32CubeIDE/workspace_1.19.0/dk2-rfid/Drivers/STM32MP1xx_HAL_Driver/Src/stm32mp1xx_hal_spi.c:3069:13:HAL_SPI_RxCpltCallback	0	static
C:/Users/derko/STM32CubeIDE/workspace_1.19.0/dk2-rfid/Drivers/STM32MP1xx_HAL_Driver/Src/stm32mp1xx_hal_spi.c:3282:13:SPI_DMAReceiveCplt	8	static
C:/Users/derko/STM32CubeIDE/workspace_1.19.0/dk2-rfid/Drivers/STM32MP1xx_HAL_Driver/Src/stm32mp1xx_hal_spi.c:3085:13:HAL_SPI_TxRxCpltCallback	0	static
C:/Users/derko/STM32CubeIDE/workspace_1.19.0/dk2-rfid/Drivers/STM32MP1xx_HAL_Driver/Src/stm32mp1xx_hal_spi.c:3310:13:SPI_DMATransmitReceiveCplt	8	static
C:/Users/derko/STM32CubeIDE/workspace_1.19.0/dk2-rfid/Drivers/STM32MP1xx_HAL_Driver/Src/stm32mp1xx_hal_spi.c:3101:13:HAL_SPI_TxHalfCpltCallback	0	static
C:/Users/derko/STM32CubeIDE/workspace_1.19.0/dk2-rfid/Drivers/STM32MP1xx_HAL_Driver/Src/stm32mp1xx_hal_spi.c:3338:13:SPI_DMAHalfTransmitCplt	8	static
C:/Users/derko/STM32CubeIDE/workspace_1.19.0/dk2-rfid/Drivers/STM32MP1xx_HAL_Driver/Src/stm32mp1xx_hal_spi.c:3117:13:HAL_SPI_RxHalfCpltCallback	0	static
C:/Users/derko/STM32CubeIDE/workspace_1.19.0/dk2-rfid/Drivers/STM32MP1xx_HAL_Driver/Src/stm32mp1xx_hal_spi.c:3355:13:SPI_DMAHalfReceiveCplt	8	static
C:/Users/derko/STM32CubeIDE/workspace_1.19.0/dk2-rfid/Drivers/STM32MP1xx_HAL_Driver/Src/stm32mp1xx_hal_spi.c:3133:13:HAL_SPI_TxRxHalfCpltCallback	0	static
C:/Users/derko/STM32CubeIDE/workspace_1.19.0/dk2-rfid/Drivers/STM32MP1xx_HAL_Driver/Src/stm32mp1xx_hal_spi.c:3372:13:SPI_DMAHalfTransmitReceiveCplt	8	static
C:/Users/derko/STM32CubeIDE/workspace_1.19.0/dk2-rfid/Drivers/STM32MP1xx_HAL_Driver/Src/stm32mp1xx_hal_spi.c:3149:13:HAL_SPI_ErrorCallback	0	static
C:/Users/derko/STM32CubeIDE/workspace_1.19.0/dk2-rfid/Drivers/STM32MP1xx_HAL_Driver/Src/stm32mp1xx_hal_spi.c:3389:13:SPI_DMAError	8	static
C:/Users/derko/STM32CubeIDE/workspace_1.19.0/dk2-rfid/Drivers/STM32MP1xx_HAL_Driver/Src/stm32mp1xx_hal_spi.c:3415:13:SPI_DMAAbortOnError	8	static
C:/Users/derko/STM32CubeIDE/workspace_1.19.0/dk2-rfid/Drivers/STM32MP1xx_HAL_Driver/Src/stm32mp1xx_hal_spi.c:3167:13:HAL_SPI_AbortCpltCallback	0	static
C:/Users/derko/STM32CubeIDE/workspace_1.19.0/dk2-rfid/Drivers/STM32MP1xx_HAL_Driver/Src/stm32mp1xx_hal_spi.c:2606:19:HAL_SPI_Abort_IT	24	static
C:/Users/derko/STM32CubeIDE/workspace_1.19.0/dk2-rfid/Drivers/STM32MP1xx_HAL_Driver/Src/stm32mp1xx_hal_spi.c:3476:13:SPI_DMARxAbortCallback	8	static
C:/Users/derko/STM32CubeIDE/workspace_1.19.0/dk2-rfid/Drivers/STM32MP1xx_HAL_Driver/Src/stm32mp1xx_hal_spi.c:3439:13:SPI_DMATxAbortCallback	8	static
C:/Users/derko/STM32CubeIDE/workspace_1.19.0/dk2-rfid/Drivers/STM32MP1xx_HAL_Driver/Src/stm32mp1xx_hal_spi.c:3182:13:HAL_SPI_SuspendCallback	0	static
C:/Users/derko/STM32CubeIDE/workspace_1.19.0/dk2-rfid/Drivers/STM32MP1xx_HAL_Driver/Src/stm32mp1xx_hal_spi.c:2799:6:HAL_SPI_IRQHandler	32	static
C:/Users/derko/STM32CubeIDE/workspace_1.19.0/dk2-rfid/Drivers/STM32MP1xx_HAL_Driver/Src/stm32mp1xx_hal_spi.c:3217:22:HAL_SPI_GetState	0	static
C:/Users/derko/STM32CubeIDE/workspace_1.19.0/dk2-rfid/Drivers/STM32MP1xx_HAL_Driver/Src/stm32mp1xx_hal_spi.c:3229:10:HAL_SPI_GetError	0	static
