../Core/Src/main.c:115:5:main	7
../Core/Src/main.c:241:6:SystemClock_Config	3
../Core/Src/main.c:326:6:PeriphCommonClock_Config	2
../Core/Src/main.c:345:13:MX_IPCC_Init	2
../Core/Src/main.c:371:13:MX_SPI5_Init	2
../Core/Src/main.c:419:13:MX_TIM1_Init	7
../Core/Src/main.c:501:13:MX_TIM16_Init	5
../Core/Src/main.c:562:13:MX_DMA_Init	1
../Core/Src/main.c:576:13:MX_GPIO_Init	1
../Core/Src/main.c:607:6:VIRT_UART_RxCpltCallback	6
../Core/Src/main.c:632:6:ProcessCommand	9
../Core/Src/main.c:692:6:ExecuteScanOnce	11
../Core/Src/main.c:780:6:ExecuteReadBlock	10
../Core/Src/main.c:838:6:ExecuteWriteBlock	8
../Core/Src/main.c:892:6:qprint	2
../Core/Src/main.c:930:6:Error_Handler	1
