../Core/Src/main.c:115:5:main	16	static
../Core/Src/main.c:241:6:SystemClock_Config	336	static
../Core/Src/main.c:326:6:PeriphCommonClock_Config	352	static
../Core/Src/main.c:345:13:MX_IPCC_Init	8	static
../Core/Src/main.c:371:13:MX_SPI5_Init	8	static
../Core/Src/main.c:419:13:MX_TIM1_Init	120	static
../Core/Src/main.c:501:13:MX_TIM16_Init	88	static
../Core/Src/main.c:562:13:MX_DMA_Init	4	static
../Core/Src/main.c:576:13:MX_GPIO_Init	32	static
../Core/Src/main.c:607:6:VIRT_UART_RxCpltCallback	24	static
../Core/Src/main.c:632:6:ProcessCommand	32	static
../Core/Src/main.c:692:6:ExecuteScanOnce	16	static
../Core/Src/main.c:780:6:ExecuteReadBlock	24	static
../Core/Src/main.c:838:6:ExecuteWriteBlock	24	static
../Core/Src/main.c:892:6:qprint	272	static
../Core/Src/main.c:930:6:Error_Handler	4	static,ignoring_inline_asm
