../Core/Src/main.c:81:5:main	24	static
../Core/Src/main.c:266:6:VIRT_UART_RxCpltCallback	24	static
../Core/Src/main.c:291:6:ProcessCommand	32	static
../Core/Src/main.c:351:6:ExecuteScanOnce	16	static
../Core/Src/main.c:389:6:ExecuteReadBlock	24	static
../Core/Src/main.c:447:6:ExecuteWriteBlock	24	static
../Core/Src/main.c:501:6:qprint	272	static
../Core/Src/main.c:517:6:SystemClock_Config	336	static
../Core/Src/main.c:589:6:PeriphCommonClock_Config	352	static
../Core/Src/main.c:600:13:MX_IPCC_Init	8	static
../Core/Src/main.c:609:13:MX_SPI5_Init	8	static
../Core/Src/main.c:639:13:MX_DMA_Init	4	static
../Core/Src/main.c:645:13:MX_GPIO_Init	32	static
../Core/Src/main.c:664:6:Error_Handler	4	static,ignoring_inline_asm
