../Core/Src/main.c:81:5:main	16	static
../Core/Src/main.c:188:6:VIRT_UART_RxCpltCallback	24	static
../Core/Src/main.c:213:6:ProcessCommand	32	static
../Core/Src/main.c:273:6:ExecuteScanOnce	16	static
../Core/Src/main.c:359:6:ExecuteReadBlock	24	static
../Core/Src/main.c:417:6:ExecuteWriteBlock	24	static
../Core/Src/main.c:471:6:qprint	272	static
../Core/Src/main.c:487:6:SystemClock_Config	336	static
../Core/Src/main.c:559:6:PeriphCommonClock_Config	352	static
../Core/Src/main.c:570:13:MX_IPCC_Init	8	static
../Core/Src/main.c:579:13:MX_SPI5_Init	8	static
../Core/Src/main.c:609:13:MX_DMA_Init	4	static
../Core/Src/main.c:615:13:MX_GPIO_Init	32	static
../Core/Src/main.c:634:6:Error_Handler	4	static,ignoring_inline_asm
