Archive member included to satisfy reference by file (symbol)

C:/ST/STM32CubeIDE_1.19.0/STM32CubeIDE/plugins/com.st.stm32cube.ide.mcu.externaltools.gnu-tools-for-stm32.13.3.rel1.win32_1.0.0.202411081344/tools/bin/../lib/gcc/arm-none-eabi/13.3.1/../../../../arm-none-eabi/lib/thumb/v7e-m+fp/hard\libc_nano.a(libc_a-assert.o)
                              ./Middlewares/Third_Party/OpenAMP/device.o (__assert_func)
C:/ST/STM32CubeIDE_1.19.0/STM32CubeIDE/plugins/com.st.stm32cube.ide.mcu.externaltools.gnu-tools-for-stm32.13.3.rel1.win32_1.0.0.202411081344/tools/bin/../lib/gcc/arm-none-eabi/13.3.1/../../../../arm-none-eabi/lib/thumb/v7e-m+fp/hard\libc_nano.a(libc_a-atoi.o)
                              ./Core/Src/main.o (atoi)
C:/ST/STM32CubeIDE_1.19.0/STM32CubeIDE/plugins/com.st.stm32cube.ide.mcu.externaltools.gnu-tools-for-stm32.13.3.rel1.win32_1.0.0.202411081344/tools/bin/../lib/gcc/arm-none-eabi/13.3.1/../../../../arm-none-eabi/lib/thumb/v7e-m+fp/hard\libc_nano.a(libc_a-exit.o)
                              C:/ST/STM32CubeIDE_1.19.0/STM32CubeIDE/plugins/com.st.stm32cube.ide.mcu.externaltools.gnu-tools-for-stm32.13.3.rel1.win32_1.0.0.202411081344/tools/bin/../lib/gcc/arm-none-eabi/13.3.1/../../../../arm-none-eabi/lib/thumb/v7e-m+fp/hard/crt0.o (exit)
C:/ST/STM32CubeIDE_1.19.0/STM32CubeIDE/plugins/com.st.stm32cube.ide.mcu.externaltools.gnu-tools-for-stm32.13.3.rel1.win32_1.0.0.202411081344/tools/bin/../lib/gcc/arm-none-eabi/13.3.1/../../../../arm-none-eabi/lib/thumb/v7e-m+fp/hard\libc_nano.a(libc_a-malloc.o)
                              ./Middlewares/Third_Party/OpenAMP/remoteproc_virtio.o (malloc)
C:/ST/STM32CubeIDE_1.19.0/STM32CubeIDE/plugins/com.st.stm32cube.ide.mcu.externaltools.gnu-tools-for-stm32.13.3.rel1.win32_1.0.0.202411081344/tools/bin/../lib/gcc/arm-none-eabi/13.3.1/../../../../arm-none-eabi/lib/thumb/v7e-m+fp/hard\libc_nano.a(libc_a-mallocr.o)
                              C:/ST/STM32CubeIDE_1.19.0/STM32CubeIDE/plugins/com.st.stm32cube.ide.mcu.externaltools.gnu-tools-for-stm32.13.3.rel1.win32_1.0.0.202411081344/tools/bin/../lib/gcc/arm-none-eabi/13.3.1/../../../../arm-none-eabi/lib/thumb/v7e-m+fp/hard\libc_nano.a(libc_a-malloc.o) (_malloc_r)
C:/ST/STM32CubeIDE_1.19.0/STM32CubeIDE/plugins/com.st.stm32cube.ide.mcu.externaltools.gnu-tools-for-stm32.13.3.rel1.win32_1.0.0.202411081344/tools/bin/../lib/gcc/arm-none-eabi/13.3.1/../../../../arm-none-eabi/lib/thumb/v7e-m+fp/hard\libc_nano.a(libc_a-mlock.o)
                              C:/ST/STM32CubeIDE_1.19.0/STM32CubeIDE/plugins/com.st.stm32cube.ide.mcu.externaltools.gnu-tools-for-stm32.13.3.rel1.win32_1.0.0.202411081344/tools/bin/../lib/gcc/arm-none-eabi/13.3.1/../../../../arm-none-eabi/lib/thumb/v7e-m+fp/hard\libc_nano.a(libc_a-mallocr.o) (__malloc_lock)
C:/ST/STM32CubeIDE_1.19.0/STM32CubeIDE/plugins/com.st.stm32cube.ide.mcu.externaltools.gnu-tools-for-stm32.13.3.rel1.win32_1.0.0.202411081344/tools/bin/../lib/gcc/arm-none-eabi/13.3.1/../../../../arm-none-eabi/lib/thumb/v7e-m+fp/hard\libc_nano.a(libc_a-strtol.o)
                              C:/ST/STM32CubeIDE_1.19.0/STM32CubeIDE/plugins/com.st.stm32cube.ide.mcu.externaltools.gnu-tools-for-stm32.13.3.rel1.win32_1.0.0.202411081344/tools/bin/../lib/gcc/arm-none-eabi/13.3.1/../../../../arm-none-eabi/lib/thumb/v7e-m+fp/hard\libc_nano.a(libc_a-atoi.o) (_strtol_r)
C:/ST/STM32CubeIDE_1.19.0/STM32CubeIDE/plugins/com.st.stm32cube.ide.mcu.externaltools.gnu-tools-for-stm32.13.3.rel1.win32_1.0.0.202411081344/tools/bin/../lib/gcc/arm-none-eabi/13.3.1/../../../../arm-none-eabi/lib/thumb/v7e-m+fp/hard\libc_nano.a(libc_a-ctype_.o)
                              C:/ST/STM32CubeIDE_1.19.0/STM32CubeIDE/plugins/com.st.stm32cube.ide.mcu.externaltools.gnu-tools-for-stm32.13.3.rel1.win32_1.0.0.202411081344/tools/bin/../lib/gcc/arm-none-eabi/13.3.1/../../../../arm-none-eabi/lib/thumb/v7e-m+fp/hard\libc_nano.a(libc_a-strtol.o) (_ctype_)
C:/ST/STM32CubeIDE_1.19.0/STM32CubeIDE/plugins/com.st.stm32cube.ide.mcu.externaltools.gnu-tools-for-stm32.13.3.rel1.win32_1.0.0.202411081344/tools/bin/../lib/gcc/arm-none-eabi/13.3.1/../../../../arm-none-eabi/lib/thumb/v7e-m+fp/hard\libc_nano.a(libc_a-findfp.o)
                              C:/ST/STM32CubeIDE_1.19.0/STM32CubeIDE/plugins/com.st.stm32cube.ide.mcu.externaltools.gnu-tools-for-stm32.13.3.rel1.win32_1.0.0.202411081344/tools/bin/../lib/gcc/arm-none-eabi/13.3.1/../../../../arm-none-eabi/lib/thumb/v7e-m+fp/hard\libc_nano.a(libc_a-exit.o) (__stdio_exit_handler)
C:/ST/STM32CubeIDE_1.19.0/STM32CubeIDE/plugins/com.st.stm32cube.ide.mcu.externaltools.gnu-tools-for-stm32.13.3.rel1.win32_1.0.0.202411081344/tools/bin/../lib/gcc/arm-none-eabi/13.3.1/../../../../arm-none-eabi/lib/thumb/v7e-m+fp/hard\libc_nano.a(libc_a-fprintf.o)
[...]
Memory Configuration

Name             Origin             Length             Attributes
RETRAM_interrupts 0x00000000         0x00000600         xrw
SRAM1_text       0x10000000         0x00020000         xrw
SRAM2_data       0x10020000         0x00020000         xrw
SRAM3_ipc_shm    0x10040000         0x00010000         xrw
SRAM4            0x10050000         0x00010000         xrw
*default*        0x00000000         0xffffffff

Linker script and memory map

LOAD C:/ST/STM32CubeIDE_1.19.0/STM32CubeIDE/plugins/com.st.stm32cube.ide.mcu.externaltools.gnu-tools-for-stm32.13.3.rel1.win32_1.0.0.202411081344/tools/bin/../lib/gcc/arm-none-eabi/13.3.1/thumb/v7e-m+fp/hard/crti.o
LOAD C:/ST/STM32CubeIDE_1.19.0/STM32CubeIDE/plugins/com.st.stm32cube.ide.mcu.externaltools.gnu-tools-for-stm32.13.3.rel1.win32_1.0.0.202411081344/tools/bin/../lib/gcc/arm-none-eabi/13.3.1/thumb/v7e-m+fp/hard/crtbegin.o
LOAD C:/ST/STM32CubeIDE_1.19.0/STM32CubeIDE/plugins/com.st.stm32cube.ide.mcu.externaltools.gnu-tools-for-stm32.13.3.rel1.win32_1.0.0.202411081344/tools/bin/../lib/gcc/arm-none-eabi/13.3.1/../../../../arm-none-eabi/lib/thumb/v7e-m+fp/hard/crt0.o
LOAD ./Common/System/system_stm32mp1xx.o
LOAD ./Core/Src/main.o
LOAD ./Core/Src/mfcr522.o
LOAD ./Core/Src/stm32mp1xx_hal_msp.o
LOAD ./Core/Src/stm32mp1xx_it.o
LOAD ./Core/Src/syscalls.o
LOAD ./Core/Src/sysmem.o
LOAD ./Core/Startup/startup_stm32mp157facx.o
LOAD ./Drivers/STM32MP1xx_HAL_Driver/stm32mp1xx_hal.o
LOAD ./Drivers/STM32MP1xx_HAL_Driver/stm32mp1xx_hal_cortex.o
LOAD ./Drivers/STM32MP1xx_HAL_Driver/stm32mp1xx_hal_dma.o
LOAD ./Drivers/STM32MP1xx_HAL_Driver/stm32mp1xx_hal_dma_ex.o
LOAD ./Drivers/STM32MP1xx_HAL_Driver/stm32mp1xx_hal_exti.o
LOAD ./Drivers/STM32MP1xx_HAL_Driver/stm32mp1xx_hal_gpio.o
LOAD ./Drivers/STM32MP1xx_HAL_Driver/stm32mp1xx_hal_hsem.o
LOAD ./Drivers/STM32MP1xx_HAL_Driver/stm32mp1xx_hal_ipcc.o
LOAD ./Drivers/STM32MP1xx_HAL_Driver/stm32mp1xx_hal_mdma.o
LOAD ./Drivers/STM32MP1xx_HAL_Driver/stm32mp1xx_hal_pwr.o
LOAD ./Drivers/STM32MP1xx_HAL_Driver/stm32mp1xx_hal_pwr_ex.o
LOAD ./Drivers/STM32MP1xx_HAL_Driver/stm32mp1xx_hal_rcc.o
LOAD ./Drivers/STM32MP1xx_HAL_Driver/stm32mp1xx_hal_rcc_ex.o
LOAD ./Drivers/STM32MP1xx_HAL_Driver/stm32mp1xx_hal_spi.o
LOAD ./Drivers/STM32MP1xx_HAL_Driver/stm32mp1xx_hal_spi_ex.o
LOAD ./Middlewares/Third_Party/OpenAMP/condition.o
LOAD ./Middlewares/Third_Party/OpenAMP/device.o
LOAD ./Middlewares/Third_Party/OpenAMP/generic_device.o
LOAD ./Middlewares/Third_Party/OpenAMP/generic_init.o
LOAD ./Middlewares/Third_Party/OpenAMP/generic_io.o
LOAD ./Middlewares/Third_Party/OpenAMP/generic_shmem.o
LOAD ./Middlewares/Third_Party/OpenAMP/init.o
LOAD ./Middlewares/Third_Party/OpenAMP/io.o
LOAD ./Middlewares/Third_Party/OpenAMP/log.o
LOAD ./Middlewares/Third_Party/OpenAMP/remoteproc_virtio.o
LOAD ./Middlewares/Third_Party/OpenAMP/rpmsg.o
LOAD ./Middlewares/Third_Party/OpenAMP/rpmsg_virtio.o
LOAD ./Middlewares/Third_Party/OpenAMP/shmem.o
LOAD ./Middlewares/Third_Party/OpenAMP/sys.o
LOAD ./Middlewares/Third_Party/OpenAMP/time.o
LOAD ./Middlewares/Third_Party/OpenAMP/virt_uart.o
LOAD ./Middlewares/Third_Party/OpenAMP/virtio.o
LOAD ./Middlewares/Third_Party/OpenAMP/virtqueue.o
LOAD ./OPENAMP/mbox_ipcc.o
LOAD ./OPENAMP/openamp.o
LOAD ./OPENAMP/openamp_log.o
LOAD ./OPENAMP/rsc_table.o
START GROUP
LOAD C:/ST/STM32CubeIDE_1.19.0/STM32CubeIDE/plugins/com.st.stm32cube.ide.mcu.externaltools.gnu-tools-for-stm32.13.3.rel1.win32_1.0.0.202411081344/tools/bin/../lib/gcc/arm-none-eabi/13.3.1/../../../../arm-none-eabi/lib/thumb/v7e-m+fp/hard\libc_nano.a
LOAD C:/ST/STM32CubeIDE_1.19.0/STM32CubeIDE/plugins/com.st.stm32cube.ide.mcu.externaltools.gnu-tools-for-stm32.13.3.rel1.win32_1.0.0.202411081344/tools/bin/../lib/gcc/arm-none-eabi/13.3.1/../../../../arm-none-eabi/lib/thumb/v7e-m+fp/hard\libm.a
END GROUP
START GROUP
LOAD C:/ST/STM32CubeIDE_1.19.0/STM32CubeIDE/plugins/com.st.stm32cube.ide.mcu.externaltools.gnu-tools-for-stm32.13.3.rel1.win32_1.0.0.202411081344/tools/bin/../lib/gcc/arm-none-eabi/13.3.1/thumb/v7e-m+fp/hard\libgcc.a
LOAD C:/ST/STM32CubeIDE_1.19.0/STM32CubeIDE/plugins/com.st.stm32cube.ide.mcu.externaltools.gnu-tools-for-stm32.13.3.rel1.win32_1.0.0.202411081344/tools/bin/../lib/gcc/arm-none-eabi/13.3.1/../../../../arm-none-eabi/lib/thumb/v7e-m+fp/hard\libc_nano.a
END GROUP
START GROUP
LOAD C:/ST/STM32CubeIDE_1.19.0/STM32CubeIDE/plugins/com.st.stm32cube.ide.mcu.externaltools.gnu-tools-for-stm32.13.3.rel1.win32_1.0.0.202411081344/tools/bin/../lib/gcc/arm-none-eabi/13.3.1/thumb/v7e-m+fp/hard\libgcc.a
LOAD C:/ST/STM32CubeIDE_1.19.0/STM32CubeIDE/plugins/com.st.stm32cube.ide.mcu.externaltools.gnu-tools-for-stm32.13.3.rel1.win32_1.0.0.202411081344/tools/bin/../lib/gcc/arm-none-eabi/13.3.1/../../../../arm-none-eabi/lib/thumb/v7e-m+fp/hard\libc_nano.a
LOAD C:/ST/STM32CubeIDE_1.19.0/STM32CubeIDE/plugins/com.st.stm32cube.ide.mcu.externaltools.gnu-tools-for-stm32.13.3.rel1.win32_1.0.0.202411081344/tools/bin/../lib/gcc/arm-none-eabi/13.3.1/../../../../arm-none-eabi/lib/thumb/v7e-m+fp/hard\libnosys.a
END GROUP
START GROUP
LOAD C:/ST/STM32CubeIDE_1.19.0/STM32CubeIDE/plugins/com.st.stm32cube.ide.mcu.externaltools.gnu-tools-for-stm32.13.3.rel1.win32_1.0.0.202411081344/tools/bin/../lib/gcc/arm-none-eabi/13.3.1/thumb/v7e-m+fp/hard\libgcc.a
LOAD C:/ST/STM32CubeIDE_1.19.0/STM32CubeIDE/plugins/com.st.stm32cube.ide.mcu.externaltools.gnu-tools-for-stm32.13.3.rel1.win32_1.0.0.202411081344/tools/bin/../lib/gcc/arm-none-eabi/13.3.1/../../../../arm-none-eabi/lib/thumb/v7e-m+fp/hard\libc_nano.a
LOAD C:/ST/STM32CubeIDE_1.19.0/STM32CubeIDE/plugins/com.st.stm32cube.ide.mcu.externaltools.gnu-tools-for-stm32.13.3.rel1.win32_1.0.0.202411081344/tools/bin/../lib/gcc/arm-none-eabi/13.3.1/../../../../arm-none-eabi/lib/thumb/v7e-m+fp/hard\libnosys.a
END GROUP
LOAD C:/ST/STM32CubeIDE_1.19.0/STM32CubeIDE/plugins/com.st.stm32cube.ide.mcu.externaltools.gnu-tools-for-stm32.13.3.rel1.win32_1.0.0.202411081344/tools/bin/../lib/gcc/arm-none-eabi/13.3.1/thumb/v7e-m+fp/hard/crtend.o
LOAD C:/ST/STM32CubeIDE_1.19.0/STM32CubeIDE/plugins/com.st.stm32cube.ide.mcu.externaltools.gnu-tools-for-stm32.13.3.rel1.win32_1.0.0.202411081344/tools/bin/../lib/gcc/arm-none-eabi/13.3.1/thumb/v7e-m+fp/hard/crtn.o
                0x10040000                        _estack = (ORIGIN (SRAM2_data) + LENGTH (SRAM2_data))
                0x00000200                        _Min_Heap_Size = 0x200
                0x00000400                        _Min_Stack_Size = 0x400
                0x10040000                        __OPENAMP_region_start__ = ORIGIN (SRAM3_ipc_shm)
                0x10050000                        __OPENAMP_region_end__ = (ORIGIN (SRAM3_ipc_shm) + LENGTH (SRAM3_ipc_shm))

.isr_vector     0x00000000      0x298
                0x00000000                        . = ALIGN (0x4)
 *(.isr_vector)
 .isr_vector    0x00000000      0x298 ./Core/Startup/startup_stm32mp157facx.o
                0x00000000                g_pfnVectors
                0x00000298                        . = ALIGN (0x4)

.text           0x10000000     0xa980
                0x10000000                        . = ALIGN (0x4)
 *(.text)
 .text          0x10000000       0x40 C:/ST/STM32CubeIDE_1.19.0/STM32CubeIDE/plugins/com.st.stm32cube.ide.mcu.externaltools.gnu-tools-for-stm32.13.3.rel1.win32_1.0.0.202411081344/tools/bin/../lib/gcc/arm-none-eabi/13.3.1/thumb/v7e-m+fp/hard/crtbegin.o
 .text          0x10000040       0x14 C:/ST/STM32CubeIDE_1.19.0/STM32CubeIDE/plugins/com.st.stm32cube.ide.mcu.externaltools.gnu-tools-for-stm32.13.3.rel1.win32_1.0.0.202411081344/tools/bin/../lib/gcc/arm-none-eabi/13.3.1/../../../../arm-none-eabi/lib/thumb/v7e-m+fp/hard\libc_nano.a(libc_a-strcmp.o)
                0x10000040                strcmp
 *fill*         0x10000054        0xc 
 .text          0x10000060       0xa0 C:/ST/STM32CubeIDE_1.19.0/STM32CubeIDE/plugins/com.st.stm32cube.ide.mcu.externaltools.gnu-tools-for-stm32.13.3.rel1.win32_1.0.0.202411081344/tools/bin/../lib/gcc/arm-none-eabi/13.3.1/../../../../arm-none-eabi/lib/thumb/v7e-m+fp/hard\libc_nano.a(libc_a-memchr.o)
                0x10000060                memchr
 *(.text*)
 .text.SystemInit
                0x10000100       0x4c ./Common/System/system_stm32mp1xx.o
                0x10000100                SystemInit
 .text.main     0x1000014c      0x15c ./Core/Src/main.o
                0x1000014c                main
 .text.SystemClock_Config
                0x100002a8      0x2ec ./Core/Src/main.o
                0x100002a8                SystemClock_Config
 .text.PeriphCommonClock_Config
                0x10000594       0x5a ./Core/Src/main.o
                0x10000594                PeriphCommonClock_Config
 *fill*         0x100005ee        0x2 
 .text.MX_IPCC_Init
                0x100005f0       0x28 ./Core/Src/main.o
 .text.MX_SPI5_Init
                0x10000618       0xac ./Core/Src/main.o
 .text.MX_DMA_Init
                0x100006c4       0x22 ./Core/Src/main.o
 .text.MX_GPIO_Init
                0x100006e6       0x36 ./Core/Src/main.o
 .text.VIRT_UART_RxCpltCallback
                0x1000071c       0x98 ./Core/Src/main.o
                0x1000071c                VIRT_UART_RxCpltCallback
 .text.ProcessCommand
                0x100007b4      0x1b4 ./Core/Src/main.o
                0x100007b4                ProcessCommand
 .text.ExecuteScanOnce
                0x10000968      0x1d0 ./Core/Src/main.o
                0x10000968                ExecuteScanOnce
 .text.ExecuteReadBlock
                0x10000b38      0x154 ./Core/Src/main.o
                0x10000b38                ExecuteReadBlock
 .text.ExecuteWriteBlock
                0x10000c8c      0x11c ./Core/Src/main.o
                0x10000c8c                ExecuteWriteBlock
 .text.qprint   0x10000da8       0x64 ./Core/Src/main.o
                0x10000da8                qprint
 .text.Error_Handler
                0x10000e0c        0xc ./Core/Src/main.o
                0x10000e0c                Error_Handler
 .text.MFRC522_Init
                0x10000e18       0x7c ./Core/Src/mfcr522.o
                0x10000e18                MFRC522_Init
 .text.MFRC522_Reset
                0x10000e94       0x16 ./Core/Src/mfcr522.o
                0x10000e94                MFRC522_Reset
 .text.MFRC522_AntennaOn
                0x10000eaa       0x2a ./Core/Src/mfcr522.o
                0x10000eaa                MFRC522_AntennaOn
 .text.MFRC522_WriteRegister
                0x10000ed4       0x60 ./Core/Src/mfcr522.o
                0x10000ed4                MFRC522_WriteRegister
 .text.MFRC522_ReadRegister
                0x10000f34       0x74 ./Core/Src/mfcr522.o
                0x10000f34                MFRC522_ReadRegister
 .text.MFRC522_SetBitMask
                0x10000fa8       0x36 ./Core/Src/mfcr522.o
                0x10000fa8                MFRC522_SetBitMask
 .text.MFRC522_ClearBitMask
                0x10000fde       0x40 ./Core/Src/mfcr522.o
                0x10000fde                MFRC522_ClearBitMask
 .text.MFRC522_CalculateCRC
                0x1000101e       0x94 ./Core/Src/mfcr522.o
                0x1000101e                MFRC522_CalculateCRC
 .text.MFRC522_ToCard
                0x100010b2      0x19e ./Core/Src/mfcr522.o
                0x100010b2                MFRC522_ToCard
 .text.MFRC522_Request
                0x10001250       0x4a ./Core/Src/mfcr522.o
                0x10001250                MFRC522_Request
 .text.MFRC522_Anticoll
                0x1000129a       0x98 ./Core/Src/mfcr522.o
                0x1000129a                MFRC522_Anticoll
 .text.MFRC522_SelectTag
                0x10001332       0xa0 ./Core/Src/mfcr522.o
                0x10001332                MFRC522_SelectTag
 .text.MFRC522_Auth
                0x100013d2       0xa6 ./Core/Src/mfcr522.o
                0x100013d2                MFRC522_Auth
 .text.MFRC522_Read
                0x10001478       0x58 ./Core/Src/mfcr522.o
                0x10001478                MFRC522_Read
 .text.MFRC522_Write
                0x100014d0       0xda ./Core/Src/mfcr522.o
                0x100014d0                MFRC522_Write
 .text.MFRC522_Halt
                0x100015aa       0x36 ./Core/Src/mfcr522.o
                0x100015aa                MFRC522_Halt
 .text.MFRC522_GetType
                0x100015e0       0xb0 ./Core/Src/mfcr522.o
                0x100015e0                MFRC522_GetType
 .text.MFRC522_GetTypeName
                0x10001690       0x80 ./Core/Src/mfcr522.o
                0x10001690                MFRC522_GetTypeName
 .text.HAL_MspInit
                0x10001710       0x6c ./Core/Src/stm32mp1xx_hal_msp.o
                0x10001710                HAL_MspInit
 .text.HAL_IPCC_MspInit
                0x1000177c       0x4c ./Core/Src/stm32mp1xx_hal_msp.o
                0x1000177c                HAL_IPCC_MspInit
 .text.HAL_SPI_MspInit
                0x100017c8      0x11c ./Core/Src/stm32mp1xx_hal_msp.o
                0x100017c8                HAL_SPI_MspInit
 .text.NMI_Handler
                0x100018e4        0x8 ./Core/Src/stm32mp1xx_it.o
                0x100018e4                NMI_Handler
 .text.HardFault_Handler
                0x100018ec        0x8 ./Core/Src/stm32mp1xx_it.o
                0x100018ec                HardFault_Handler
 .text.MemManage_Handler
                0x100018f4        0x8 ./Core/Src/stm32mp1xx_it.o
                0x100018f4                MemManage_Handler
 .text.BusFault_Handler
                0x100018fc        0x8 ./Core/Src/stm32mp1xx_it.o
                0x100018fc                BusFault_Handler
 .text.UsageFault_Handler
                0x10001904        0x8 ./Core/Src/stm32mp1xx_it.o
                0x10001904                UsageFault_Handler
 .text.SVC_Handler
                0x1000190c        0xe ./Core/Src/stm32mp1xx_it.o
                0x1000190c                SVC_Handler
 .text.DebugMon_Handler
                0x1000191a        0xe ./Core/Src/stm32mp1xx_it.o
                0x1000191a                DebugMon_Handler
 .text.PendSV_Handler
                0x10001928        0xe ./Core/Src/stm32mp1xx_it.o
                0x10001928                PendSV_Handler
 .text.SysTick_Handler
                0x10001936        0xc ./Core/Src/stm32mp1xx_it.o
                0x10001936                SysTick_Handler
 *fill*         0x10001942        0x2 
 .text.IPCC_RX1_IRQHandler
                0x10001944       0x14 ./Core/Src/stm32mp1xx_it.o
                0x10001944                IPCC_RX1_IRQHandler
 .text.IPCC_TX1_IRQHandler
                0x10001958       0x14 ./Core/Src/stm32mp1xx_it.o
                0x10001958                IPCC_TX1_IRQHandler
 .text.RCC_WAKEUP_IRQHandler
                0x1000196c        0xc ./Core/Src/stm32mp1xx_it.o
                0x1000196c                RCC_WAKEUP_IRQHandler
 .text._getpid  0x10001978       0x10 ./Core/Src/syscalls.o
                0x10001978                _getpid
 .text._kill    0x10001988       0x20 ./Core/Src/syscalls.o
                0x10001988                _kill
 .text._exit    0x100019a8       0x16 ./Core/Src/syscalls.o
                0x100019a8                _exit
 .text._read    0x100019be       0x3a ./Core/Src/syscalls.o
                0x100019be                _read
 .text._write   0x100019f8       0x38 ./Core/Src/syscalls.o
                0x100019f8                _write
 .text._close   0x10001a30       0x18 ./Core/Src/syscalls.o
                0x10001a30                _close
 .text._fstat   0x10001a48       0x20 ./Core/Src/syscalls.o
                0x10001a48                _fstat
 .text._isatty  0x10001a68       0x16 ./Core/Src/syscalls.o
                0x10001a68                _isatty
 .text._lseek   0x10001a7e       0x1a ./Core/Src/syscalls.o
                0x10001a7e                _lseek
 .text._sbrk    0x10001a98       0x6c ./Core/Src/sysmem.o
                0x10001a98                _sbrk
 .text.Default_Handler
                0x10001b04        0x2 ./Core/Startup/startup_stm32mp157facx.o
                0x10001b04                EXTI2_IRQHandler
                0x10001b04                TIM8_TRG_COM_IRQHandler
                0x10001b04                TIM8_CC_IRQHandler
                0x10001b04                EXTI5_IRQHandler
                0x10001b04                UART8_IRQHandler
                0x10001b04                SPI4_IRQHandler
                0x10001b04                EXTI13_IRQHandler
                0x10001b04                TIM1_CC_IRQHandler
                0x10001b04                DMA2_Stream5_IRQHandler
                0x10001b04                ETH1_WKUP_IRQHandler
                0x10001b04                TAMP_IRQHandler
                0x10001b04                DMA1_Stream5_IRQHandler
                0x10001b04                TIM6_IRQHandler
                0x10001b04                EXTI12_IRQHandler
                0x10001b04                EXTI3_IRQHandler
                0x10001b04                LPTIM4_IRQHandler
                0x10001b04                EXTI8_IRQHandler
                0x10001b04                LPTIM2_IRQHandler
                0x10001b04                DFSDM1_FLT1_IRQHandler
                0x10001b04                I2C3_ER_IRQHandler
                0x10001b04                DFSDM1_FLT2_IRQHandler
                0x10001b04                I2C5_EV_IRQHandler
                0x10001b04                MDMA_IRQHandler
                0x10001b04                LPTIM3_IRQHandler
                0x10001b04                EXTI0_IRQHandler
                0x10001b04                I2C2_EV_IRQHandler
                0x10001b04                DMA1_Stream2_IRQHandler
                0x10001b04                FPU_IRQHandler
                0x10001b04                USBH_OHCI_IRQHandler
                0x10001b04                FDCAN1_IT1_IRQHandler
                0x10001b04                LTDC_ER_IRQHandler
                0x10001b04                DMA2_Stream2_IRQHandler
                0x10001b04                IPCC_RX0_IRQHandler
                0x10001b04                OTG_IRQHandler
                0x10001b04                SPI1_IRQHandler
                0x10001b04                DCMI_IRQHandler
                0x10001b04                TIM8_UP_IRQHandler
                0x10001b04                DMA2_Stream3_IRQHandler
                0x10001b04                USBH_EHCI_IRQHandler
                0x10001b04                nCTIIRQ2_IRQHandler
                0x10001b04                HASH1_IRQHandler
                0x10001b04                GPU_IRQHandler
                0x10001b04                SAI2_IRQHandler
                0x10001b04                ADC1_IRQHandler
                0x10001b04                RESERVED148_IRQHandler
                0x10001b04                RTC_TIMESTAMP_IRQHandler
                0x10001b04                DFSDM1_FLT3_IRQHandler
                0x10001b04                USART6_IRQHandler
                0x10001b04                EXTI15_IRQHandler
                0x10001b04                TIM17_IRQHandler
                0x10001b04                USART3_IRQHandler
                0x10001b04                EXTI9_IRQHandler
                0x10001b04                LPTIM5_IRQHandler
                0x10001b04                UART5_IRQHandler
                0x10001b04                DMA2_Stream0_IRQHandler
                0x10001b04                TIM4_IRQHandler
                0x10001b04                CRYP2_IRQHandler
                0x10001b04                QUADSPI_IRQHandler
                0x10001b04                I2C1_EV_IRQHandler
                0x10001b04                DMA1_Stream6_IRQHandler
                0x10001b04                RESERVED99_IRQHandler
                0x10001b04                DMAMUX1_OVR_IRQHandler
                0x10001b04                DMA1_Stream1_IRQHandler
                0x10001b04                TIM16_IRQHandler
                0x10001b04                UART4_IRQHandler
                0x10001b04                TIM3_IRQHandler
                0x10001b04                RCC_IRQHandler
                0x10001b04                TIM1_TRG_COM_IRQHandler
                0x10001b04                nCTIIRQ1_IRQHandler
                0x10001b04                Default_Handler
                0x10001b04                CEC_IRQHandler
                0x10001b04                DFSDM1_FLT4_IRQHandler
                0x10001b04                TIM14_IRQHandler
                0x10001b04                I2C5_ER_IRQHandler
                0x10001b04                TIM13_IRQHandler
                0x10001b04                DMA1_Stream7_IRQHandler
                0x10001b04                IPCC_TX0_IRQHandler
                0x10001b04                SPI5_IRQHandler
                0x10001b04                TIM12_IRQHandler
                0x10001b04                TIM7_IRQHandler
                0x10001b04                SDMMC1_IRQHandler
                0x10001b04                TIM5_IRQHandler
                0x10001b04                DMA2_Stream7_IRQHandler
                0x10001b04                TIM15_IRQHandler
                0x10001b04                PVD_AVD_IRQHandler
                0x10001b04                I2C3_EV_IRQHandler
                0x10001b04                SDMMC3_IRQHandler
                0x10001b04                ETH1_IRQHandler
                0x10001b04                LTDC_IRQHandler
                0x10001b04                SAI3_IRQHandler
                0x10001b04                SPDIF_RX_IRQHandler
                0x10001b04                ADC2_IRQHandler
                0x10001b04                SPI2_IRQHandler
                0x10001b04                DFSDM1_FLT5_IRQHandler
                0x10001b04                DMA1_Stream0_IRQHandler
                0x10001b04                EXTI14_IRQHandler
                0x10001b04                EXTI11_IRQHandler
                0x10001b04                CRYP1_IRQHandler
                0x10001b04                RNG2_IRQHandler
                0x10001b04                RNG1_IRQHandler
                0x10001b04                HASH2_IRQHandler
                0x10001b04                EXTI4_IRQHandler
                0x10001b04                ETH1_LPI_IRQHandler
                0x10001b04                FDCAN2_IT1_IRQHandler
                0x10001b04                DSI_IRQHandler
                0x10001b04                TIM1_UP_IRQHandler
                0x10001b04                HSEM_IT2_IRQHandler
                0x10001b04                SPI6_IRQHandler
                0x10001b04                MDIOS_IRQHandler
                0x10001b04                I2C4_EV_IRQHandler
                0x10001b04                FDCAN2_IT0_IRQHandler
                0x10001b04                I2C6_ER_IRQHandler
                0x10001b04                FDCAN1_IT0_IRQHandler
                0x10001b04                TIM2_IRQHandler
                0x10001b04                EXTI7_IRQHandler
                0x10001b04                TIM1_BRK_IRQHandler
                0x10001b04                DAC_IRQHandler
                0x10001b04                EXTI1_IRQHandler
                0x10001b04                SDMMC2_IRQHandler
                0x10001b04                DTS_IRQHandler
                0x10001b04                UART7_IRQHandler
                0x10001b04                USART2_IRQHandler
                0x10001b04                I2C6_EV_IRQHandler
                0x10001b04                DFSDM1_FLT0_IRQHandler
                0x10001b04                SAI4_IRQHandler
                0x10001b04                I2C2_ER_IRQHandler
                0x10001b04                DMA2_Stream1_IRQHandler
                0x10001b04                TIM8_BRK_IRQHandler
                0x10001b04                WWDG1_IRQHandler
                0x10001b04                DMA2_Stream4_IRQHandler
                0x10001b04                USART1_IRQHandler
                0x10001b04                RESERVED143_IRQHandler
                0x10001b04                EXTI10_IRQHandler
                0x10001b04                SPI3_IRQHandler
                0x10001b04                WAKEUP_PIN_IRQHandler
                0x10001b04                DMA1_Stream4_IRQHandler
                0x10001b04                I2C1_ER_IRQHandler
                0x10001b04                FMC_IRQHandler
                0x10001b04                FDCAN_CAL_IRQHandler
                0x10001b04                EXTI6_IRQHandler
                0x10001b04                MPU_SEV_IRQHandler
                0x10001b04                LPTIM1_IRQHandler
                0x10001b04                RTC_WKUP_ALARM_IRQHandler
                0x10001b04                I2C4_ER_IRQHandler
                0x10001b04                DMA2_Stream6_IRQHandler
                0x10001b04                SAI1_IRQHandler
                0x10001b04                DMA1_Stream3_IRQHandler
                0x10001b04                RESERVED4_IRQHandler
 *fill*         0x10001b06        0x2 
 .text.HAL_Init
                0x10001b08       0x34 ./Drivers/STM32MP1xx_HAL_Driver/stm32mp1xx_hal.o
                0x10001b08                HAL_Init
 .text.HAL_InitTick
                0x10001b3c       0x6c ./Drivers/STM32MP1xx_HAL_Driver/stm32mp1xx_hal.o
                0x10001b3c                HAL_InitTick
 .text.HAL_IncTick
                0x10001ba8       0x28 ./Drivers/STM32MP1xx_HAL_Driver/stm32mp1xx_hal.o
                0x10001ba8                HAL_IncTick
 .text.HAL_GetTick
                0x10001bd0       0x18 ./Drivers/STM32MP1xx_HAL_Driver/stm32mp1xx_hal.o
                0x10001bd0                HAL_GetTick
 .text.HAL_Delay
                0x10001be8       0x48 ./Drivers/STM32MP1xx_HAL_Driver/stm32mp1xx_hal.o
                0x10001be8                HAL_Delay
 .text.__NVIC_SetPriorityGrouping
                0x10001c30       0x48 ./Drivers/STM32MP1xx_HAL_Driver/stm32mp1xx_hal_cortex.o
 .text.__NVIC_GetPriorityGrouping
                0x10001c78       0x1c ./Drivers/STM32MP1xx_HAL_Driver/stm32mp1xx_hal_cortex.o
 .text.__NVIC_EnableIRQ
                0x10001c94       0x3c ./Drivers/STM32MP1xx_HAL_Driver/stm32mp1xx_hal_cortex.o
 .text.__NVIC_SetPriority
                0x10001cd0       0x54 ./Drivers/STM32MP1xx_HAL_Driver/stm32mp1xx_hal_cortex.o
 .text.NVIC_EncodePriority
                0x10001d24       0x66 ./Drivers/STM32MP1xx_HAL_Driver/stm32mp1xx_hal_cortex.o
 *fill*         0x10001d8a        0x2 
 .text.SysTick_Config
                0x10001d8c       0x44 ./Drivers/STM32MP1xx_HAL_Driver/stm32mp1xx_hal_cortex.o
 .text.HAL_NVIC_SetPriorityGrouping
                0x10001dd0       0x16 ./Drivers/STM32MP1xx_HAL_Driver/stm32mp1xx_hal_cortex.o
                0x10001dd0                HAL_NVIC_SetPriorityGrouping
 .text.HAL_NVIC_SetPriority
                0x10001de6       0x38 ./Drivers/STM32MP1xx_HAL_Driver/stm32mp1xx_hal_cortex.o
                0x10001de6                HAL_NVIC_SetPriority
 .text.HAL_NVIC_EnableIRQ
                0x10001e1e       0x1c ./Drivers/STM32MP1xx_HAL_Driver/stm32mp1xx_hal_cortex.o
                0x10001e1e                HAL_NVIC_EnableIRQ
 .text.HAL_SYSTICK_Config
                0x10001e3a       0x18 ./Drivers/STM32MP1xx_HAL_Driver/stm32mp1xx_hal_cortex.o
                0x10001e3a                HAL_SYSTICK_Config
 *fill*         0x10001e52        0x2 
 .text.HAL_GPIO_Init
                0x10001e54      0x354 ./Drivers/STM32MP1xx_HAL_Driver/stm32mp1xx_hal_gpio.o
                0x10001e54                HAL_GPIO_Init
 .text.HAL_GPIO_WritePin
                0x100021a8       0x32 ./Drivers/STM32MP1xx_HAL_Driver/stm32mp1xx_hal_gpio.o
                0x100021a8                HAL_GPIO_WritePin
 *fill*         0x100021da        0x2 
 .text.HAL_IPCC_Init
                0x100021dc       0x64 ./Drivers/STM32MP1xx_HAL_Driver/stm32mp1xx_hal_ipcc.o
                0x100021dc                HAL_IPCC_Init
 .text.HAL_IPCC_ActivateNotification
                0x10002240       0x9c ./Drivers/STM32MP1xx_HAL_Driver/stm32mp1xx_hal_ipcc.o
                0x10002240                HAL_IPCC_ActivateNotification
 .text.HAL_IPCC_GetChannelStatus
                0x100022dc       0x68 ./Drivers/STM32MP1xx_HAL_Driver/stm32mp1xx_hal_ipcc.o
                0x100022dc                HAL_IPCC_GetChannelStatus
 .text.HAL_IPCC_NotifyCPU
                0x10002344       0x8c ./Drivers/STM32MP1xx_HAL_Driver/stm32mp1xx_hal_ipcc.o
                0x10002344                HAL_IPCC_NotifyCPU
 .text.HAL_IPCC_TX_IRQHandler
                0x100023d0       0x9c ./Drivers/STM32MP1xx_HAL_Driver/stm32mp1xx_hal_ipcc.o
                0x100023d0                HAL_IPCC_TX_IRQHandler
 .text.HAL_IPCC_RX_IRQHandler
                0x1000246c       0x98 ./Drivers/STM32MP1xx_HAL_Driver/stm32mp1xx_hal_ipcc.o
                0x1000246c                HAL_IPCC_RX_IRQHandler
 .text.HAL_IPCC_RxCallback
                0x10002504       0x1a ./Drivers/STM32MP1xx_HAL_Driver/stm32mp1xx_hal_ipcc.o
                0x10002504                HAL_IPCC_RxCallback
 .text.HAL_IPCC_TxCallback
                0x1000251e       0x1a ./Drivers/STM32MP1xx_HAL_Driver/stm32mp1xx_hal_ipcc.o
                0x1000251e                HAL_IPCC_TxCallback
 .text.IPCC_UnmaskInterrupt
                0x10002538       0x5c ./Drivers/STM32MP1xx_HAL_Driver/stm32mp1xx_hal_ipcc.o
                0x10002538                IPCC_UnmaskInterrupt
 .text.IPCC_SetDefaultCallbacks
                0x10002594       0x4c ./Drivers/STM32MP1xx_HAL_Driver/stm32mp1xx_hal_ipcc.o
                0x10002594                IPCC_SetDefaultCallbacks
 .text.IPCC_Reset_Register
                0x100025e0       0x28 ./Drivers/STM32MP1xx_HAL_Driver/stm32mp1xx_hal_ipcc.o
                0x100025e0                IPCC_Reset_Register
 .text.HAL_PWR_EnableBkUpAccess
                0x10002608       0x20 ./Drivers/STM32MP1xx_HAL_Driver/stm32mp1xx_hal_pwr.o
                0x10002608                HAL_PWR_EnableBkUpAccess
 .text.HAL_RCC_OscConfig
                0x10002628      0x664 ./Drivers/STM32MP1xx_HAL_Driver/stm32mp1xx_hal_rcc.o
                0x10002628                HAL_RCC_OscConfig
 .text.HAL_RCC_HSEConfig
                0x10002c8c       0xd6 ./Drivers/STM32MP1xx_HAL_Driver/stm32mp1xx_hal_rcc.o
                0x10002c8c                HAL_RCC_HSEConfig
 .text.HAL_RCC_LSEConfig
                0x10002d62       0xfa ./Drivers/STM32MP1xx_HAL_Driver/stm32mp1xx_hal_rcc.o
                0x10002d62                HAL_RCC_LSEConfig
 .text.RCC_PLL1_Config
                0x10002e5c      0x308 ./Drivers/STM32MP1xx_HAL_Driver/stm32mp1xx_hal_rcc.o
                0x10002e5c                RCC_PLL1_Config
 .text.HAL_RCC_ClockConfig
                0x10003164      0x224 ./Drivers/STM32MP1xx_HAL_Driver/stm32mp1xx_hal_rcc.o
                0x10003164                HAL_RCC_ClockConfig
 .text.RCC_MPUConfig
                0x10003388       0xec ./Drivers/STM32MP1xx_HAL_Driver/stm32mp1xx_hal_rcc.o
                0x10003388                RCC_MPUConfig
 .text.RCC_AXISSConfig
                0x10003474      0x12e ./Drivers/STM32MP1xx_HAL_Driver/stm32mp1xx_hal_rcc.o
                0x10003474                RCC_AXISSConfig
 *fill*         0x100035a2        0x2 
 .text.RCC_MCUConfig
                0x100035a4      0x150 ./Drivers/STM32MP1xx_HAL_Driver/stm32mp1xx_hal_rcc.o
                0x100035a4                RCC_MCUConfig
 .text.HAL_RCC_GetPLL3ClockFreq
                0x100036f4      0x1f4 ./Drivers/STM32MP1xx_HAL_Driver/stm32mp1xx_hal_rcc.o
                0x100036f4                HAL_RCC_GetPLL3ClockFreq
 .text.HAL_RCC_GetMCUFreq
                0x100038e8       0x36 ./Drivers/STM32MP1xx_HAL_Driver/stm32mp1xx_hal_rcc.o
                0x100038e8                HAL_RCC_GetMCUFreq
 .text.HAL_RCC_GetSystemCoreClockFreq
                0x1000391e        0xe ./Drivers/STM32MP1xx_HAL_Driver/stm32mp1xx_hal_rcc.o
                0x1000391e                HAL_RCC_GetSystemCoreClockFreq
 .text.HAL_RCC_GetMCUSSFreq
                0x1000392c       0x74 ./Drivers/STM32MP1xx_HAL_Driver/stm32mp1xx_hal_rcc.o
                0x1000392c                HAL_RCC_GetMCUSSFreq
 .text.HAL_RCC_WAKEUP_IRQHandler
                0x100039a0       0x2a ./Drivers/STM32MP1xx_HAL_Driver/stm32mp1xx_hal_rcc.o
                0x100039a0                HAL_RCC_WAKEUP_IRQHandler
 .text.HAL_RCC_WAKEUP_Callback
                0x100039ca        0xe ./Drivers/STM32MP1xx_HAL_Driver/stm32mp1xx_hal_rcc.o
                0x100039ca                HAL_RCC_WAKEUP_Callback
 .text.RCCEx_PLL2_Config
                0x100039d8      0x304 ./Drivers/STM32MP1xx_HAL_Driver/stm32mp1xx_hal_rcc_ex.o
                0x100039d8                RCCEx_PLL2_Config
 .text.RCCEx_PLL3_Config
                0x10003cdc      0x2d4 ./Drivers/STM32MP1xx_HAL_Driver/stm32mp1xx_hal_rcc_ex.o
                0x10003cdc                RCCEx_PLL3_Config
 .text.RCCEx_PLL4_Config
                0x10003fb0      0x2b0 ./Drivers/STM32MP1xx_HAL_Driver/stm32mp1xx_hal_rcc_ex.o
                0x10003fb0                RCCEx_PLL4_Config
 .text.HAL_RCCEx_PeriphCLKConfig
                0x10004260     0x1d28 ./Drivers/STM32MP1xx_HAL_Driver/stm32mp1xx_hal_rcc_ex.o
                0x10004260                HAL_RCCEx_PeriphCLKConfig
 .text.HAL_SPI_Init
                0x10005f88      0x248 ./Drivers/STM32MP1xx_HAL_Driver/stm32mp1xx_hal_spi.o
                0x10005f88                HAL_SPI_Init
 .text.HAL_SPI_Transmit
                0x100061d0      0x3f2 ./Drivers/STM32MP1xx_HAL_Driver/stm32mp1xx_hal_spi.o
                0x100061d0                HAL_SPI_Transmit
 .text.HAL_SPI_Receive
                0x100065c2      0x31a ./Drivers/STM32MP1xx_HAL_Driver/stm32mp1xx_hal_spi.o
                0x100065c2                HAL_SPI_Receive
 .text.SPI_CloseTransfer
                0x100068dc      0x140 ./Drivers/STM32MP1xx_HAL_Driver/stm32mp1xx_hal_spi.o
 .text.SPI_WaitOnFlagUntilTimeout
                0x10006a1c       0x5c ./Drivers/STM32MP1xx_HAL_Driver/stm32mp1xx_hal_spi.o
 .text.SPI_GetPacketSize
                0x10006a78       0x36 ./Drivers/STM32MP1xx_HAL_Driver/stm32mp1xx_hal_spi.o
 .text.metal_list_init
                0x10006aae       0x20 ./Middlewares/Third_Party/OpenAMP/device.o
 .text.metal_list_add_before
                0x10006ace       0x34 ./Middlewares/Third_Party/OpenAMP/device.o
 .text.metal_list_add_tail
                0x10006b02       0x1a ./Middlewares/Third_Party/OpenAMP/device.o
 .text.__metal_cache_flush
                0x10006b1c       0x1a ./Middlewares/Third_Party/OpenAMP/device.o
 .text.__metal_cache_invalidate
                0x10006b36       0x1a ./Middlewares/Third_Party/OpenAMP/device.o
 .text.metal_cache_flush
                0x10006b50       0x1a ./Middlewares/Third_Party/OpenAMP/device.o
 .text.metal_cache_invalidate
                0x10006b6a       0x1a ./Middlewares/Third_Party/OpenAMP/device.o
 .text.metal_bus_register
                0x10006b84       0x88 ./Middlewares/Third_Party/OpenAMP/device.o
                0x10006b84                metal_bus_register
 .text.metal_bus_find
                0x10006c0c       0x5c ./Middlewares/Third_Party/OpenAMP/device.o
                0x10006c0c                metal_bus_find
 .text.metal_device_open
                0x10006c68       0x7c ./Middlewares/Third_Party/OpenAMP/device.o
                0x10006c68                metal_device_open
 .text.metal_register_generic_device
                0x10006ce4       0x4c ./Middlewares/Third_Party/OpenAMP/device.o
                0x10006ce4                metal_register_generic_device
 .text.metal_generic_dev_open
                0x10006d30       0x60 ./Middlewares/Third_Party/OpenAMP/device.o
                0x10006d30                metal_generic_dev_open
 .text.metal_generic_dev_dma_map
                0x10006d90       0xa2 ./Middlewares/Third_Party/OpenAMP/device.o
                0x10006d90                metal_generic_dev_dma_map
 .text.metal_generic_dev_dma_unmap
                0x10006e32       0x56 ./Middlewares/Third_Party/OpenAMP/device.o
                0x10006e32                metal_generic_dev_dma_unmap
 .text.metal_generic_dev_sys_open
                0x10006e88       0x4e ./Middlewares/Third_Party/OpenAMP/generic_device.o
                0x10006e88                metal_generic_dev_sys_open
 *fill*         0x10006ed6        0x2 
 .text.metal_sys_init
                0x10006ed8       0x1c ./Middlewares/Third_Party/OpenAMP/generic_init.o
                0x10006ed8                metal_sys_init
 .text.metal_sys_io_mem_map
                0x10006ef4       0x7c ./Middlewares/Third_Party/OpenAMP/generic_io.o
                0x10006ef4                metal_sys_io_mem_map
 .text.metal_list_init
                0x10006f70       0x20 ./Middlewares/Third_Party/OpenAMP/init.o
 .text.metal_init
                0x10006f90       0x64 ./Middlewares/Third_Party/OpenAMP/init.o
                0x10006f90                metal_init
 .text.metal_io_virt
                0x10006ff4       0x38 ./Middlewares/Third_Party/OpenAMP/io.o
 .text.metal_io_init
                0x1000702c       0x9a ./Middlewares/Third_Party/OpenAMP/io.o
                0x1000702c                metal_io_init
 .text.metal_io_block_read
                0x100070c6       0xea ./Middlewares/Third_Party/OpenAMP/io.o
                0x100070c6                metal_io_block_read
 .text.metal_io_block_write
                0x100071b0       0xe8 ./Middlewares/Third_Party/OpenAMP/io.o
                0x100071b0                metal_io_block_write
 .text.metal_default_log_handler
                0x10007298       0x1a ./Middlewares/Third_Party/OpenAMP/log.o
                0x10007298                metal_default_log_handler
 .text.metal_io_virt
                0x100072b2       0x38 ./Middlewares/Third_Party/OpenAMP/remoteproc_virtio.o
 .text.metal_io_virt_to_offset
                0x100072ea       0x32 ./Middlewares/Third_Party/OpenAMP/remoteproc_virtio.o
 .text.metal_io_read
                0x1000731c      0x104 ./Middlewares/Third_Party/OpenAMP/remoteproc_virtio.o
 .text.metal_allocate_memory
                0x10007420       0x18 ./Middlewares/Third_Party/OpenAMP/remoteproc_virtio.o
 .text.metal_free_memory
                0x10007438       0x16 ./Middlewares/Third_Party/OpenAMP/remoteproc_virtio.o
 .text.virtqueue_allocate
                0x1000744e       0x32 ./Middlewares/Third_Party/OpenAMP/remoteproc_virtio.o
 .text.rproc_virtio_virtqueue_notify
                0x10007480       0x68 ./Middlewares/Third_Party/OpenAMP/remoteproc_virtio.o
 .text.rproc_virtio_get_status
                0x100074e8       0x44 ./Middlewares/Third_Party/OpenAMP/remoteproc_virtio.o
 .text.rproc_virtio_get_dfeatures
                0x1000752c       0x44 ./Middlewares/Third_Party/OpenAMP/remoteproc_virtio.o
 .text.rproc_virtio_get_features
                0x10007570       0x50 ./Middlewares/Third_Party/OpenAMP/remoteproc_virtio.o
 .text.rproc_virtio_read_config
                0x100075c0       0x66 ./Middlewares/Third_Party/OpenAMP/remoteproc_virtio.o
 *fill*         0x10007626        0x2 
 .text.rproc_virtio_create_vdev
                0x10007628      0x15c ./Middlewares/Third_Party/OpenAMP/remoteproc_virtio.o
                0x10007628                rproc_virtio_create_vdev
 .text.rproc_virtio_init_vring
                0x10007784       0x62 ./Middlewares/Third_Party/OpenAMP/remoteproc_virtio.o
                0x10007784                rproc_virtio_init_vring
 .text.rproc_virtio_notified
                0x100077e6       0x78 ./Middlewares/Third_Party/OpenAMP/remoteproc_virtio.o
                0x100077e6                rproc_virtio_notified
 .text.rproc_virtio_wait_remote_ready
                0x1000785e       0x32 ./Middlewares/Third_Party/OpenAMP/remoteproc_virtio.o
                0x1000785e                rproc_virtio_wait_remote_ready
 .text.__metal_mutex_acquire
                0x10007890       0x5e ./Middlewares/Third_Party/OpenAMP/rpmsg.o
 .text.__metal_mutex_release
                0x100078ee       0x2c ./Middlewares/Third_Party/OpenAMP/rpmsg.o
 .text.metal_mutex_acquire
                0x1000791a       0x16 ./Middlewares/Third_Party/OpenAMP/rpmsg.o
 .text.metal_mutex_release
                0x10007930       0x16 ./Middlewares/Third_Party/OpenAMP/rpmsg.o
 .text.metal_list_add_before
                0x10007946       0x34 ./Middlewares/Third_Party/OpenAMP/rpmsg.o
 .text.metal_list_add_tail
                0x1000797a       0x1a ./Middlewares/Third_Party/OpenAMP/rpmsg.o
 .text.metal_list_del
                0x10007994       0x34 ./Middlewares/Third_Party/OpenAMP/rpmsg.o
 .text.metal_bitmap_set_bit
                0x100079c8       0x38 ./Middlewares/Third_Party/OpenAMP/rpmsg.o
 .text.metal_bitmap_is_bit_set
                0x10007a00       0x3a ./Middlewares/Third_Party/OpenAMP/rpmsg.o
 .text.metal_bitmap_clear_bit
                0x10007a3a       0x3a ./Middlewares/Third_Party/OpenAMP/rpmsg.o
 .text.metal_bitmap_is_bit_clear
                0x10007a74       0x26 ./Middlewares/Third_Party/OpenAMP/rpmsg.o
 .text.metal_bitmap_next_clear_bit
                0x10007a9a       0x3a ./Middlewares/Third_Party/OpenAMP/rpmsg.o
 .text.rpmsg_initialize_ept
                0x10007ad4       0x48 ./Middlewares/Third_Party/OpenAMP/rpmsg.o
 .text.rpmsg_get_address
                0x10007b1c       0x42 ./Middlewares/Third_Party/OpenAMP/rpmsg.o
 .text.rpmsg_release_address
                0x10007b5e       0x32 ./Middlewares/Third_Party/OpenAMP/rpmsg.o
 .text.rpmsg_is_address_set
                0x10007b90       0x3c ./Middlewares/Third_Party/OpenAMP/rpmsg.o
 .text.rpmsg_set_address
                0x10007bcc       0x3c ./Middlewares/Third_Party/OpenAMP/rpmsg.o
 .text.rpmsg_send_offchannel_raw
                0x10007c08       0x64 ./Middlewares/Third_Party/OpenAMP/rpmsg.o
                0x10007c08                rpmsg_send_offchannel_raw
 .text.rpmsg_send_ns_message
                0x10007c6c       0x50 ./Middlewares/Third_Party/OpenAMP/rpmsg.o
                0x10007c6c                rpmsg_send_ns_message
 .text.rpmsg_get_endpoint
                0x10007cbc       0xc0 ./Middlewares/Third_Party/OpenAMP/rpmsg.o
                0x10007cbc                rpmsg_get_endpoint
 .text.rpmsg_unregister_endpoint
                0x10007d7c       0x56 ./Middlewares/Third_Party/OpenAMP/rpmsg.o
 .text.rpmsg_register_endpoint
                0x10007dd2       0x26 ./Middlewares/Third_Party/OpenAMP/rpmsg.o
                0x10007dd2                rpmsg_register_endpoint
 .text.rpmsg_create_ept
                0x10007df8      0x104 ./Middlewares/Third_Party/OpenAMP/rpmsg.o
                0x10007df8                rpmsg_create_ept
 .text.__metal_sleep_usec
                0x10007efc       0x16 ./Middlewares/Third_Party/OpenAMP/rpmsg_virtio.o
 .text.metal_sleep_usec
                0x10007f12       0x18 ./Middlewares/Third_Party/OpenAMP/rpmsg_virtio.o
 .text.metal_list_init
                0x10007f2a       0x20 ./Middlewares/Third_Party/OpenAMP/rpmsg_virtio.o
 .text.metal_io_virt_to_offset
                0x10007f4a       0x32 ./Middlewares/Third_Party/OpenAMP/rpmsg_virtio.o
 .text.__metal_mutex_init
                0x10007f7c       0x2c ./Middlewares/Third_Party/OpenAMP/rpmsg_virtio.o
 .text.__metal_mutex_acquire
                0x10007fa8       0x5e ./Middlewares/Third_Party/OpenAMP/rpmsg_virtio.o
 .text.__metal_mutex_release
                0x10008006       0x2c ./Middlewares/Third_Party/OpenAMP/rpmsg_virtio.o
 .text.metal_mutex_init
                0x10008032       0x16 ./Middlewares/Third_Party/OpenAMP/rpmsg_virtio.o
 .text.metal_mutex_acquire
                0x10008048       0x16 ./Middlewares/Third_Party/OpenAMP/rpmsg_virtio.o
 .text.metal_mutex_release
                0x1000805e       0x16 ./Middlewares/Third_Party/OpenAMP/rpmsg_virtio.o
 .text.rpmsg_virtio_get_role
                0x10008074       0x1a ./Middlewares/Third_Party/OpenAMP/rpmsg_virtio.o
 .text.rpmsg_virtio_set_status
                0x1000808e       0x26 ./Middlewares/Third_Party/OpenAMP/rpmsg_virtio.o
 .text.rpmsg_virtio_get_status
                0x100080b4       0x22 ./Middlewares/Third_Party/OpenAMP/rpmsg_virtio.o
 .text.rpmsg_virtio_get_features
                0x100080d6       0x22 ./Middlewares/Third_Party/OpenAMP/rpmsg_virtio.o
 .text.rpmsg_virtio_create_virtqueues
                0x100080f8       0x2a ./Middlewares/Third_Party/OpenAMP/rpmsg_virtio.o
 *fill*         0x10008122        0x2 
 .text.rpmsg_initialize_ept
                0x10008124       0x48 ./Middlewares/Third_Party/OpenAMP/rpmsg_virtio.o
 .text.rpmsg_get_ept_from_addr
                0x1000816c       0x22 ./Middlewares/Third_Party/OpenAMP/rpmsg_virtio.o
 .text.rpmsg_virtio_init_shm_pool
                0x1000818e       0x32 ./Middlewares/Third_Party/OpenAMP/rpmsg_virtio.o
                0x1000818e                rpmsg_virtio_init_shm_pool
 .text.rpmsg_virtio_return_buffer
                0x100081c0       0x32 ./Middlewares/Third_Party/OpenAMP/rpmsg_virtio.o
 .text.rpmsg_virtio_enqueue_buffer
                0x100081f2       0x3a ./Middlewares/Third_Party/OpenAMP/rpmsg_virtio.o
 .text.rpmsg_virtio_get_tx_buffer
                0x1000822c       0x3a ./Middlewares/Third_Party/OpenAMP/rpmsg_virtio.o
 .text.rpmsg_virtio_get_rx_buffer
                0x10008266       0x38 ./Middlewares/Third_Party/OpenAMP/rpmsg_virtio.o
 .text.rpmsg_virtio_wait_remote_ready
                0x1000829e       0x3a ./Middlewares/Third_Party/OpenAMP/rpmsg_virtio.o
 .text.rpmsg_virtio_hold_rx_buffer
                0x100082d8       0x28 ./Middlewares/Third_Party/OpenAMP/rpmsg_virtio.o
 .text.rpmsg_virtio_release_rx_buffer
                0x10008300       0x52 ./Middlewares/Third_Party/OpenAMP/rpmsg_virtio.o
 .text.rpmsg_virtio_get_tx_payload_buffer
                0x10008352       0xa4 ./Middlewares/Third_Party/OpenAMP/rpmsg_virtio.o
 *fill*         0x100083f6        0x2 
 .text.rpmsg_virtio_send_offchannel_nocopy
                0x100083f8       0xd8 ./Middlewares/Third_Party/OpenAMP/rpmsg_virtio.o
 .text.rpmsg_virtio_send_offchannel_raw
                0x100084d0       0x98 ./Middlewares/Third_Party/OpenAMP/rpmsg_virtio.o
 .text.rpmsg_virtio_tx_callback
                0x10008568       0x14 ./Middlewares/Third_Party/OpenAMP/rpmsg_virtio.o
 .text.rpmsg_virtio_rx_callback
                0x1000857c      0x124 ./Middlewares/Third_Party/OpenAMP/rpmsg_virtio.o
 .text.rpmsg_virtio_ns_callback
                0x100086a0       0xe6 ./Middlewares/Third_Party/OpenAMP/rpmsg_virtio.o
 *fill*         0x10008786        0x2 
 .text.rpmsg_init_vdev
                0x10008788      0x19c ./Middlewares/Third_Party/OpenAMP/rpmsg_virtio.o
                0x10008788                rpmsg_init_vdev
 .text.metal_machine_cache_flush
                0x10008924       0x16 ./Middlewares/Third_Party/OpenAMP/sys.o
                0x10008924                metal_machine_cache_flush
 .text.metal_machine_cache_invalidate
                0x1000893a       0x16 ./Middlewares/Third_Party/OpenAMP/sys.o
                0x1000893a                metal_machine_cache_invalidate
 .text.metal_machine_io_mem_map
                0x10008950       0x1c ./Middlewares/Third_Party/OpenAMP/sys.o
                0x10008950                metal_machine_io_mem_map
 .text.rpmsg_send
                0x1000896c       0x2e ./Middlewares/Third_Party/OpenAMP/virt_uart.o
 .text.VIRT_UART_read_cb
                0x1000899a       0x3c ./Middlewares/Third_Party/OpenAMP/virt_uart.o
 *fill*         0x100089d6        0x2 
 .text.VIRT_UART_Init
                0x100089d8       0x38 ./Middlewares/Third_Party/OpenAMP/virt_uart.o
                0x100089d8                VIRT_UART_Init
 .text.VIRT_UART_RegisterCallback
                0x10008a10       0x34 ./Middlewares/Third_Party/OpenAMP/virt_uart.o
                0x10008a10                VIRT_UART_RegisterCallback
 .text.VIRT_UART_Transmit
                0x10008a44       0x3c ./Middlewares/Third_Party/OpenAMP/virt_uart.o
                0x10008a44                VIRT_UART_Transmit
 .text.virtio_create_virtqueues
                0x10008a80       0x9c ./Middlewares/Third_Party/OpenAMP/virtio.o
                0x10008a80                virtio_create_virtqueues
 .text.vring_init
                0x10008b1c       0x52 ./Middlewares/Third_Party/OpenAMP/virtqueue.o
 .text.vring_need_event
                0x10008b6e       0x3c ./Middlewares/Third_Party/OpenAMP/virtqueue.o
 .text.metal_io_virt
                0x10008baa       0x38 ./Middlewares/Third_Party/OpenAMP/virtqueue.o
 .text.metal_io_phys
                0x10008be2       0x6e ./Middlewares/Third_Party/OpenAMP/virtqueue.o
 .text.metal_io_phys_to_offset
                0x10008c50       0x76 ./Middlewares/Third_Party/OpenAMP/virtqueue.o
 .text.metal_io_phys_to_virt
                0x10008cc6       0x26 ./Middlewares/Third_Party/OpenAMP/virtqueue.o
 .text.virtqueue_phys_to_virt
                0x10008cec       0x22 ./Middlewares/Third_Party/OpenAMP/virtqueue.o
 .text.virtqueue_create
                0x10008d0e       0x62 ./Middlewares/Third_Party/OpenAMP/virtqueue.o
                0x10008d0e                virtqueue_create
 .text.virtqueue_get_buffer_length
                0x10008d70       0x24 ./Middlewares/Third_Party/OpenAMP/virtqueue.o
                0x10008d70                virtqueue_get_buffer_length
 .text.virtqueue_get_available_buffer
                0x10008d94       0x90 ./Middlewares/Third_Party/OpenAMP/virtqueue.o
                0x10008d94                virtqueue_get_available_buffer
 .text.virtqueue_add_consumed_buffer
                0x10008e24       0x84 ./Middlewares/Third_Party/OpenAMP/virtqueue.o
                0x10008e24                virtqueue_add_consumed_buffer
 .text.virtqueue_disable_cb
                0x10008ea8       0x70 ./Middlewares/Third_Party/OpenAMP/virtqueue.o
                0x10008ea8                virtqueue_disable_cb
 .text.virtqueue_kick
                0x10008f18       0x2c ./Middlewares/Third_Party/OpenAMP/virtqueue.o
                0x10008f18                virtqueue_kick
 .text.vq_ring_init
                0x10008f44       0x2c ./Middlewares/Third_Party/OpenAMP/virtqueue.o
 .text.virtqueue_notification
                0x10008f70       0x24 ./Middlewares/Third_Party/OpenAMP/virtqueue.o
                0x10008f70                virtqueue_notification
 .text.vq_ring_must_notify
                0x10008f94       0x9c ./Middlewares/Third_Party/OpenAMP/virtqueue.o
 .text.vq_ring_notify
                0x10009030       0x20 ./Middlewares/Third_Party/OpenAMP/virtqueue.o
 .text.MAILBOX_Init
                0x10009050       0x48 ./OPENAMP/mbox_ipcc.o
                0x10009050                MAILBOX_Init
 .text.MAILBOX_Poll
                0x10009098       0x54 ./OPENAMP/mbox_ipcc.o
                0x10009098                MAILBOX_Poll
 .text.MAILBOX_Notify
                0x100090ec       0x64 ./OPENAMP/mbox_ipcc.o
                0x100090ec                MAILBOX_Notify
 .text.IPCC_channel1_callback
                0x10009150       0x2c ./OPENAMP/mbox_ipcc.o
                0x10009150                IPCC_channel1_callback
 .text.IPCC_channel2_callback
                0x1000917c       0x2c ./OPENAMP/mbox_ipcc.o
                0x1000917c                IPCC_channel2_callback
 .text.metal_device_io_region
                0x100091a8       0x36 ./OPENAMP/openamp.o
 *fill*         0x100091de        0x2 
 .text.OPENAMP_shmem_init
                0x100091e0      0x140 ./OPENAMP/openamp.o
 .text.MX_OPENAMP_Init
                0x10009320      0x128 ./OPENAMP/openamp.o
                0x10009320                MX_OPENAMP_Init
 .text.OPENAMP_create_endpoint
                0x10009448       0x3c ./OPENAMP/openamp.o
                0x10009448                OPENAMP_create_endpoint
 .text.OPENAMP_check_for_message
                0x10009484       0x18 ./OPENAMP/openamp.o
                0x10009484                OPENAMP_check_for_message
 .text.resource_table_init
                0x1000949c       0x28 ./OPENAMP/rsc_table.o
                0x1000949c                resource_table_init
 .text.__assert_func
                0x100094c4       0x3c C:/ST/STM32CubeIDE_1.19.0/STM32CubeIDE/plugins/com.st.stm32cube.ide.mcu.externaltools.gnu-tools-for-stm32.13.3.rel1.win32_1.0.0.202411081344/tools/bin/../lib/gcc/arm-none-eabi/13.3.1/../../../../arm-none-eabi/lib/thumb/v7e-m+fp/hard\libc_nano.a(libc_a-assert.o)
                0x100094c4                __assert_func
 .text.atoi     0x10009500        0x8 C:/ST/STM32CubeIDE_1.19.0/STM32CubeIDE/plugins/com.st.stm32cube.ide.mcu.externaltools.gnu-tools-for-stm32.13.3.rel1.win32_1.0.0.202411081344/tools/bin/../lib/gcc/arm-none-eabi/13.3.1/../../../../arm-none-eabi/lib/thumb/v7e-m+fp/hard\libc_nano.a(libc_a-atoi.o)
                0x10009500                atoi
 .text.malloc   0x10009508       0x10 C:/ST/STM32CubeIDE_1.19.0/STM32CubeIDE/plugins/com.st.stm32cube.ide.mcu.externaltools.gnu-tools-for-stm32.13.3.rel1.win32_1.0.0.202411081344/tools/bin/../lib/gcc/arm-none-eabi/13.3.1/../../../../arm-none-eabi/lib/thumb/v7e-m+fp/hard\libc_nano.a(libc_a-malloc.o)
                0x10009508                malloc
 .text.free     0x10009518       0x10 C:/ST/STM32CubeIDE_1.19.0/STM32CubeIDE/plugins/com.st.stm32cube.ide.mcu.externaltools.gnu-tools-for-stm32.13.3.rel1.win32_1.0.0.202411081344/tools/bin/../lib/gcc/arm-none-eabi/13.3.1/../../../../arm-none-eabi/lib/thumb/v7e-m+fp/hard\libc_nano.a(libc_a-malloc.o)
                0x10009518                free
 .text.sbrk_aligned
                0x10009528       0x44 C:/ST/STM32CubeIDE_1.19.0/STM32CubeIDE/plugins/com.st.stm32cube.ide.mcu.externaltools.gnu-tools-for-stm32.13.3.rel1.win32_1.0.0.202411081344/tools/bin/../lib/gcc/arm-none-eabi/13.3.1/../../../../arm-none-eabi/lib/thumb/v7e-m+fp/hard\libc_nano.a(libc_a-mallocr.o)
 .text._malloc_r
                0x1000956c      0x100 C:/ST/STM32CubeIDE_1.19.0/STM32CubeIDE/plugins/com.st.stm32cube.ide.mcu.externaltools.gnu-tools-for-stm32.13.3.rel1.win32_1.0.0.202411081344/tools/bin/../lib/gcc/arm-none-eabi/13.3.1/../../../../arm-none-eabi/lib/thumb/v7e-m+fp/hard\libc_nano.a(libc_a-mallocr.o)
                0x1000956c                _malloc_r
 .text.__malloc_lock
                0x1000966c        0xc C:/ST/STM32CubeIDE_1.19.0/STM32CubeIDE/plugins/com.st.stm32cube.ide.mcu.externaltools.gnu-tools-for-stm32.13.3.rel1.win32_1.0.0.202411081344/tools/bin/../lib/gcc/arm-none-eabi/13.3.1/../../../../arm-none-eabi/lib/thumb/v7e-m+fp/hard\libc_nano.a(libc_a-mlock.o)
                0x1000966c                __malloc_lock
 .text.__malloc_unlock
                0x10009678        0xc C:/ST/STM32CubeIDE_1.19.0/STM32CubeIDE/plugins/com.st.stm32cube.ide.mcu.externaltools.gnu-tools-for-stm32.13.3.rel1.win32_1.0.0.202411081344/tools/bin/../lib/gcc/arm-none-eabi/13.3.1/../../../../arm-none-eabi/lib/thumb/v7e-m+fp/hard\libc_nano.a(libc_a-mlock.o)
                0x10009678                __malloc_unlock
 .text._strtol_l.isra.0
                0x10009684       0xf4 C:/ST/STM32CubeIDE_1.19.0/STM32CubeIDE/plugins/com.st.stm32cube.ide.mcu.externaltools.gnu-tools-for-stm32.13.3.rel1.win32_1.0.0.202411081344/tools/bin/../lib/gcc/arm-none-eabi/13.3.1/../../../../arm-none-eabi/lib/thumb/v7e-m+fp/hard\libc_nano.a(libc_a-strtol.o)
 .text.strtol   0x10009778       0x14 C:/ST/STM32CubeIDE_1.19.0/STM32CubeIDE/plugins/com.st.stm32cube.ide.mcu.externaltools.gnu-tools-for-stm32.13.3.rel1.win32_1.0.0.202411081344/tools/bin/../lib/gcc/arm-none-eabi/13.3.1/../../../../arm-none-eabi/lib/thumb/v7e-m+fp/hard\libc_nano.a(libc_a-strtol.o)
                0x10009778                strtol
 .text.std      0x1000978c       0x6c C:/ST/STM32CubeIDE_1.19.0/STM32CubeIDE/plugins/com.st.stm32cube.ide.mcu.externaltools.gnu-tools-for-stm32.13.3.rel1.win32_1.0.0.202411081344/tools/bin/../lib/gcc/arm-none-eabi/13.3.1/../../../../arm-none-eabi/lib/thumb/v7e-m+fp/hard\libc_nano.a(libc_a-findfp.o)
 .text.stdio_exit_handler
                0x100097f8       0x18 C:/ST/STM32CubeIDE_1.19.0/STM32CubeIDE/plugins/com.st.stm32cube.ide.mcu.externaltools.gnu-tools-for-stm32.13.3.rel1.win32_1.0.0.202411081344/tools/bin/../lib/gcc/arm-none-eabi/13.3.1/../../../../arm-none-eabi/lib/thumb/v7e-m+fp/hard\libc_nano.a(libc_a-findfp.o)
 .text.cleanup_stdio
                0x10009810       0x40 C:/ST/STM32CubeIDE_1.19.0/STM32CubeIDE/plugins/com.st.stm32cube.ide.mcu.externaltools.gnu-tools-for-stm32.13.3.rel1.win32_1.0.0.202411081344/tools/bin/../lib/gcc/arm-none-eabi/13.3.1/../../../../arm-none-eabi/lib/thumb/v7e-m+fp/hard\libc_nano.a(libc_a-findfp.o)
 .text.global_stdio_init.part.0
                0x10009850       0x3c C:/ST/STM32CubeIDE_1.19.0/STM32CubeIDE/plugins/com.st.stm32cube.ide.mcu.externaltools.gnu-tools-for-stm32.13.3.rel1.win32_1.0.0.202411081344/tools/bin/../lib/gcc/arm-none-eabi/13.3.1/../../../../arm-none-eabi/lib/thumb/v7e-m+fp/hard\libc_nano.a(libc_a-findfp.o)
 .text.__sfp_lock_acquire
                0x1000988c        0xc C:/ST/STM32CubeIDE_1.19.0/STM32CubeIDE/plugins/com.st.stm32cube.ide.mcu.externaltools.gnu-tools-for-stm32.13.3.rel1.win32_1.0.0.202411081344/tools/bin/../lib/gcc/arm-none-eabi/13.3.1/../../../../arm-none-eabi/lib/thumb/v7e-m+fp/hard\libc_nano.a(libc_a-findfp.o)
                0x1000988c                __sfp_lock_acquire
 .text.__sfp_lock_release
                0x10009898        0xc C:/ST/STM32CubeIDE_1.19.0/STM32CubeIDE/plugins/com.st.stm32cube.ide.mcu.externaltools.gnu-tools-for-stm32.13.3.rel1.win32_1.0.0.202411081344/tools/bin/../lib/gcc/arm-none-eabi/13.3.1/../../../../arm-none-eabi/lib/thumb/v7e-m+fp/hard\libc_nano.a(libc_a-findfp.o)
                0x10009898                __sfp_lock_release
 .text.__sinit  0x100098a4       0x30 C:/ST/STM32CubeIDE_1.19.0/STM32CubeIDE/plugins/com.st.stm32cube.ide.mcu.externaltools.gnu-tools-for-stm32.13.3.rel1.win32_1.0.0.202411081344/tools/bin/../lib/gcc/arm-none-eabi/13.3.1/../../../../arm-none-eabi/lib/thumb/v7e-m+fp/hard\libc_nano.a(libc_a-findfp.o)
                0x100098a4                __sinit
 .text.fprintf  0x100098d4       0x24 C:/ST/STM32CubeIDE_1.19.0/STM32CubeIDE/plugins/com.st.stm32cube.ide.mcu.externaltools.gnu-tools-for-stm32.13.3.rel1.win32_1.0.0.202411081344/tools/bin/../lib/gcc/arm-none-eabi/13.3.1/../../../../arm-none-eabi/lib/thumb/v7e-m+fp/hard\libc_nano.a(libc_a-fprintf.o)
                0x100098d4                fiprintf
                0x100098d4                fprintf
 .text._fwalk_sglue
                0x100098f8       0x3c C:/ST/STM32CubeIDE_1.19.0/STM32CubeIDE/plugins/com.st.stm32cube.ide.mcu.externaltools.gnu-tools-for-stm32.13.3.rel1.win32_1.0.0.202411081344/tools/bin/../lib/gcc/arm-none-eabi/13.3.1/../../../../arm-none-eabi/lib/thumb/v7e-m+fp/hard\libc_nano.a(libc_a-fwalk.o)
                0x100098f8                _fwalk_sglue
 .text.__sread  0x10009934       0x22 C:/ST/STM32CubeIDE_1.19.0/STM32CubeIDE/plugins/com.st.stm32cube.ide.mcu.externaltools.gnu-tools-for-stm32.13.3.rel1.win32_1.0.0.202411081344/tools/bin/../lib/gcc/arm-none-eabi/13.3.1/../../../../arm-none-eabi/lib/thumb/v7e-m+fp/hard\libc_nano.a(libc_a-stdio.o)
                0x10009934                __sread
 .text.__swrite
                0x10009956       0x38 C:/ST/STM32CubeIDE_1.19.0/STM32CubeIDE/plugins/com.st.stm32cube.ide.mcu.externaltools.gnu-tools-for-stm32.13.3.rel1.win32_1.0.0.202411081344/tools/bin/../lib/gcc/arm-none-eabi/13.3.1/../../../../arm-none-eabi/lib/thumb/v7e-m+fp/hard\libc_nano.a(libc_a-stdio.o)
                0x10009956                __swrite
 .text.__sseek  0x1000998e       0x24 C:/ST/STM32CubeIDE_1.19.0/STM32CubeIDE/plugins/com.st.stm32cube.ide.mcu.externaltools.gnu-tools-for-stm32.13.3.rel1.win32_1.0.0.202411081344/tools/bin/../lib/gcc/arm-none-eabi/13.3.1/../../../../arm-none-eabi/lib/thumb/v7e-m+fp/hard\libc_nano.a(libc_a-stdio.o)
                0x1000998e                __sseek
 .text.__sclose
                0x100099b2        0x8 C:/ST/STM32CubeIDE_1.19.0/STM32CubeIDE/plugins/com.st.stm32cube.ide.mcu.externaltools.gnu-tools-for-stm32.13.3.rel1.win32_1.0.0.202411081344/tools/bin/../lib/gcc/arm-none-eabi/13.3.1/../../../../arm-none-eabi/lib/thumb/v7e-m+fp/hard\libc_nano.a(libc_a-stdio.o)
                0x100099b2                __sclose
 .text._vsnprintf_r
                0x100099ba       0x5c C:/ST/STM32CubeIDE_1.19.0/STM32CubeIDE/plugins/com.st.stm32cube.ide.mcu.externaltools.gnu-tools-for-stm32.13.3.rel1.win32_1.0.0.202411081344/tools/bin/../lib/gcc/arm-none-eabi/13.3.1/../../../../arm-none-eabi/lib/thumb/v7e-m+fp/hard\libc_nano.a(libc_a-vsnprintf.o)
                0x100099ba                _vsniprintf_r
                0x100099ba                _vsnprintf_r
 *fill*         0x10009a16        0x2 
 .text.vsnprintf
                0x10009a18       0x1c C:/ST/STM32CubeIDE_1.19.0/STM32CubeIDE/plugins/com.st.stm32cube.ide.mcu.externaltools.gnu-tools-for-stm32.13.3.rel1.win32_1.0.0.202411081344/tools/bin/../lib/gcc/arm-none-eabi/13.3.1/../../../../arm-none-eabi/lib/thumb/v7e-m+fp/hard\libc_nano.a(libc_a-vsnprintf.o)
                0x10009a18                vsniprintf
                0x10009a18                vsnprintf
 .text.memset   0x10009a34       0x10 C:/ST/STM32CubeIDE_1.19.0/STM32CubeIDE/plugins/com.st.stm32cube.ide.mcu.externaltools.gnu-tools-for-stm32.13.3.rel1.win32_1.0.0.202411081344/tools/bin/../lib/gcc/arm-none-eabi/13.3.1/../../../../arm-none-eabi/lib/thumb/v7e-m+fp/hard\libc_nano.a(libc_a-memset.o)
                0x10009a34                memset
 .text.strchr   0x10009a44       0x1a C:/ST/STM32CubeIDE_1.19.0/STM32CubeIDE/plugins/com.st.stm32cube.ide.mcu.externaltools.gnu-tools-for-stm32.13.3.rel1.win32_1.0.0.202411081344/tools/bin/../lib/gcc/arm-none-eabi/13.3.1/../../../../arm-none-eabi/lib/thumb/v7e-m+fp/hard\libc_nano.a(libc_a-strchr.o)
                0x10009a44                strchr
 .text.strncmp  0x10009a5e       0x24 C:/ST/STM32CubeIDE_1.19.0/STM32CubeIDE/plugins/com.st.stm32cube.ide.mcu.externaltools.gnu-tools-for-stm32.13.3.rel1.win32_1.0.0.202411081344/tools/bin/../lib/gcc/arm-none-eabi/13.3.1/../../../../arm-none-eabi/lib/thumb/v7e-m+fp/hard\libc_nano.a(libc_a-strncmp.o)
                0x10009a5e                strncmp
 .text.strncpy  0x10009a82       0x26 C:/ST/STM32CubeIDE_1.19.0/STM32CubeIDE/plugins/com.st.stm32cube.ide.mcu.externaltools.gnu-tools-for-stm32.13.3.rel1.win32_1.0.0.202411081344/tools/bin/../lib/gcc/arm-none-eabi/13.3.1/../../../../arm-none-eabi/lib/thumb/v7e-m+fp/hard\libc_nano.a(libc_a-strncpy.o)
                0x10009a82                strncpy
 .text._close_r
                0x10009aa8       0x20 C:/ST/STM32CubeIDE_1.19.0/STM32CubeIDE/plugins/com.st.stm32cube.ide.mcu.externaltools.gnu-tools-for-stm32.13.3.rel1.win32_1.0.0.202411081344/tools/bin/../lib/gcc/arm-none-eabi/13.3.1/../../../../arm-none-eabi/lib/thumb/v7e-m+fp/hard\libc_nano.a(libc_a-closer.o)
                0x10009aa8                _close_r
 .text._lseek_r
                0x10009ac8       0x24 C:/ST/STM32CubeIDE_1.19.0/STM32CubeIDE/plugins/com.st.stm32cube.ide.mcu.externaltools.gnu-tools-for-stm32.13.3.rel1.win32_1.0.0.202411081344/tools/bin/../lib/gcc/arm-none-eabi/13.3.1/../../../../arm-none-eabi/lib/thumb/v7e-m+fp/hard\libc_nano.a(libc_a-lseekr.o)
                0x10009ac8                _lseek_r
 .text._read_r  0x10009aec       0x24 C:/ST/STM32CubeIDE_1.19.0/STM32CubeIDE/plugins/com.st.stm32cube.ide.mcu.externaltools.gnu-tools-for-stm32.13.3.rel1.win32_1.0.0.202411081344/tools/bin/../lib/gcc/arm-none-eabi/13.3.1/../../../../arm-none-eabi/lib/thumb/v7e-m+fp/hard\libc_nano.a(libc_a-readr.o)
                0x10009aec                _read_r
 .text._sbrk_r  0x10009b10       0x20 C:/ST/STM32CubeIDE_1.19.0/STM32CubeIDE/plugins/com.st.stm32cube.ide.mcu.externaltools.gnu-tools-for-stm32.13.3.rel1.win32_1.0.0.202411081344/tools/bin/../lib/gcc/arm-none-eabi/13.3.1/../../../../arm-none-eabi/lib/thumb/v7e-m+fp/hard\libc_nano.a(libc_a-sbrkr.o)
                0x10009b10                _sbrk_r
 .text._write_r
                0x10009b30       0x24 C:/ST/STM32CubeIDE_1.19.0/STM32CubeIDE/plugins/com.st.stm32cube.ide.mcu.externaltools.gnu-tools-for-stm32.13.3.rel1.win32_1.0.0.202411081344/tools/bin/../lib/gcc/arm-none-eabi/13.3.1/../../../../arm-none-eabi/lib/thumb/v7e-m+fp/hard\libc_nano.a(libc_a-writer.o)
                0x10009b30                _write_r
 .text.__errno  0x10009b54        0xc C:/ST/STM32CubeIDE_1.19.0/STM32CubeIDE/plugins/com.st.stm32cube.ide.mcu.externaltools.gnu-tools-for-stm32.13.3.rel1.win32_1.0.0.202411081344/tools/bin/../lib/gcc/arm-none-eabi/13.3.1/../../../../arm-none-eabi/lib/thumb/v7e-m+fp/hard\libc_nano.a(libc_a-errno.o)
                0x10009b54                __errno
 .text.__libc_init_array
                0x10009b60       0x48 C:/ST/STM32CubeIDE_1.19.0/STM32CubeIDE/plugins/com.st.stm32cube.ide.mcu.externaltools.gnu-tools-for-stm32.13.3.rel1.win32_1.0.0.202411081344/tools/bin/../lib/gcc/arm-none-eabi/13.3.1/../../../../arm-none-eabi/lib/thumb/v7e-m+fp/hard\libc_nano.a(libc_a-init.o)
                0x10009b60                __libc_init_array
 .text.__retarget_lock_init_recursive
                0x10009ba8        0x2 C:/ST/STM32CubeIDE_1.19.0/STM32CubeIDE/plugins/com.st.stm32cube.ide.mcu.externaltools.gnu-tools-for-stm32.13.3.rel1.win32_1.0.0.202411081344/tools/bin/../lib/gcc/arm-none-eabi/13.3.1/../../../../arm-none-eabi/lib/thumb/v7e-m+fp/hard\libc_nano.a(libc_a-lock.o)
                0x10009ba8                __retarget_lock_init_recursive
 .text.__retarget_lock_acquire_recursive
                0x10009baa        0x2 C:/ST/STM32CubeIDE_1.19.0/STM32CubeIDE/plugins/com.st.stm32cube.ide.mcu.externaltools.gnu-tools-for-stm32.13.3.rel1.win32_1.0.0.202411081344/tools/bin/../lib/gcc/arm-none-eabi/13.3.1/../../../../arm-none-eabi/lib/thumb/v7e-m+fp/hard\libc_nano.a(libc_a-lock.o)
                0x10009baa                __retarget_lock_acquire_recursive
 .text.__retarget_lock_release_recursive
                0x10009bac        0x2 C:/ST/STM32CubeIDE_1.19.0/STM32CubeIDE/plugins/com.st.stm32cube.ide.mcu.externaltools.gnu-tools-for-stm32.13.3.rel1.win32_1.0.0.202411081344/tools/bin/../lib/gcc/arm-none-eabi/13.3.1/../../../../arm-none-eabi/lib/thumb/v7e-m+fp/hard\libc_nano.a(libc_a-lock.o)
                0x10009bac                __retarget_lock_release_recursive
 .text.memcpy   0x10009bae       0x1c C:/ST/STM32CubeIDE_1.19.0/STM32CubeIDE/plugins/com.st.stm32cube.ide.mcu.externaltools.gnu-tools-for-stm32.13.3.rel1.win32_1.0.0.202411081344/tools/bin/../lib/gcc/arm-none-eabi/13.3.1/../../../../arm-none-eabi/lib/thumb/v7e-m+fp/hard\libc_nano.a(libc_a-memcpy-stub.o)
                0x10009bae                memcpy
 .text.abort    0x10009bca        0xe C:/ST/STM32CubeIDE_1.19.0/STM32CubeIDE/plugins/com.st.stm32cube.ide.mcu.externaltools.gnu-tools-for-stm32.13.3.rel1.win32_1.0.0.202411081344/tools/bin/../lib/gcc/arm-none-eabi/13.3.1/../../../../arm-none-eabi/lib/thumb/v7e-m+fp/hard\libc_nano.a(libc_a-abort.o)
                0x10009bca                abort
 .text._free_r  0x10009bd8       0x94 C:/ST/STM32CubeIDE_1.19.0/STM32CubeIDE/plugins/com.st.stm32cube.ide.mcu.externaltools.gnu-tools-for-stm32.13.3.rel1.win32_1.0.0.202411081344/tools/bin/../lib/gcc/arm-none-eabi/13.3.1/../../../../arm-none-eabi/lib/thumb/v7e-m+fp/hard\libc_nano.a(libc_a-freer.o)
                0x10009bd8                _free_r
 .text.__ssputs_r
                0x10009c6c       0xb6 C:/ST/STM32CubeIDE_1.19.0/STM32CubeIDE/plugins/com.st.stm32cube.ide.mcu.externaltools.gnu-tools-for-stm32.13.3.rel1.win32_1.0.0.202411081344/tools/bin/../lib/gcc/arm-none-eabi/13.3.1/../../../../arm-none-eabi/lib/thumb/v7e-m+fp/hard\libc_nano.a(libc_a-nano-svfprintf.o)
                0x10009c6c                __ssputs_r
 *fill*         0x10009d22        0x2 
 .text._svfprintf_r
                0x10009d24      0x1f8 C:/ST/STM32CubeIDE_1.19.0/STM32CubeIDE/plugins/com.st.stm32cube.ide.mcu.externaltools.gnu-tools-for-stm32.13.3.rel1.win32_1.0.0.202411081344/tools/bin/../lib/gcc/arm-none-eabi/13.3.1/../../../../arm-none-eabi/lib/thumb/v7e-m+fp/hard\libc_nano.a(libc_a-nano-svfprintf.o)
                0x10009d24                _svfiprintf_r
                0x10009d24                _svfprintf_r
 .text.__sfputc_r
                0x10009f1c       0x2e C:/ST/STM32CubeIDE_1.19.0/STM32CubeIDE/plugins/com.st.stm32cube.ide.mcu.externaltools.gnu-tools-for-stm32.13.3.rel1.win32_1.0.0.202411081344/tools/bin/../lib/gcc/arm-none-eabi/13.3.1/../../../../arm-none-eabi/lib/thumb/v7e-m+fp/hard\libc_nano.a(libc_a-nano-vfprintf.o)
 .text.__sfputs_r
                0x10009f4a       0x24 C:/ST/STM32CubeIDE_1.19.0/STM32CubeIDE/plugins/com.st.stm32cube.ide.mcu.externaltools.gnu-tools-for-stm32.13.3.rel1.win32_1.0.0.202411081344/tools/bin/../lib/gcc/arm-none-eabi/13.3.1/../../../../arm-none-eabi/lib/thumb/v7e-m+fp/hard\libc_nano.a(libc_a-nano-vfprintf.o)
                0x10009f4a                __sfputs_r
 *fill*         0x10009f6e        0x2 
 .text._vfprintf_r
                0x10009f70      0x230 C:/ST/STM32CubeIDE_1.19.0/STM32CubeIDE/plugins/com.st.stm32cube.ide.mcu.externaltools.gnu-tools-for-stm32.13.3.rel1.win32_1.0.0.202411081344/tools/bin/../lib/gcc/arm-none-eabi/13.3.1/../../../../arm-none-eabi/lib/thumb/v7e-m+fp/hard\libc_nano.a(libc_a-nano-vfprintf.o)
                0x10009f70                _vfprintf_r
                0x10009f70                _vfiprintf_r
 .text._printf_common
                0x1000a1a0       0xda C:/ST/STM32CubeIDE_1.19.0/STM32CubeIDE/plugins/com.st.stm32cube.ide.mcu.externaltools.gnu-tools-for-stm32.13.3.rel1.win32_1.0.0.202411081344/tools/bin/../lib/gcc/arm-none-eabi/13.3.1/../../../../arm-none-eabi/lib/thumb/v7e-m+fp/hard\libc_nano.a(libc_a-nano-vfprintf_i.o)
                0x1000a1a0                _printf_common
 *fill*         0x1000a27a        0x2 
 .text._printf_i
                0x1000a27c      0x23c C:/ST/STM32CubeIDE_1.19.0/STM32CubeIDE/plugins/com.st.stm32cube.ide.mcu.externaltools.gnu-tools-for-stm32.13.3.rel1.win32_1.0.0.202411081344/tools/bin/../lib/gcc/arm-none-eabi/13.3.1/../../../../arm-none-eabi/lib/thumb/v7e-m+fp/hard\libc_nano.a(libc_a-nano-vfprintf_i.o)
                0x1000a27c                _printf_i
 .text.__sflush_r
                0x1000a4b8      0x108 C:/ST/STM32CubeIDE_1.19.0/STM32CubeIDE/plugins/com.st.stm32cube.ide.mcu.externaltools.gnu-tools-for-stm32.13.3.rel1.win32_1.0.0.202411081344/tools/bin/../lib/gcc/arm-none-eabi/13.3.1/../../../../arm-none-eabi/lib/thumb/v7e-m+fp/hard\libc_nano.a(libc_a-fflush.o)
                0x1000a4b8                __sflush_r
 .text._fflush_r
                0x1000a5c0       0x50 C:/ST/STM32CubeIDE_1.19.0/STM32CubeIDE/plugins/com.st.stm32cube.ide.mcu.externaltools.gnu-tools-for-stm32.13.3.rel1.win32_1.0.0.202411081344/tools/bin/../lib/gcc/arm-none-eabi/13.3.1/../../../../arm-none-eabi/lib/thumb/v7e-m+fp/hard\libc_nano.a(libc_a-fflush.o)
                0x1000a5c0                _fflush_r
 .text.__swbuf_r
                0x1000a610       0x7c C:/ST/STM32CubeIDE_1.19.0/STM32CubeIDE/plugins/com.st.stm32cube.ide.mcu.externaltools.gnu-tools-for-stm32.13.3.rel1.win32_1.0.0.202411081344/tools/bin/../lib/gcc/arm-none-eabi/13.3.1/../../../../arm-none-eabi/lib/thumb/v7e-m+fp/hard\libc_nano.a(libc_a-wbuf.o)
                0x1000a610                __swbuf_r
 .text.__swsetup_r
                0x1000a68c       0xac C:/ST/STM32CubeIDE_1.19.0/STM32CubeIDE/plugins/com.st.stm32cube.ide.mcu.externaltools.gnu-tools-for-stm32.13.3.rel1.win32_1.0.0.202411081344/tools/bin/../lib/gcc/arm-none-eabi/13.3.1/../../../../arm-none-eabi/lib/thumb/v7e-m+fp/hard\libc_nano.a(libc_a-wsetup.o)
                0x1000a68c                __swsetup_r
 .text.memmove  0x1000a738       0x34 C:/ST/STM32CubeIDE_1.19.0/STM32CubeIDE/plugins/com.st.stm32cube.ide.mcu.externaltools.gnu-tools-for-stm32.13.3.rel1.win32_1.0.0.202411081344/tools/bin/../lib/gcc/arm-none-eabi/13.3.1/../../../../arm-none-eabi/lib/thumb/v7e-m+fp/hard\libc_nano.a(libc_a-memmove.o)
                0x1000a738                memmove
 .text._raise_r
                0x1000a76c       0x50 C:/ST/STM32CubeIDE_1.19.0/STM32CubeIDE/plugins/com.st.stm32cube.ide.mcu.externaltools.gnu-tools-for-stm32.13.3.rel1.win32_1.0.0.202411081344/tools/bin/../lib/gcc/arm-none-eabi/13.3.1/../../../../arm-none-eabi/lib/thumb/v7e-m+fp/hard\libc_nano.a(libc_a-signal.o)
                0x1000a76c                _raise_r
 .text.raise    0x1000a7bc       0x10 C:/ST/STM32CubeIDE_1.19.0/STM32CubeIDE/plugins/com.st.stm32cube.ide.mcu.externaltools.gnu-tools-for-stm32.13.3.rel1.win32_1.0.0.202411081344/tools/bin/../lib/gcc/arm-none-eabi/13.3.1/../../../../arm-none-eabi/lib/thumb/v7e-m+fp/hard\libc_nano.a(libc_a-signal.o)
                0x1000a7bc                raise
 .text._kill_r  0x1000a7cc       0x24 C:/ST/STM32CubeIDE_1.19.0/STM32CubeIDE/plugins/com.st.stm32cube.ide.mcu.externaltools.gnu-tools-for-stm32.13.3.rel1.win32_1.0.0.202411081344/tools/bin/../lib/gcc/arm-none-eabi/13.3.1/../../../../arm-none-eabi/lib/thumb/v7e-m+fp/hard\libc_nano.a(libc_a-signalr.o)
                0x1000a7cc                _kill_r
 .text._getpid_r
                0x1000a7f0        0x4 C:/ST/STM32CubeIDE_1.19.0/STM32CubeIDE/plugins/com.st.stm32cube.ide.mcu.externaltools.gnu-tools-for-stm32.13.3.rel1.win32_1.0.0.202411081344/tools/bin/../lib/gcc/arm-none-eabi/13.3.1/../../../../arm-none-eabi/lib/thumb/v7e-m+fp/hard\libc_nano.a(libc_a-signalr.o)
                0x1000a7f0                _getpid_r
 .text._realloc_r
                0x1000a7f4       0x5c C:/ST/STM32CubeIDE_1.19.0/STM32CubeIDE/plugins/com.st.stm32cube.ide.mcu.externaltools.gnu-tools-for-stm32.13.3.rel1.win32_1.0.0.202411081344/tools/bin/../lib/gcc/arm-none-eabi/13.3.1/../../../../arm-none-eabi/lib/thumb/v7e-m+fp/hard\libc_nano.a(libc_a-reallocr.o)
                0x1000a7f4                _realloc_r
 .text.__swhatbuf_r
                0x1000a850       0x4c C:/ST/STM32CubeIDE_1.19.0/STM32CubeIDE/plugins/com.st.stm32cube.ide.mcu.externaltools.gnu-tools-for-stm32.13.3.rel1.win32_1.0.0.202411081344/tools/bin/../lib/gcc/arm-none-eabi/13.3.1/../../../../arm-none-eabi/lib/thumb/v7e-m+fp/hard\libc_nano.a(libc_a-makebuf.o)
                0x1000a850                __swhatbuf_r
 .text.__smakebuf_r
                0x1000a89c       0x78 C:/ST/STM32CubeIDE_1.19.0/STM32CubeIDE/plugins/com.st.stm32cube.ide.mcu.externaltools.gnu-tools-for-stm32.13.3.rel1.win32_1.0.0.202411081344/tools/bin/../lib/gcc/arm-none-eabi/13.3.1/../../../../arm-none-eabi/lib/thumb/v7e-m+fp/hard\libc_nano.a(libc_a-makebuf.o)
                0x1000a89c                __smakebuf_r
 .text._fstat_r
                0x1000a914       0x24 C:/ST/STM32CubeIDE_1.19.0/STM32CubeIDE/plugins/com.st.stm32cube.ide.mcu.externaltools.gnu-tools-for-stm32.13.3.rel1.win32_1.0.0.202411081344/tools/bin/../lib/gcc/arm-none-eabi/13.3.1/../../../../arm-none-eabi/lib/thumb/v7e-m+fp/hard\libc_nano.a(libc_a-fstatr.o)
                0x1000a914                _fstat_r
 .text._isatty_r
                0x1000a938       0x20 C:/ST/STM32CubeIDE_1.19.0/STM32CubeIDE/plugins/com.st.stm32cube.ide.mcu.externaltools.gnu-tools-for-stm32.13.3.rel1.win32_1.0.0.202411081344/tools/bin/../lib/gcc/arm-none-eabi/13.3.1/../../../../arm-none-eabi/lib/thumb/v7e-m+fp/hard\libc_nano.a(libc_a-isattyr.o)
                0x1000a938                _isatty_r
 .text._malloc_usable_size_r
                0x1000a958       0x10 C:/ST/STM32CubeIDE_1.19.0/STM32CubeIDE/plugins/com.st.stm32cube.ide.mcu.externaltools.gnu-tools-for-stm32.13.3.rel1.win32_1.0.0.202411081344/tools/bin/../lib/gcc/arm-none-eabi/13.3.1/../../../../arm-none-eabi/lib/thumb/v7e-m+fp/hard\libc_nano.a(libc_a-msizer.o)
                0x1000a958                _malloc_usable_size_r
 *(.glue_7)
 .glue_7        0x1000a968        0x0 linker stubs
 *(.glue_7t)
 .glue_7t       0x1000a968        0x0 linker stubs
 *(.eh_frame)
 .eh_frame      0x1000a968        0x0 C:/ST/STM32CubeIDE_1.19.0/STM32CubeIDE/plugins/com.st.stm32cube.ide.mcu.externaltools.gnu-tools-for-stm32.13.3.rel1.win32_1.0.0.202411081344/tools/bin/../lib/gcc/arm-none-eabi/13.3.1/thumb/v7e-m+fp/hard/crtbegin.o
 *(.init)
 .init          0x1000a968        0x4 C:/ST/STM32CubeIDE_1.19.0/STM32CubeIDE/plugins/com.st.stm32cube.ide.mcu.externaltools.gnu-tools-for-stm32.13.3.rel1.win32_1.0.0.202411081344/tools/bin/../lib/gcc/arm-none-eabi/13.3.1/thumb/v7e-m+fp/hard/crti.o
                0x1000a968                _init
 .init          0x1000a96c        0x8 C:/ST/STM32CubeIDE_1.19.0/STM32CubeIDE/plugins/com.st.stm32cube.ide.mcu.externaltools.gnu-tools-for-stm32.13.3.rel1.win32_1.0.0.202411081344/tools/bin/../lib/gcc/arm-none-eabi/13.3.1/thumb/v7e-m+fp/hard/crtn.o
 *(.fini)
 .fini          0x1000a974        0x4 C:/ST/STM32CubeIDE_1.19.0/STM32CubeIDE/plugins/com.st.stm32cube.ide.mcu.externaltools.gnu-tools-for-stm32.13.3.rel1.win32_1.0.0.202411081344/tools/bin/../lib/gcc/arm-none-eabi/13.3.1/thumb/v7e-m+fp/hard/crti.o
                0x1000a974                _fini
 .fini          0x1000a978        0x8 C:/ST/STM32CubeIDE_1.19.0/STM32CubeIDE/plugins/com.st.stm32cube.ide.mcu.externaltools.gnu-tools-for-stm32.13.3.rel1.win32_1.0.0.202411081344/tools/bin/../lib/gcc/arm-none-eabi/13.3.1/thumb/v7e-m+fp/hard/crtn.o
                0x1000a980                        . = ALIGN (0x4)
                0x1000a980                        _etext = .

.vfp11_veneer   0x1000a980        0x0
 .vfp11_veneer  0x1000a980        0x0 linker stubs

.v4_bx          0x1000a980        0x0
 .v4_bx         0x1000a980        0x0 linker stubs

.iplt           0x1000a980        0x0
 .iplt          0x1000a980        0x0 C:/ST/STM32CubeIDE_1.19.0/STM32CubeIDE/plugins/com.st.stm32cube.ide.mcu.externaltools.gnu-tools-for-stm32.13.3.rel1.win32_1.0.0.202411081344/tools/bin/../lib/gcc/arm-none-eabi/13.3.1/thumb/v7e-m+fp/hard/crtbegin.o

.startup_copro_fw.Reset_Handler
                0x1000a980       0x50
 .startup_copro_fw.Reset_Handler
                0x1000a980       0x50 ./Core/Startup/startup_stm32mp157facx.o
                0x1000a980                Reset_Handler

.rodata         0x1000a9d0      0xa38
                0x1000a9d0                        . = ALIGN (0x4)
 *(.rodata)
 .rodata        0x1000a9d0      0x4fe ./Core/Src/main.o
 *fill*         0x1000aece        0x2 
 .rodata        0x1000aed0       0x6c ./Core/Src/mfcr522.o
 .rodata        0x1000af3c       0xb8 ./Middlewares/Third_Party/OpenAMP/device.o
 .rodata        0x1000aff4       0xea ./Middlewares/Third_Party/OpenAMP/remoteproc_virtio.o
 *fill*         0x1000b0de        0x2 
 .rodata        0x1000b0e0        0x1 ./Middlewares/Third_Party/OpenAMP/rpmsg.o
 *fill*         0x1000b0e1        0x3 
 .rodata        0x1000b0e4       0xd3 ./Middlewares/Third_Party/OpenAMP/rpmsg_virtio.o
 *fill*         0x1000b1b7        0x1 
 .rodata        0x1000b1b8        0xa ./Middlewares/Third_Party/OpenAMP/virt_uart.o
 *fill*         0x1000b1c2        0x2 
 .rodata        0x1000b1c4       0x1c ./OPENAMP/openamp.o
 *(.rodata*)
 .rodata.remoteproc_virtio_dispatch_funcs
                0x1000b1e0       0x24 ./Middlewares/Third_Party/OpenAMP/remoteproc_virtio.o
 .rodata.__func__.1
                0x1000b204       0x1e ./Middlewares/Third_Party/OpenAMP/remoteproc_virtio.o
 *fill*         0x1000b222        0x2 
 .rodata.__func__.0
                0x1000b224        0xe ./Middlewares/Third_Party/OpenAMP/remoteproc_virtio.o
 *fill*         0x1000b232        0x2 
 .rodata.__func__.2
                0x1000b234       0x24 ./Middlewares/Third_Party/OpenAMP/rpmsg_virtio.o
 .rodata.__func__.1
                0x1000b258       0x21 ./Middlewares/Third_Party/OpenAMP/rpmsg_virtio.o
 *fill*         0x1000b279        0x3 
 .rodata.__func__.0
                0x1000b27c       0x19 ./Middlewares/Third_Party/OpenAMP/rpmsg_virtio.o
 .rodata.__assert_func.str1.1
                0x1000b295       0x6f C:/ST/STM32CubeIDE_1.19.0/STM32CubeIDE/plugins/com.st.stm32cube.ide.mcu.externaltools.gnu-tools-for-stm32.13.3.rel1.win32_1.0.0.202411081344/tools/bin/../lib/gcc/arm-none-eabi/13.3.1/../../../../arm-none-eabi/lib/thumb/v7e-m+fp/hard\libc_nano.a(libc_a-assert.o)
                                 0x3d (size before relaxing)
 .rodata._ctype_
                0x1000b304      0x101 C:/ST/STM32CubeIDE_1.19.0/STM32CubeIDE/plugins/com.st.stm32cube.ide.mcu.externaltools.gnu-tools-for-stm32.13.3.rel1.win32_1.0.0.202411081344/tools/bin/../lib/gcc/arm-none-eabi/13.3.1/../../../../arm-none-eabi/lib/thumb/v7e-m+fp/hard\libc_nano.a(libc_a-ctype_.o)
                0x1000b304                _ctype_
 .rodata._svfprintf_r.str1.1
                0x1000b405       0x11 C:/ST/STM32CubeIDE_1.19.0/STM32CubeIDE/plugins/com.st.stm32cube.ide.mcu.externaltools.gnu-tools-for-stm32.13.3.rel1.win32_1.0.0.202411081344/tools/bin/../lib/gcc/arm-none-eabi/13.3.1/../../../../arm-none-eabi/lib/thumb/v7e-m+fp/hard\libc_nano.a(libc_a-nano-svfprintf.o)
 .rodata._vfprintf_r.str1.1
                0x1000b405       0x11 C:/ST/STM32CubeIDE_1.19.0/STM32CubeIDE/plugins/com.st.stm32cube.ide.mcu.externaltools.gnu-tools-for-stm32.13.3.rel1.win32_1.0.0.202411081344/tools/bin/../lib/gcc/arm-none-eabi/13.3.1/../../../../arm-none-eabi/lib/thumb/v7e-m+fp/hard\libc_nano.a(libc_a-nano-vfprintf.o)
 .rodata._printf_i.str1.1
                0x1000b405       0x22 C:/ST/STM32CubeIDE_1.19.0/STM32CubeIDE/plugins/com.st.stm32cube.ide.mcu.externaltools.gnu-tools-for-stm32.13.3.rel1.win32_1.0.0.202411081344/tools/bin/../lib/gcc/arm-none-eabi/13.3.1/../../../../arm-none-eabi/lib/thumb/v7e-m+fp/hard\libc_nano.a(libc_a-nano-vfprintf_i.o)
                0x1000b428                        . = ALIGN (0x4)
 *fill*         0x1000b405        0x3 

.ARM.extab      0x1000b408        0x0
                0x1000b408                        . = ALIGN (0x4)
 *(.ARM.extab* .gnu.linkonce.armextab.*)
                0x1000b408                        . = ALIGN (0x4)

.ARM            0x1000b408        0x8
                0x1000b408                        . = ALIGN (0x4)
                0x1000b408                        __exidx_start = .
 *(.ARM.exidx*)
 .ARM.exidx     0x1000b408        0x8 C:/ST/STM32CubeIDE_1.19.0/STM32CubeIDE/plugins/com.st.stm32cube.ide.mcu.externaltools.gnu-tools-for-stm32.13.3.rel1.win32_1.0.0.202411081344/tools/bin/../lib/gcc/arm-none-eabi/13.3.1/../../../../arm-none-eabi/lib/thumb/v7e-m+fp/hard\libc_nano.a(libc_a-strcmp.o)
 .ARM.exidx     0x1000b410        0x0 C:/ST/STM32CubeIDE_1.19.0/STM32CubeIDE/plugins/com.st.stm32cube.ide.mcu.externaltools.gnu-tools-for-stm32.13.3.rel1.win32_1.0.0.202411081344/tools/bin/../lib/gcc/arm-none-eabi/13.3.1/../../../../arm-none-eabi/lib/thumb/v7e-m+fp/hard\libc_nano.a(libc_a-memchr.o)
                                  0x8 (size before relaxing)
                0x1000b410                        __exidx_end = .
                0x1000b410                        . = ALIGN (0x4)

.preinit_array  0x1000b410        0x0
                0x1000b410                        . = ALIGN (0x4)
                0x1000b410                        PROVIDE (__preinit_array_start = .)
 *(.preinit_array*)
                0x1000b410                        PROVIDE (__preinit_array_end = .)
                0x1000b410                        . = ALIGN (0x4)

.init_array     0x1000b410        0x4
                0x1000b410                        . = ALIGN (0x4)
                0x1000b410                        PROVIDE (__init_array_start = .)
 *(SORT_BY_NAME(.init_array.*))
 *(.init_array*)
 .init_array    0x1000b410        0x4 C:/ST/STM32CubeIDE_1.19.0/STM32CubeIDE/plugins/com.st.stm32cube.ide.mcu.externaltools.gnu-tools-for-stm32.13.3.rel1.win32_1.0.0.202411081344/tools/bin/../lib/gcc/arm-none-eabi/13.3.1/thumb/v7e-m+fp/hard/crtbegin.o
                0x1000b414                        PROVIDE (__init_array_end = .)
                0x1000b414                        . = ALIGN (0x4)

.fini_array     0x1000b414        0x4
                0x1000b414                        . = ALIGN (0x4)
                [!provide]                        PROVIDE (__fini_array_start = .)
 *(SORT_BY_NAME(.fini_array.*))
 *(.fini_array*)
 .fini_array    0x1000b414        0x4 C:/ST/STM32CubeIDE_1.19.0/STM32CubeIDE/plugins/com.st.stm32cube.ide.mcu.externaltools.gnu-tools-for-stm32.13.3.rel1.win32_1.0.0.202411081344/tools/bin/../lib/gcc/arm-none-eabi/13.3.1/thumb/v7e-m+fp/hard/crtbegin.o
                [!provide]                        PROVIDE (__fini_array_end = .)
                0x1000b418                        . = ALIGN (0x4)
                0x1000b418                        __DATA_ROM = .
                0x1000b418                        _sidata = LOADADDR (.data)

.data           0x10020000      0x128 load address 0x1000b418
                0x10020000                        . = ALIGN (0x4)
                0x10020000                        _sdata = .
 *(.data)
 *(.data*)
 .data.SystemCoreClock
                0x10020000        0x4 ./Common/System/system_stm32mp1xx.o
                0x10020000                SystemCoreClock
 .data.keyA     0x10020004        0x6 ./Core/Src/main.o
                0x10020004                keyA
 *fill*         0x1002000a        0x2 
 .data.uwTickPrio
                0x1002000c        0x4 ./Drivers/STM32MP1xx_HAL_Driver/stm32mp1xx_hal.o
                0x1002000c                uwTickPrio
 .data.uwTickFreq
                0x10020010        0x1 ./Drivers/STM32MP1xx_HAL_Driver/stm32mp1xx_hal.o
                0x10020010                uwTickFreq
 *fill*         0x10020011        0x3 
 .data.metal_generic_bus
                0x10020014       0x2c ./Middlewares/Third_Party/OpenAMP/device.o
                0x10020014                metal_generic_bus
 .data.shm_device
                0x10020040       0x8c ./OPENAMP/openamp.o
                0x10020040                shm_device
 .data.__sglue  0x100200cc        0xc C:/ST/STM32CubeIDE_1.19.0/STM32CubeIDE/plugins/com.st.stm32cube.ide.mcu.externaltools.gnu-tools-for-stm32.13.3.rel1.win32_1.0.0.202411081344/tools/bin/../lib/gcc/arm-none-eabi/13.3.1/../../../../arm-none-eabi/lib/thumb/v7e-m+fp/hard\libc_nano.a(libc_a-findfp.o)
                0x100200cc                __sglue
 .data._impure_ptr
                0x100200d8        0x4 C:/ST/STM32CubeIDE_1.19.0/STM32CubeIDE/plugins/com.st.stm32cube.ide.mcu.externaltools.gnu-tools-for-stm32.13.3.rel1.win32_1.0.0.202411081344/tools/bin/../lib/gcc/arm-none-eabi/13.3.1/../../../../arm-none-eabi/lib/thumb/v7e-m+fp/hard\libc_nano.a(libc_a-impure.o)
                0x100200d8                _impure_ptr
 .data._impure_data
                0x100200dc       0x4c C:/ST/STM32CubeIDE_1.19.0/STM32CubeIDE/plugins/com.st.stm32cube.ide.mcu.externaltools.gnu-tools-for-stm32.13.3.rel1.win32_1.0.0.202411081344/tools/bin/../lib/gcc/arm-none-eabi/13.3.1/../../../../arm-none-eabi/lib/thumb/v7e-m+fp/hard\libc_nano.a(libc_a-impure.o)
                0x100200dc                _impure_data
                0x10020128                        . = ALIGN (0x4)
                0x10020128                        _edata = .
                0x1000b540                        __DATA_END = (__DATA_ROM + (_edata - _sdata))
                0x10020000                        text_end = (ORIGIN (SRAM1_text) + LENGTH (SRAM1_text))
                0x00000001                        ASSERT ((__DATA_END <= text_end), region SRAM1_text overflowed with text and data)

.igot.plt       0x10020128        0x0 load address 0x1000b540
 .igot.plt      0x10020128        0x0 C:/ST/STM32CubeIDE_1.19.0/STM32CubeIDE/plugins/com.st.stm32cube.ide.mcu.externaltools.gnu-tools-for-stm32.13.3.rel1.win32_1.0.0.202411081344/tools/bin/../lib/gcc/arm-none-eabi/13.3.1/thumb/v7e-m+fp/hard/crtbegin.o

.resource_table
                0x10020128       0x8c load address 0x1000b540
                0x10020128                        . = ALIGN (0x4)
 *(.resource_table*)
 .resource_table
                0x10020128       0x8c ./OPENAMP/rsc_table.o
                0x10020128                resource_table
                0x100201b4                        . = ALIGN (0x4)

.rel.dyn        0x100201b4        0x0 load address 0x1000b5cc
 .rel.iplt      0x100201b4        0x0 C:/ST/STM32CubeIDE_1.19.0/STM32CubeIDE/plugins/com.st.stm32cube.ide.mcu.externaltools.gnu-tools-for-stm32.13.3.rel1.win32_1.0.0.202411081344/tools/bin/../lib/gcc/arm-none-eabi/13.3.1/thumb/v7e-m+fp/hard/crtbegin.o
                0x100201b4                        . = ALIGN (0x4)

.bss            0x100201b4      0x4b0 load address 0x1000b5cc
                0x100201b4                        _sbss = .
                0x100201b4                        __bss_start__ = _sbss
 *(.bss)
 .bss           0x100201b4       0x1c C:/ST/STM32CubeIDE_1.19.0/STM32CubeIDE/plugins/com.st.stm32cube.ide.mcu.externaltools.gnu-tools-for-stm32.13.3.rel1.win32_1.0.0.202411081344/tools/bin/../lib/gcc/arm-none-eabi/13.3.1/thumb/v7e-m+fp/hard/crtbegin.o
 *(.bss*)
 .bss.hipcc     0x100201d0       0x3c ./Core/Src/main.o
                0x100201d0                hipcc
 .bss.hspi5     0x1002020c       0x88 ./Core/Src/main.o
                0x1002020c                hspi5
 .bss.huart0    0x10020294       0x50 ./Core/Src/main.o
                0x10020294                huart0
 .bss.mfrc522   0x100202e4       0x14 ./Core/Src/main.o
                0x100202e4                mfrc522
 .bss.uid       0x100202f8        0xc ./Core/Src/main.o
                0x100202f8                uid
 .bss.readBuffer
                0x10020304       0x12 ./Core/Src/main.o
                0x10020304                readBuffer
 *fill*         0x10020316        0x2 
 .bss.rxBuffer  0x10020318      0x100 ./Core/Src/main.o
                0x10020318                rxBuffer
 .bss.rxIndex   0x10020418        0x2 ./Core/Src/main.o
                0x10020418                rxIndex
 .bss.commandReady
                0x1002041a        0x1 ./Core/Src/main.o
                0x1002041a                commandReady
 *fill*         0x1002041b        0x1 
 .bss.cmdWriteData
                0x1002041c       0x10 ./Core/Src/main.o
                0x1002041c                cmdWriteData
 .bss.mfrc522_config
                0x1002042c       0x14 ./Core/Src/mfcr522.o
 .bss.__sbrk_heap_end
                0x10020440        0x4 ./Core/Src/sysmem.o
 .bss.uwTick    0x10020444        0x4 ./Drivers/STM32MP1xx_HAL_Driver/stm32mp1xx_hal.o
                0x10020444                uwTick
 .bss._metal    0x10020448       0x20 ./Middlewares/Third_Party/OpenAMP/generic_init.o
                0x10020448                _metal
 .bss.msg_received_ch1
                0x10020468        0x4 ./OPENAMP/mbox_ipcc.o
                0x10020468                msg_received_ch1
 .bss.msg_received_ch2
                0x1002046c        0x4 ./OPENAMP/mbox_ipcc.o
                0x1002046c                msg_received_ch2
 .bss.shm_io    0x10020470        0x4 ./OPENAMP/openamp.o
 .bss.rsc_io    0x10020474        0x4 ./OPENAMP/openamp.o
 .bss.rsc_table
                0x10020478        0x4 ./OPENAMP/openamp.o
 .bss.shpool    0x1002047c        0xc ./OPENAMP/openamp.o
 .bss.rvdev     0x10020488       0x8c ./OPENAMP/openamp.o
 .bss.shm_physmap
                0x10020514        0x4 ./OPENAMP/openamp.o
 .bss.__malloc_sbrk_start
                0x10020518        0x4 C:/ST/STM32CubeIDE_1.19.0/STM32CubeIDE/plugins/com.st.stm32cube.ide.mcu.externaltools.gnu-tools-for-stm32.13.3.rel1.win32_1.0.0.202411081344/tools/bin/../lib/gcc/arm-none-eabi/13.3.1/../../../../arm-none-eabi/lib/thumb/v7e-m+fp/hard\libc_nano.a(libc_a-mallocr.o)
                0x10020518                __malloc_sbrk_start
 .bss.__malloc_free_list
                0x1002051c        0x4 C:/ST/STM32CubeIDE_1.19.0/STM32CubeIDE/plugins/com.st.stm32cube.ide.mcu.externaltools.gnu-tools-for-stm32.13.3.rel1.win32_1.0.0.202411081344/tools/bin/../lib/gcc/arm-none-eabi/13.3.1/../../../../arm-none-eabi/lib/thumb/v7e-m+fp/hard\libc_nano.a(libc_a-mallocr.o)
                0x1002051c                __malloc_free_list
 .bss.__sf      0x10020520      0x138 C:/ST/STM32CubeIDE_1.19.0/STM32CubeIDE/plugins/com.st.stm32cube.ide.mcu.externaltools.gnu-tools-for-stm32.13.3.rel1.win32_1.0.0.202411081344/tools/bin/../lib/gcc/arm-none-eabi/13.3.1/../../../../arm-none-eabi/lib/thumb/v7e-m+fp/hard\libc_nano.a(libc_a-findfp.o)
                0x10020520                __sf
 .bss.__stdio_exit_handler
                0x10020658        0x4 C:/ST/STM32CubeIDE_1.19.0/STM32CubeIDE/plugins/com.st.stm32cube.ide.mcu.externaltools.gnu-tools-for-stm32.13.3.rel1.win32_1.0.0.202411081344/tools/bin/../lib/gcc/arm-none-eabi/13.3.1/../../../../arm-none-eabi/lib/thumb/v7e-m+fp/hard\libc_nano.a(libc_a-findfp.o)
                0x10020658                __stdio_exit_handler
 .bss.errno     0x1002065c        0x4 C:/ST/STM32CubeIDE_1.19.0/STM32CubeIDE/plugins/com.st.stm32cube.ide.mcu.externaltools.gnu-tools-for-stm32.13.3.rel1.win32_1.0.0.202411081344/tools/bin/../lib/gcc/arm-none-eabi/13.3.1/../../../../arm-none-eabi/lib/thumb/v7e-m+fp/hard\libc_nano.a(libc_a-reent.o)
                0x1002065c                errno
 .bss.__lock___malloc_recursive_mutex
                0x10020660        0x1 C:/ST/STM32CubeIDE_1.19.0/STM32CubeIDE/plugins/com.st.stm32cube.ide.mcu.externaltools.gnu-tools-for-stm32.13.3.rel1.win32_1.0.0.202411081344/tools/bin/../lib/gcc/arm-none-eabi/13.3.1/../../../../arm-none-eabi/lib/thumb/v7e-m+fp/hard\libc_nano.a(libc_a-lock.o)
                0x10020660                __lock___malloc_recursive_mutex
 .bss.__lock___sfp_recursive_mutex
                0x10020661        0x1 C:/ST/STM32CubeIDE_1.19.0/STM32CubeIDE/plugins/com.st.stm32cube.ide.mcu.externaltools.gnu-tools-for-stm32.13.3.rel1.win32_1.0.0.202411081344/tools/bin/../lib/gcc/arm-none-eabi/13.3.1/../../../../arm-none-eabi/lib/thumb/v7e-m+fp/hard\libc_nano.a(libc_a-lock.o)
                0x10020661                __lock___sfp_recursive_mutex
 *(COMMON)
                0x10020664                        . = ALIGN (0x4)
 *fill*         0x10020662        0x2 
                0x10020664                        _ebss = .
                0x10020664                        __bss_end__ = _ebss

._user_heap_stack
                0x10020664      0x604 load address 0x1000ba7c
                0x10020668                        . = ALIGN (0x8)
 *fill*         0x10020664        0x4 
                [!provide]                        PROVIDE (end = .)
                0x10020668                        PROVIDE (_end = .)
                0x10020868                        . = (. + _Min_Heap_Size)
 *fill*         0x10020668      0x200 
                0x10020c68                        . = (. + _Min_Stack_Size)
 *fill*         0x10020868      0x400 
                0x10020c68                        . = ALIGN (0x8)

/DISCARD/
 libc.a(*)
 libm.a(*)
 libgcc.a(*)

.ARM.attributes
                0x00000000       0x30
 *(.ARM.attributes)
 .ARM.attributes