Archive member included to satisfy reference by file (symbol)

C:/ST/STM32CubeIDE_1.19.0/STM32CubeIDE/plugins/com.st.stm32cube.ide.mcu.externaltools.gnu-tools-for-stm32.13.3.rel1.win32_1.0.0.202411081344/tools/bin/../lib/gcc/arm-none-eabi/13.3.1/../../../../arm-none-eabi/lib/thumb/v7e-m+fp/hard\libc_nano.a(libc_a-assert.o)
                              ./Middlewares/Third_Party/OpenAMP/device.o (__assert_func)
C:/ST/STM32CubeIDE_1.19.0/STM32CubeIDE/plugins/com.st.stm32cube.ide.mcu.externaltools.gnu-tools-for-stm32.13.3.rel1.win32_1.0.0.202411081344/tools/bin/../lib/gcc/arm-none-eabi/13.3.1/../../../../arm-none-eabi/lib/thumb/v7e-m+fp/hard\libc_nano.a(libc_a-exit.o)
                              C:/ST/STM32CubeIDE_1.19.0/STM32CubeIDE/plugins/com.st.stm32cube.ide.mcu.externaltools.gnu-tools-for-stm32.13.3.rel1.win32_1.0.0.202411081344/tools/bin/../lib/gcc/arm-none-eabi/13.3.1/../../../../arm-none-eabi/lib/thumb/v7e-m+fp/hard/crt0.o (exit)
C:/ST/STM32CubeIDE_1.19.0/STM32CubeIDE/plugins/com.st.stm32cube.ide.mcu.externaltools.gnu-tools-for-stm32.13.3.rel1.win32_1.0.0.202411081344/tools/bin/../lib/gcc/arm-none-eabi/13.3.1/../../../../arm-none-eabi/lib/thumb/v7e-m+fp/hard\libc_nano.a(libc_a-malloc.o)
                              ./Middlewares/Third_Party/OpenAMP/remoteproc_virtio.o (malloc)
C:/ST/STM32CubeIDE_1.19.0/STM32CubeIDE/plugins/com.st.stm32cube.ide.mcu.externaltools.gnu-tools-for-stm32.13.3.rel1.win32_1.0.0.202411081344/tools/bin/../lib/gcc/arm-none-eabi/13.3.1/../../../../arm-none-eabi/lib/thumb/v7e-m+fp/hard\libc_nano.a(libc_a-mallocr.o)
                              C:/ST/STM32CubeIDE_1.19.0/STM32CubeIDE/plugins/com.st.stm32cube.ide.mcu.externaltools.gnu-tools-for-stm32.13.3.rel1.win32_1.0.0.202411081344/tools/bin/../lib/gcc/arm-none-eabi/13.3.1/../../../../arm-none-eabi/lib/thumb/v7e-m+fp/hard\libc_nano.a(libc_a-malloc.o) (_malloc_r)
C:/ST/STM32CubeIDE_1.19.0/STM32CubeIDE/plugins/com.st.stm32cube.ide.mcu.externaltools.gnu-tools-for-stm32.13.3.rel1.win32_1.0.0.202411081344/tools/bin/../lib/gcc/arm-none-eabi/13.3.1/../../../../arm-none-eabi/lib/thumb/v7e-m+fp/hard\libc_nano.a(libc_a-mlock.o)
                              C:/ST/STM32CubeIDE_1.19.0/STM32CubeIDE/plugins/com.st.stm32cube.ide.mcu.externaltools.gnu-tools-for-stm32.13.3.rel1.win32_1.0.0.202411081344/tools/bin/../lib/gcc/arm-none-eabi/13.3.1/../../../../arm-none-eabi/lib/thumb/v7e-m+fp/hard\libc_nano.a(libc_a-mallocr.o) (__malloc_lock)
C:/ST/STM32CubeIDE_1.19.0/STM32CubeIDE/plugins/com.st.stm32cube.ide.mcu.externaltools.gnu-tools-for-stm32.13.3.rel1.win32_1.0.0.202411081344/tools/bin/../lib/gcc/arm-none-eabi/13.3.1/../../../../arm-none-eabi/lib/thumb/v7e-m+fp/hard\libc_nano.a(libc_a-findfp.o)
                              C:/ST/STM32CubeIDE_1.19.0/STM32CubeIDE/plugins/com.st.stm32cube.ide.mcu.externaltools.gnu-tools-for-stm32.13.3.rel1.win32_1.0.0.202411081344/tools/bin/../lib/gcc/arm-none-eabi/13.3.1/../../../../arm-none-eabi/lib/thumb/v7e-m+fp/hard\libc_nano.a(libc_a-exit.o) (__stdio_exit_handler)
C:/ST/STM32CubeIDE_1.19.0/STM32CubeIDE/plugins/com.st.stm32cube.ide.mcu.externaltools.gnu-tools-for-stm32.13.3.rel1.win32_1.0.0.202411081344/tools/bin/../lib/gcc/arm-none-eabi/13.3.1/../../../../arm-none-eabi/lib/thumb/v7e-m+fp/hard\libc_nano.a(libc_a-fprintf.o)
                              C:/ST/STM32CubeIDE_1.19.0/STM32CubeIDE/plugins/com.st.stm32cube.ide.mcu.externaltools.gnu-tools-for-stm32.13.3.rel1.win32_1.0.0.202411081344/tools/bin/../lib/gcc/arm-none-eabi/13.3.1/../../../../arm-none-eabi/lib/thumb/v7e-m+fp/hard\libc_nano.a(libc_a-assert.o) (fiprintf)
C:/ST/STM32CubeIDE_1.19.0/STM32CubeIDE/plugins/com.st.stm32cube.ide.mcu.externaltools.gnu-tools-for-stm32.13.3.rel1.win32_1.0.0.202411081344/tools/bin/../lib/gcc/arm-none-eabi/13.3.1/../../../../arm-none-eabi/lib/thumb/v7e-m+fp/hard\libc_nano.a(libc_a-fwalk.o)
                              C:/ST/STM32CubeIDE_1.19.0/STM32CubeIDE/plugins/com.st.stm32cube.ide.mcu.externaltools.gnu-tools-for-stm32.13.3.rel1.win32_1.0.0.202411081344/tools/bin/../lib/gcc/arm-none-eabi/13.3.1/../../../../arm-none-eabi/lib/thumb/v7e-m+fp/hard\libc_nano.a(libc_a-findfp.o) (_fwalk_sglue)
C:/ST/STM32CubeIDE_1.19.0/STM32CubeIDE/plugins/com.st.stm32cube.ide.mcu.externaltools.gnu-tools-for-stm32.13.3.rel1.win32_1.0.0.202411081344/tools/bin/../lib/gcc/arm-none-eabi/13.3.1/../../../../arm-none-eabi/lib/thumb/v7e-m+fp/hard\libc_nano.a(libc_a-stdio.o)
                              C:/ST/STM32CubeIDE_1.19.0/STM32CubeIDE/plugins/com.st.stm32cube.ide.mcu.externaltools.gnu-tools-for-stm32.13.3.rel1.win32_1.0.0.202411081344/tools/bin/../lib/gcc/arm-none-eabi/13.3.1/../../../../arm-none-eabi/lib/thumb/v7e-m+fp/hard\libc_nano.a(libc_a-findfp.o) (__sread)
C:/ST/STM32CubeIDE_1.19.0/STM32CubeIDE/plugins/com.st.stm32cube.ide.mcu.externaltools.gnu-tools-for-stm32.13.3.rel1.win32_1.0.0.202411081344/tools/bin/../lib/gcc/arm-none-eabi/13.3.1/../../../../arm-none-eabi/lib/thumb/v7e-m+fp/hard\libc_nano.a(libc_a-vsnprintf.o)
[...]
Memory Configuration

Name             Origin             Length             Attributes
RETRAM_interrupts 0x00000000         0x00000600         xrw
SRAM1_text       0x10000000         0x00020000         xrw
SRAM2_data       0x10020000         0x00020000         xrw
SRAM3_ipc_shm    0x10040000         0x00010000         xrw
SRAM4            0x10050000         0x00010000         xrw
*default*        0x00000000         0xffffffff

Linker script and memory map

LOAD C:/ST/STM32CubeIDE_1.19.0/STM32CubeIDE/plugins/com.st.stm32cube.ide.mcu.externaltools.gnu-tools-for-stm32.13.3.rel1.win32_1.0.0.202411081344/tools/bin/../lib/gcc/arm-none-eabi/13.3.1/thumb/v7e-m+fp/hard/crti.o
LOAD C:/ST/STM32CubeIDE_1.19.0/STM32CubeIDE/plugins/com.st.stm32cube.ide.mcu.externaltools.gnu-tools-for-stm32.13.3.rel1.win32_1.0.0.202411081344/tools/bin/../lib/gcc/arm-none-eabi/13.3.1/thumb/v7e-m+fp/hard/crtbegin.o
LOAD C:/ST/STM32CubeIDE_1.19.0/STM32CubeIDE/plugins/com.st.stm32cube.ide.mcu.externaltools.gnu-tools-for-stm32.13.3.rel1.win32_1.0.0.202411081344/tools/bin/../lib/gcc/arm-none-eabi/13.3.1/../../../../arm-none-eabi/lib/thumb/v7e-m+fp/hard/crt0.o
LOAD ./Common/System/system_stm32mp1xx.o
LOAD ./Core/Src/main.o
LOAD ./Core/Src/mfcr522.o
LOAD ./Core/Src/stm32mp1xx_hal_msp.o
LOAD ./Core/Src/stm32mp1xx_it.o
LOAD ./Core/Src/syscalls.o
LOAD ./Core/Src/sysmem.o
LOAD ./Core/Startup/startup_stm32mp157dacx.o
LOAD ./Drivers/STM32MP1xx_HAL_Driver/stm32mp1xx_hal.o
LOAD ./Drivers/STM32MP1xx_HAL_Driver/stm32mp1xx_hal_cortex.o
LOAD ./Drivers/STM32MP1xx_HAL_Driver/stm32mp1xx_hal_dma.o
LOAD ./Drivers/STM32MP1xx_HAL_Driver/stm32mp1xx_hal_dma_ex.o
LOAD ./Drivers/STM32MP1xx_HAL_Driver/stm32mp1xx_hal_exti.o
LOAD ./Drivers/STM32MP1xx_HAL_Driver/stm32mp1xx_hal_gpio.o
LOAD ./Drivers/STM32MP1xx_HAL_Driver/stm32mp1xx_hal_hsem.o
LOAD ./Drivers/STM32MP1xx_HAL_Driver/stm32mp1xx_hal_ipcc.o
LOAD ./Drivers/STM32MP1xx_HAL_Driver/stm32mp1xx_hal_mdma.o
LOAD ./Drivers/STM32MP1xx_HAL_Driver/stm32mp1xx_hal_pwr.o
LOAD ./Drivers/STM32MP1xx_HAL_Driver/stm32mp1xx_hal_pwr_ex.o
LOAD ./Drivers/STM32MP1xx_HAL_Driver/stm32mp1xx_hal_rcc.o
LOAD ./Drivers/STM32MP1xx_HAL_Driver/stm32mp1xx_hal_rcc_ex.o
LOAD ./Drivers/STM32MP1xx_HAL_Driver/stm32mp1xx_hal_spi.o
LOAD ./Drivers/STM32MP1xx_HAL_Driver/stm32mp1xx_hal_spi_ex.o
LOAD ./Middlewares/Third_Party/OpenAMP/condition.o
LOAD ./Middlewares/Third_Party/OpenAMP/device.o
LOAD ./Middlewares/Third_Party/OpenAMP/generic_device.o
LOAD ./Middlewares/Third_Party/OpenAMP/generic_init.o
LOAD ./Middlewares/Third_Party/OpenAMP/generic_io.o
LOAD ./Middlewares/Third_Party/OpenAMP/generic_shmem.o
LOAD ./Middlewares/Third_Party/OpenAMP/init.o
LOAD ./Middlewares/Third_Party/OpenAMP/io.o
LOAD ./Middlewares/Third_Party/OpenAMP/log.o
LOAD ./Middlewares/Third_Party/OpenAMP/remoteproc_virtio.o
LOAD ./Middlewares/Third_Party/OpenAMP/rpmsg.o
LOAD ./Middlewares/Third_Party/OpenAMP/rpmsg_virtio.o
LOAD ./Middlewares/Third_Party/OpenAMP/shmem.o
LOAD ./Middlewares/Third_Party/OpenAMP/sys.o
LOAD ./Middlewares/Third_Party/OpenAMP/time.o
LOAD ./Middlewares/Third_Party/OpenAMP/virt_uart.o
LOAD ./Middlewares/Third_Party/OpenAMP/virtio.o
LOAD ./Middlewares/Third_Party/OpenAMP/virtqueue.o
LOAD ./OPENAMP/mbox_ipcc.o
LOAD ./OPENAMP/openamp.o
LOAD ./OPENAMP/openamp_log.o
LOAD ./OPENAMP/rsc_table.o
START GROUP
LOAD C:/ST/STM32CubeIDE_1.19.0/STM32CubeIDE/plugins/com.st.stm32cube.ide.mcu.externaltools.gnu-tools-for-stm32.13.3.rel1.win32_1.0.0.202411081344/tools/bin/../lib/gcc/arm-none-eabi/13.3.1/../../../../arm-none-eabi/lib/thumb/v7e-m+fp/hard\libc_nano.a
LOAD C:/ST/STM32CubeIDE_1.19.0/STM32CubeIDE/plugins/com.st.stm32cube.ide.mcu.externaltools.gnu-tools-for-stm32.13.3.rel1.win32_1.0.0.202411081344/tools/bin/../lib/gcc/arm-none-eabi/13.3.1/../../../../arm-none-eabi/lib/thumb/v7e-m+fp/hard\libm.a
END GROUP
START GROUP
LOAD C:/ST/STM32CubeIDE_1.19.0/STM32CubeIDE/plugins/com.st.stm32cube.ide.mcu.externaltools.gnu-tools-for-stm32.13.3.rel1.win32_1.0.0.202411081344/tools/bin/../lib/gcc/arm-none-eabi/13.3.1/thumb/v7e-m+fp/hard\libgcc.a
LOAD C:/ST/STM32CubeIDE_1.19.0/STM32CubeIDE/plugins/com.st.stm32cube.ide.mcu.externaltools.gnu-tools-for-stm32.13.3.rel1.win32_1.0.0.202411081344/tools/bin/../lib/gcc/arm-none-eabi/13.3.1/../../../../arm-none-eabi/lib/thumb/v7e-m+fp/hard\libc_nano.a
END GROUP
START GROUP
LOAD C:/ST/STM32CubeIDE_1.19.0/STM32CubeIDE/plugins/com.st.stm32cube.ide.mcu.externaltools.gnu-tools-for-stm32.13.3.rel1.win32_1.0.0.202411081344/tools/bin/../lib/gcc/arm-none-eabi/13.3.1/thumb/v7e-m+fp/hard\libgcc.a
LOAD C:/ST/STM32CubeIDE_1.19.0/STM32CubeIDE/plugins/com.st.stm32cube.ide.mcu.externaltools.gnu-tools-for-stm32.13.3.rel1.win32_1.0.0.202411081344/tools/bin/../lib/gcc/arm-none-eabi/13.3.1/../../../../arm-none-eabi/lib/thumb/v7e-m+fp/hard\libc_nano.a
LOAD C:/ST/STM32CubeIDE_1.19.0/STM32CubeIDE/plugins/com.st.stm32cube.ide.mcu.externaltools.gnu-tools-for-stm32.13.3.rel1.win32_1.0.0.202411081344/tools/bin/../lib/gcc/arm-none-eabi/13.3.1/../../../../arm-none-eabi/lib/thumb/v7e-m+fp/hard\libnosys.a
END GROUP
START GROUP
LOAD C:/ST/STM32CubeIDE_1.19.0/STM32CubeIDE/plugins/com.st.stm32cube.ide.mcu.externaltools.gnu-tools-for-stm32.13.3.rel1.win32_1.0.0.202411081344/tools/bin/../lib/gcc/arm-none-eabi/13.3.1/thumb/v7e-m+fp/hard\libgcc.a
LOAD C:/ST/STM32CubeIDE_1.19.0/STM32CubeIDE/plugins/com.st.stm32cube.ide.mcu.externaltools.gnu-tools-for-stm32.13.3.rel1.win32_1.0.0.202411081344/tools/bin/../lib/gcc/arm-none-eabi/13.3.1/../../../../arm-none-eabi/lib/thumb/v7e-m+fp/hard\libc_nano.a
LOAD C:/ST/STM32CubeIDE_1.19.0/STM32CubeIDE/plugins/com.st.stm32cube.ide.mcu.externaltools.gnu-tools-for-stm32.13.3.rel1.win32_1.0.0.202411081344/tools/bin/../lib/gcc/arm-none-eabi/13.3.1/../../../../arm-none-eabi/lib/thumb/v7e-m+fp/hard\libnosys.a
END GROUP
LOAD C:/ST/STM32CubeIDE_1.19.0/STM32CubeIDE/plugins/com.st.stm32cube.ide.mcu.externaltools.gnu-tools-for-stm32.13.3.rel1.win32_1.0.0.202411081344/tools/bin/../lib/gcc/arm-none-eabi/13.3.1/thumb/v7e-m+fp/hard/crtend.o
LOAD C:/ST/STM32CubeIDE_1.19.0/STM32CubeIDE/plugins/com.st.stm32cube.ide.mcu.externaltools.gnu-tools-for-stm32.13.3.rel1.win32_1.0.0.202411081344/tools/bin/../lib/gcc/arm-none-eabi/13.3.1/thumb/v7e-m+fp/hard/crtn.o
                0x10040000                        _estack = (ORIGIN (SRAM2_data) + LENGTH (SRAM2_data))
                0x00000200                        _Min_Heap_Size = 0x200
                0x00000400                        _Min_Stack_Size = 0x400
                0x10040000                        __OPENAMP_region_start__ = ORIGIN (SRAM3_ipc_shm)
                0x10050000                        __OPENAMP_region_end__ = (ORIGIN (SRAM3_ipc_shm) + LENGTH (SRAM3_ipc_shm))

.isr_vector     0x00000000      0x298
                0x00000000                        . = ALIGN (0x4)
 *(.isr_vector)
 .isr_vector    0x00000000      0x298 ./Core/Startup/startup_stm32mp157dacx.o
                0x00000000                g_pfnVectors
                0x00000298                        . = ALIGN (0x4)

.text           0x10000000     0x8f28
                0x10000000                        . = ALIGN (0x4)
 *(.text)
 .text          0x10000000       0x40 C:/ST/STM32CubeIDE_1.19.0/STM32CubeIDE/plugins/com.st.stm32cube.ide.mcu.externaltools.gnu-tools-for-stm32.13.3.rel1.win32_1.0.0.202411081344/tools/bin/../lib/gcc/arm-none-eabi/13.3.1/thumb/v7e-m+fp/hard/crtbegin.o
 .text          0x10000040       0x14 C:/ST/STM32CubeIDE_1.19.0/STM32CubeIDE/plugins/com.st.stm32cube.ide.mcu.externaltools.gnu-tools-for-stm32.13.3.rel1.win32_1.0.0.202411081344/tools/bin/../lib/gcc/arm-none-eabi/13.3.1/../../../../arm-none-eabi/lib/thumb/v7e-m+fp/hard\libc_nano.a(libc_a-strcmp.o)
                0x10000040                strcmp
 *fill*         0x10000054        0xc 
 .text          0x10000060       0xa0 C:/ST/STM32CubeIDE_1.19.0/STM32CubeIDE/plugins/com.st.stm32cube.ide.mcu.externaltools.gnu-tools-for-stm32.13.3.rel1.win32_1.0.0.202411081344/tools/bin/../lib/gcc/arm-none-eabi/13.3.1/../../../../arm-none-eabi/lib/thumb/v7e-m+fp/hard\libc_nano.a(libc_a-memchr.o)
                0x10000060                memchr
 *(.text*)
 .text.SystemInit
                0x10000100       0x4c ./Common/System/system_stm32mp1xx.o
                0x10000100                SystemInit
 .text.main     0x1000014c       0x88 ./Core/Src/main.o
                0x1000014c                main
 .text.SystemClock_Config
                0x100001d4      0x2ec ./Core/Src/main.o
                0x100001d4                SystemClock_Config
 .text.PeriphCommonClock_Config
                0x100004c0       0x5a ./Core/Src/main.o
                0x100004c0                PeriphCommonClock_Config
 *fill*         0x1000051a        0x2 
 .text.MX_IPCC_Init
                0x1000051c       0x28 ./Core/Src/main.o
 .text.MX_SPI5_Init
                0x10000544       0xac ./Core/Src/main.o
 .text.MX_DMA_Init
                0x100005f0       0x22 ./Core/Src/main.o
 .text.MX_GPIO_Init
                0x10000612       0x36 ./Core/Src/main.o
 .text.VIRT_UART_RxCpltCallback
                0x10000648       0x14 ./Core/Src/main.o
                0x10000648                VIRT_UART_RxCpltCallback
 .text.qprint   0x1000065c       0x50 ./Core/Src/main.o
                0x1000065c                qprint
 .text.Error_Handler
                0x100006ac        0xe ./Core/Src/main.o
                0x100006ac                Error_Handler
 .text.HAL_MspInit
                0x100006ba       0x6c ./Core/Src/stm32mp1xx_hal_msp.o
                0x100006ba                HAL_MspInit
 *fill*         0x10000726        0x2 
 .text.HAL_IPCC_MspInit
                0x10000728       0x4c ./Core/Src/stm32mp1xx_hal_msp.o
                0x10000728                HAL_IPCC_MspInit
 .text.HAL_SPI_MspInit
                0x10000774      0x11c ./Core/Src/stm32mp1xx_hal_msp.o
                0x10000774                HAL_SPI_MspInit
 .text.NMI_Handler
                0x10000890        0x8 ./Core/Src/stm32mp1xx_it.o
                0x10000890                NMI_Handler
 .text.HardFault_Handler
                0x10000898        0x8 ./Core/Src/stm32mp1xx_it.o
                0x10000898                HardFault_Handler
 .text.MemManage_Handler
                0x100008a0        0x8 ./Core/Src/stm32mp1xx_it.o
                0x100008a0                MemManage_Handler
 .text.BusFault_Handler
                0x100008a8        0x8 ./Core/Src/stm32mp1xx_it.o
                0x100008a8                BusFault_Handler
 .text.UsageFault_Handler
                0x100008b0        0x8 ./Core/Src/stm32mp1xx_it.o
                0x100008b0                UsageFault_Handler
 .text.SVC_Handler
                0x100008b8        0xe ./Core/Src/stm32mp1xx_it.o
                0x100008b8                SVC_Handler
 .text.DebugMon_Handler
                0x100008c6        0xe ./Core/Src/stm32mp1xx_it.o
                0x100008c6                DebugMon_Handler
 .text.PendSV_Handler
                0x100008d4        0xe ./Core/Src/stm32mp1xx_it.o
                0x100008d4                PendSV_Handler
 .text.SysTick_Handler
                0x100008e2        0xc ./Core/Src/stm32mp1xx_it.o
                0x100008e2                SysTick_Handler
 *fill*         0x100008ee        0x2 
 .text.IPCC_RX1_IRQHandler
                0x100008f0       0x14 ./Core/Src/stm32mp1xx_it.o
                0x100008f0                IPCC_RX1_IRQHandler
 .text.IPCC_TX1_IRQHandler
                0x10000904       0x14 ./Core/Src/stm32mp1xx_it.o
                0x10000904                IPCC_TX1_IRQHandler
 .text.RCC_WAKEUP_IRQHandler
                0x10000918        0xc ./Core/Src/stm32mp1xx_it.o
                0x10000918                RCC_WAKEUP_IRQHandler
 .text._getpid  0x10000924       0x10 ./Core/Src/syscalls.o
                0x10000924                _getpid
 .text._kill    0x10000934       0x20 ./Core/Src/syscalls.o
                0x10000934                _kill
 .text._exit    0x10000954       0x16 ./Core/Src/syscalls.o
                0x10000954                _exit
 .text._read    0x1000096a       0x3a ./Core/Src/syscalls.o
                0x1000096a                _read
 .text._write   0x100009a4       0x38 ./Core/Src/syscalls.o
                0x100009a4                _write
 .text._close   0x100009dc       0x18 ./Core/Src/syscalls.o
                0x100009dc                _close
 .text._fstat   0x100009f4       0x20 ./Core/Src/syscalls.o
                0x100009f4                _fstat
 .text._isatty  0x10000a14       0x16 ./Core/Src/syscalls.o
                0x10000a14                _isatty
 .text._lseek   0x10000a2a       0x1a ./Core/Src/syscalls.o
                0x10000a2a                _lseek
 .text._sbrk    0x10000a44       0x6c ./Core/Src/sysmem.o
                0x10000a44                _sbrk
 .text.Default_Handler
                0x10000ab0        0x2 ./Core/Startup/startup_stm32mp157dacx.o
                0x10000ab0                EXTI2_IRQHandler
                0x10000ab0                TIM8_TRG_COM_IRQHandler
                0x10000ab0                TIM8_CC_IRQHandler
                0x10000ab0                EXTI5_IRQHandler
                0x10000ab0                UART8_IRQHandler
                0x10000ab0                SPI4_IRQHandler
                0x10000ab0                EXTI13_IRQHandler
                0x10000ab0                TIM1_CC_IRQHandler
                0x10000ab0                DMA2_Stream5_IRQHandler
                0x10000ab0                ETH1_WKUP_IRQHandler
                0x10000ab0                TAMP_IRQHandler
                0x10000ab0                DMA1_Stream5_IRQHandler
                0x10000ab0                TIM6_IRQHandler
                0x10000ab0                EXTI12_IRQHandler
                0x10000ab0                EXTI3_IRQHandler
                0x10000ab0                LPTIM4_IRQHandler
                0x10000ab0                EXTI8_IRQHandler
                0x10000ab0                LPTIM2_IRQHandler
                0x10000ab0                DFSDM1_FLT1_IRQHandler
                0x10000ab0                I2C3_ER_IRQHandler
                0x10000ab0                DFSDM1_FLT2_IRQHandler
                0x10000ab0                I2C5_EV_IRQHandler
                0x10000ab0                MDMA_IRQHandler
                0x10000ab0                LPTIM3_IRQHandler
                0x10000ab0                EXTI0_IRQHandler
                0x10000ab0                I2C2_EV_IRQHandler
                0x10000ab0                DMA1_Stream2_IRQHandler
                0x10000ab0                FPU_IRQHandler
                0x10000ab0                USBH_OHCI_IRQHandler
                0x10000ab0                FDCAN1_IT1_IRQHandler
                0x10000ab0                LTDC_ER_IRQHandler
                0x10000ab0                DMA2_Stream2_IRQHandler
                0x10000ab0                IPCC_RX0_IRQHandler
                0x10000ab0                OTG_IRQHandler
                0x10000ab0                SPI1_IRQHandler
                0x10000ab0                DCMI_IRQHandler
                0x10000ab0                TIM8_UP_IRQHandler
                0x10000ab0                DMA2_Stream3_IRQHandler
                0x10000ab0                USBH_EHCI_IRQHandler
                0x10000ab0                nCTIIRQ2_IRQHandler
                0x10000ab0                HASH1_IRQHandler
                0x10000ab0                GPU_IRQHandler
                0x10000ab0                SAI2_IRQHandler
                0x10000ab0                ADC1_IRQHandler
                0x10000ab0                RESERVED148_IRQHandler
                0x10000ab0                RTC_TIMESTAMP_IRQHandler
                0x10000ab0                DFSDM1_FLT3_IRQHandler
                0x10000ab0                USART6_IRQHandler
                0x10000ab0                EXTI15_IRQHandler
                0x10000ab0                TIM17_IRQHandler
                0x10000ab0                USART3_IRQHandler
                0x10000ab0                EXTI9_IRQHandler
                0x10000ab0                LPTIM5_IRQHandler
                0x10000ab0                UART5_IRQHandler
                0x10000ab0                DMA2_Stream0_IRQHandler
                0x10000ab0                TIM4_IRQHandler
                0x10000ab0                CRYP2_IRQHandler
                0x10000ab0                QUADSPI_IRQHandler
                0x10000ab0                I2C1_EV_IRQHandler
                0x10000ab0                DMA1_Stream6_IRQHandler
                0x10000ab0                RESERVED99_IRQHandler
                0x10000ab0                DMAMUX1_OVR_IRQHandler
                0x10000ab0                DMA1_Stream1_IRQHandler
                0x10000ab0                TIM16_IRQHandler
                0x10000ab0                UART4_IRQHandler
                0x10000ab0                TIM3_IRQHandler
                0x10000ab0                RCC_IRQHandler
                0x10000ab0                TIM1_TRG_COM_IRQHandler
                0x10000ab0                nCTIIRQ1_IRQHandler
                0x10000ab0                Default_Handler
                0x10000ab0                CEC_IRQHandler
                0x10000ab0                DFSDM1_FLT4_IRQHandler
                0x10000ab0                TIM14_IRQHandler
                0x10000ab0                I2C5_ER_IRQHandler
                0x10000ab0                TIM13_IRQHandler
                0x10000ab0                DMA1_Stream7_IRQHandler
                0x10000ab0                IPCC_TX0_IRQHandler
                0x10000ab0                SPI5_IRQHandler
                0x10000ab0                TIM12_IRQHandler
                0x10000ab0                TIM7_IRQHandler
                0x10000ab0                SDMMC1_IRQHandler
                0x10000ab0                TIM5_IRQHandler
                0x10000ab0                DMA2_Stream7_IRQHandler
                0x10000ab0                TIM15_IRQHandler
                0x10000ab0                PVD_AVD_IRQHandler
                0x10000ab0                I2C3_EV_IRQHandler
                0x10000ab0                SDMMC3_IRQHandler
                0x10000ab0                ETH1_IRQHandler
                0x10000ab0                LTDC_IRQHandler
                0x10000ab0                SAI3_IRQHandler
                0x10000ab0                SPDIF_RX_IRQHandler
                0x10000ab0                ADC2_IRQHandler
                0x10000ab0                SPI2_IRQHandler
                0x10000ab0                DFSDM1_FLT5_IRQHandler
                0x10000ab0                DMA1_Stream0_IRQHandler
                0x10000ab0                EXTI14_IRQHandler
                0x10000ab0                EXTI11_IRQHandler
                0x10000ab0                CRYP1_IRQHandler
                0x10000ab0                RNG2_IRQHandler
                0x10000ab0                RNG1_IRQHandler
                0x10000ab0                HASH2_IRQHandler
                0x10000ab0                EXTI4_IRQHandler
                0x10000ab0                ETH1_LPI_IRQHandler
                0x10000ab0                FDCAN2_IT1_IRQHandler
                0x10000ab0                DSI_IRQHandler
                0x10000ab0                TIM1_UP_IRQHandler
                0x10000ab0                HSEM_IT2_IRQHandler
                0x10000ab0                SPI6_IRQHandler
                0x10000ab0                MDIOS_IRQHandler
                0x10000ab0                I2C4_EV_IRQHandler
                0x10000ab0                FDCAN2_IT0_IRQHandler
                0x10000ab0                I2C6_ER_IRQHandler
                0x10000ab0                FDCAN1_IT0_IRQHandler
                0x10000ab0                TIM2_IRQHandler
                0x10000ab0                EXTI7_IRQHandler
                0x10000ab0                TIM1_BRK_IRQHandler
                0x10000ab0                DAC_IRQHandler
                0x10000ab0                EXTI1_IRQHandler
                0x10000ab0                SDMMC2_IRQHandler
                0x10000ab0                DTS_IRQHandler
                0x10000ab0                UART7_IRQHandler
                0x10000ab0                USART2_IRQHandler
                0x10000ab0                I2C6_EV_IRQHandler
                0x10000ab0                DFSDM1_FLT0_IRQHandler
                0x10000ab0                SAI4_IRQHandler
                0x10000ab0                I2C2_ER_IRQHandler
                0x10000ab0                DMA2_Stream1_IRQHandler
                0x10000ab0                TIM8_BRK_IRQHandler
                0x10000ab0                WWDG1_IRQHandler
                0x10000ab0                DMA2_Stream4_IRQHandler
                0x10000ab0                USART1_IRQHandler
                0x10000ab0                RESERVED143_IRQHandler
                0x10000ab0                EXTI10_IRQHandler
                0x10000ab0                SPI3_IRQHandler
                0x10000ab0                WAKEUP_PIN_IRQHandler
                0x10000ab0                DMA1_Stream4_IRQHandler
                0x10000ab0                I2C1_ER_IRQHandler
                0x10000ab0                FMC_IRQHandler
                0x10000ab0                FDCAN_CAL_IRQHandler
                0x10000ab0                EXTI6_IRQHandler
                0x10000ab0                MPU_SEV_IRQHandler
                0x10000ab0                LPTIM1_IRQHandler
                0x10000ab0                RTC_WKUP_ALARM_IRQHandler
                0x10000ab0                I2C4_ER_IRQHandler
                0x10000ab0                DMA2_Stream6_IRQHandler
                0x10000ab0                SAI1_IRQHandler
                0x10000ab0                DMA1_Stream3_IRQHandler
                0x10000ab0                RESERVED4_IRQHandler
 *fill*         0x10000ab2        0x2 
 .text.HAL_Init
                0x10000ab4       0x34 ./Drivers/STM32MP1xx_HAL_Driver/stm32mp1xx_hal.o
                0x10000ab4                HAL_Init
 .text.HAL_InitTick
                0x10000ae8       0x6c ./Drivers/STM32MP1xx_HAL_Driver/stm32mp1xx_hal.o
                0x10000ae8                HAL_InitTick
 .text.HAL_IncTick
                0x10000b54       0x28 ./Drivers/STM32MP1xx_HAL_Driver/stm32mp1xx_hal.o
                0x10000b54                HAL_IncTick
 .text.HAL_GetTick
                0x10000b7c       0x18 ./Drivers/STM32MP1xx_HAL_Driver/stm32mp1xx_hal.o
                0x10000b7c                HAL_GetTick
 .text.HAL_Delay
                0x10000b94       0x48 ./Drivers/STM32MP1xx_HAL_Driver/stm32mp1xx_hal.o
                0x10000b94                HAL_Delay
 .text.__NVIC_SetPriorityGrouping
                0x10000bdc       0x48 ./Drivers/STM32MP1xx_HAL_Driver/stm32mp1xx_hal_cortex.o
 .text.__NVIC_GetPriorityGrouping
                0x10000c24       0x1c ./Drivers/STM32MP1xx_HAL_Driver/stm32mp1xx_hal_cortex.o
 .text.__NVIC_EnableIRQ
                0x10000c40       0x3c ./Drivers/STM32MP1xx_HAL_Driver/stm32mp1xx_hal_cortex.o
 .text.__NVIC_SetPriority
                0x10000c7c       0x54 ./Drivers/STM32MP1xx_HAL_Driver/stm32mp1xx_hal_cortex.o
 .text.NVIC_EncodePriority
                0x10000cd0       0x66 ./Drivers/STM32MP1xx_HAL_Driver/stm32mp1xx_hal_cortex.o
 *fill*         0x10000d36        0x2 
 .text.SysTick_Config
                0x10000d38       0x44 ./Drivers/STM32MP1xx_HAL_Driver/stm32mp1xx_hal_cortex.o
 .text.HAL_NVIC_SetPriorityGrouping
                0x10000d7c       0x16 ./Drivers/STM32MP1xx_HAL_Driver/stm32mp1xx_hal_cortex.o
                0x10000d7c                HAL_NVIC_SetPriorityGrouping
 .text.HAL_NVIC_SetPriority
                0x10000d92       0x38 ./Drivers/STM32MP1xx_HAL_Driver/stm32mp1xx_hal_cortex.o
                0x10000d92                HAL_NVIC_SetPriority
 .text.HAL_NVIC_EnableIRQ
                0x10000dca       0x1c ./Drivers/STM32MP1xx_HAL_Driver/stm32mp1xx_hal_cortex.o
                0x10000dca                HAL_NVIC_EnableIRQ
 .text.HAL_SYSTICK_Config
                0x10000de6       0x18 ./Drivers/STM32MP1xx_HAL_Driver/stm32mp1xx_hal_cortex.o
                0x10000de6                HAL_SYSTICK_Config
 *fill*         0x10000dfe        0x2 
 .text.HAL_GPIO_Init
                0x10000e00      0x354 ./Drivers/STM32MP1xx_HAL_Driver/stm32mp1xx_hal_gpio.o
                0x10000e00                HAL_GPIO_Init
 .text.HAL_IPCC_Init
                0x10001154       0x64 ./Drivers/STM32MP1xx_HAL_Driver/stm32mp1xx_hal_ipcc.o
                0x10001154                HAL_IPCC_Init
 .text.HAL_IPCC_ActivateNotification
                0x100011b8       0x9c ./Drivers/STM32MP1xx_HAL_Driver/stm32mp1xx_hal_ipcc.o
                0x100011b8                HAL_IPCC_ActivateNotification
 .text.HAL_IPCC_GetChannelStatus
                0x10001254       0x68 ./Drivers/STM32MP1xx_HAL_Driver/stm32mp1xx_hal_ipcc.o
                0x10001254                HAL_IPCC_GetChannelStatus
 .text.HAL_IPCC_NotifyCPU
                0x100012bc       0x8c ./Drivers/STM32MP1xx_HAL_Driver/stm32mp1xx_hal_ipcc.o
                0x100012bc                HAL_IPCC_NotifyCPU
 .text.HAL_IPCC_TX_IRQHandler
                0x10001348       0x9c ./Drivers/STM32MP1xx_HAL_Driver/stm32mp1xx_hal_ipcc.o
                0x10001348                HAL_IPCC_TX_IRQHandler
 .text.HAL_IPCC_RX_IRQHandler
                0x100013e4       0x98 ./Drivers/STM32MP1xx_HAL_Driver/stm32mp1xx_hal_ipcc.o
                0x100013e4                HAL_IPCC_RX_IRQHandler
 .text.HAL_IPCC_RxCallback
                0x1000147c       0x1a ./Drivers/STM32MP1xx_HAL_Driver/stm32mp1xx_hal_ipcc.o
                0x1000147c                HAL_IPCC_RxCallback
 .text.HAL_IPCC_TxCallback
                0x10001496       0x1a ./Drivers/STM32MP1xx_HAL_Driver/stm32mp1xx_hal_ipcc.o
                0x10001496                HAL_IPCC_TxCallback
 .text.IPCC_UnmaskInterrupt
                0x100014b0       0x5c ./Drivers/STM32MP1xx_HAL_Driver/stm32mp1xx_hal_ipcc.o
                0x100014b0                IPCC_UnmaskInterrupt
 .text.IPCC_SetDefaultCallbacks
                0x1000150c       0x4c ./Drivers/STM32MP1xx_HAL_Driver/stm32mp1xx_hal_ipcc.o
                0x1000150c                IPCC_SetDefaultCallbacks
 .text.IPCC_Reset_Register
                0x10001558       0x28 ./Drivers/STM32MP1xx_HAL_Driver/stm32mp1xx_hal_ipcc.o
                0x10001558                IPCC_Reset_Register
 .text.HAL_PWR_EnableBkUpAccess
                0x10001580       0x20 ./Drivers/STM32MP1xx_HAL_Driver/stm32mp1xx_hal_pwr.o
                0x10001580                HAL_PWR_EnableBkUpAccess
 .text.HAL_RCC_OscConfig
                0x100015a0      0x664 ./Drivers/STM32MP1xx_HAL_Driver/stm32mp1xx_hal_rcc.o
                0x100015a0                HAL_RCC_OscConfig
 .text.HAL_RCC_HSEConfig
                0x10001c04       0xd6 ./Drivers/STM32MP1xx_HAL_Driver/stm32mp1xx_hal_rcc.o
                0x10001c04                HAL_RCC_HSEConfig
 .text.HAL_RCC_LSEConfig
                0x10001cda       0xfa ./Drivers/STM32MP1xx_HAL_Driver/stm32mp1xx_hal_rcc.o
                0x10001cda                HAL_RCC_LSEConfig
 .text.RCC_PLL1_Config
                0x10001dd4      0x308 ./Drivers/STM32MP1xx_HAL_Driver/stm32mp1xx_hal_rcc.o
                0x10001dd4                RCC_PLL1_Config
 .text.HAL_RCC_ClockConfig
                0x100020dc      0x224 ./Drivers/STM32MP1xx_HAL_Driver/stm32mp1xx_hal_rcc.o
                0x100020dc                HAL_RCC_ClockConfig
 .text.RCC_MPUConfig
                0x10002300       0xec ./Drivers/STM32MP1xx_HAL_Driver/stm32mp1xx_hal_rcc.o
                0x10002300                RCC_MPUConfig
 .text.RCC_AXISSConfig
                0x100023ec      0x12e ./Drivers/STM32MP1xx_HAL_Driver/stm32mp1xx_hal_rcc.o
                0x100023ec                RCC_AXISSConfig
 *fill*         0x1000251a        0x2 
 .text.RCC_MCUConfig
                0x1000251c      0x150 ./Drivers/STM32MP1xx_HAL_Driver/stm32mp1xx_hal_rcc.o
                0x1000251c                RCC_MCUConfig
 .text.HAL_RCC_GetPLL3ClockFreq
                0x1000266c      0x1f4 ./Drivers/STM32MP1xx_HAL_Driver/stm32mp1xx_hal_rcc.o
                0x1000266c                HAL_RCC_GetPLL3ClockFreq
 .text.HAL_RCC_GetMCUFreq
                0x10002860       0x36 ./Drivers/STM32MP1xx_HAL_Driver/stm32mp1xx_hal_rcc.o
                0x10002860                HAL_RCC_GetMCUFreq
 .text.HAL_RCC_GetSystemCoreClockFreq
                0x10002896        0xe ./Drivers/STM32MP1xx_HAL_Driver/stm32mp1xx_hal_rcc.o
                0x10002896                HAL_RCC_GetSystemCoreClockFreq
 .text.HAL_RCC_GetMCUSSFreq
                0x100028a4       0x74 ./Drivers/STM32MP1xx_HAL_Driver/stm32mp1xx_hal_rcc.o
                0x100028a4                HAL_RCC_GetMCUSSFreq
 .text.HAL_RCC_WAKEUP_IRQHandler
                0x10002918       0x2a ./Drivers/STM32MP1xx_HAL_Driver/stm32mp1xx_hal_rcc.o
                0x10002918                HAL_RCC_WAKEUP_IRQHandler
 .text.HAL_RCC_WAKEUP_Callback
                0x10002942        0xe ./Drivers/STM32MP1xx_HAL_Driver/stm32mp1xx_hal_rcc.o
                0x10002942                HAL_RCC_WAKEUP_Callback
 .text.RCCEx_PLL2_Config
                0x10002950      0x304 ./Drivers/STM32MP1xx_HAL_Driver/stm32mp1xx_hal_rcc_ex.o
                0x10002950                RCCEx_PLL2_Config
 .text.RCCEx_PLL3_Config
                0x10002c54      0x2d4 ./Drivers/STM32MP1xx_HAL_Driver/stm32mp1xx_hal_rcc_ex.o
                0x10002c54                RCCEx_PLL3_Config
 .text.RCCEx_PLL4_Config
                0x10002f28      0x2b0 ./Drivers/STM32MP1xx_HAL_Driver/stm32mp1xx_hal_rcc_ex.o
                0x10002f28                RCCEx_PLL4_Config
 .text.HAL_RCCEx_PeriphCLKConfig
                0x100031d8     0x1d28 ./Drivers/STM32MP1xx_HAL_Driver/stm32mp1xx_hal_rcc_ex.o
                0x100031d8                HAL_RCCEx_PeriphCLKConfig
 .text.HAL_SPI_Init
                0x10004f00      0x248 ./Drivers/STM32MP1xx_HAL_Driver/stm32mp1xx_hal_spi.o
                0x10004f00                HAL_SPI_Init
 .text.SPI_GetPacketSize
                0x10005148       0x36 ./Drivers/STM32MP1xx_HAL_Driver/stm32mp1xx_hal_spi.o
 .text.metal_list_init
                0x1000517e       0x20 ./Middlewares/Third_Party/OpenAMP/device.o
 .text.metal_list_add_before
                0x1000519e       0x34 ./Middlewares/Third_Party/OpenAMP/device.o
 .text.metal_list_add_tail
                0x100051d2       0x1a ./Middlewares/Third_Party/OpenAMP/device.o
 .text.__metal_cache_flush
                0x100051ec       0x1a ./Middlewares/Third_Party/OpenAMP/device.o
 .text.__metal_cache_invalidate
                0x10005206       0x1a ./Middlewares/Third_Party/OpenAMP/device.o
 .text.metal_cache_flush
                0x10005220       0x1a ./Middlewares/Third_Party/OpenAMP/device.o
 .text.metal_cache_invalidate
                0x1000523a       0x1a ./Middlewares/Third_Party/OpenAMP/device.o
 .text.metal_bus_register
                0x10005254       0x88 ./Middlewares/Third_Party/OpenAMP/device.o
                0x10005254                metal_bus_register
 .text.metal_bus_find
                0x100052dc       0x5c ./Middlewares/Third_Party/OpenAMP/device.o
                0x100052dc                metal_bus_find
 .text.metal_device_open
                0x10005338       0x7c ./Middlewares/Third_Party/OpenAMP/device.o
                0x10005338                metal_device_open
 .text.metal_register_generic_device
                0x100053b4       0x4c ./Middlewares/Third_Party/OpenAMP/device.o
                0x100053b4                metal_register_generic_device
 .text.metal_generic_dev_open
                0x10005400       0x60 ./Middlewares/Third_Party/OpenAMP/device.o
                0x10005400                metal_generic_dev_open
 .text.metal_generic_dev_dma_map
                0x10005460       0xa2 ./Middlewares/Third_Party/OpenAMP/device.o
                0x10005460                metal_generic_dev_dma_map
 .text.metal_generic_dev_dma_unmap
                0x10005502       0x56 ./Middlewares/Third_Party/OpenAMP/device.o
                0x10005502                metal_generic_dev_dma_unmap
 .text.metal_generic_dev_sys_open
                0x10005558       0x4e ./Middlewares/Third_Party/OpenAMP/generic_device.o
                0x10005558                metal_generic_dev_sys_open
 *fill*         0x100055a6        0x2 
 .text.metal_sys_init
                0x100055a8       0x1c ./Middlewares/Third_Party/OpenAMP/generic_init.o
                0x100055a8                metal_sys_init
 .text.metal_sys_io_mem_map
                0x100055c4       0x7c ./Middlewares/Third_Party/OpenAMP/generic_io.o
                0x100055c4                metal_sys_io_mem_map
 .text.metal_list_init
                0x10005640       0x20 ./Middlewares/Third_Party/OpenAMP/init.o
 .text.metal_init
                0x10005660       0x64 ./Middlewares/Third_Party/OpenAMP/init.o
                0x10005660                metal_init
 .text.metal_io_virt
                0x100056c4       0x38 ./Middlewares/Third_Party/OpenAMP/io.o
 .text.metal_io_init
                0x100056fc       0x9a ./Middlewares/Third_Party/OpenAMP/io.o
                0x100056fc                metal_io_init
 .text.metal_io_block_read
                0x10005796       0xea ./Middlewares/Third_Party/OpenAMP/io.o
                0x10005796                metal_io_block_read
 .text.metal_io_block_write
                0x10005880       0xe8 ./Middlewares/Third_Party/OpenAMP/io.o
                0x10005880                metal_io_block_write
 .text.metal_default_log_handler
                0x10005968       0x1a ./Middlewares/Third_Party/OpenAMP/log.o
                0x10005968                metal_default_log_handler
 .text.metal_io_virt
                0x10005982       0x38 ./Middlewares/Third_Party/OpenAMP/remoteproc_virtio.o
 .text.metal_io_virt_to_offset
                0x100059ba       0x32 ./Middlewares/Third_Party/OpenAMP/remoteproc_virtio.o
 .text.metal_io_read
                0x100059ec      0x104 ./Middlewares/Third_Party/OpenAMP/remoteproc_virtio.o
 .text.metal_allocate_memory
                0x10005af0       0x18 ./Middlewares/Third_Party/OpenAMP/remoteproc_virtio.o
 .text.metal_free_memory
                0x10005b08       0x16 ./Middlewares/Third_Party/OpenAMP/remoteproc_virtio.o
 .text.virtqueue_allocate
                0x10005b1e       0x32 ./Middlewares/Third_Party/OpenAMP/remoteproc_virtio.o
 .text.rproc_virtio_virtqueue_notify
                0x10005b50       0x68 ./Middlewares/Third_Party/OpenAMP/remoteproc_virtio.o
 .text.rproc_virtio_get_status
                0x10005bb8       0x44 ./Middlewares/Third_Party/OpenAMP/remoteproc_virtio.o
 .text.rproc_virtio_get_dfeatures
                0x10005bfc       0x44 ./Middlewares/Third_Party/OpenAMP/remoteproc_virtio.o
 .text.rproc_virtio_get_features
                0x10005c40       0x50 ./Middlewares/Third_Party/OpenAMP/remoteproc_virtio.o
 .text.rproc_virtio_read_config
                0x10005c90       0x66 ./Middlewares/Third_Party/OpenAMP/remoteproc_virtio.o
 *fill*         0x10005cf6        0x2 
 .text.rproc_virtio_create_vdev
                0x10005cf8      0x15c ./Middlewares/Third_Party/OpenAMP/remoteproc_virtio.o
                0x10005cf8                rproc_virtio_create_vdev
 .text.rproc_virtio_init_vring
                0x10005e54       0x62 ./Middlewares/Third_Party/OpenAMP/remoteproc_virtio.o
                0x10005e54                rproc_virtio_init_vring
 .text.rproc_virtio_notified
                0x10005eb6       0x78 ./Middlewares/Third_Party/OpenAMP/remoteproc_virtio.o
                0x10005eb6                rproc_virtio_notified
 .text.rproc_virtio_wait_remote_ready
                0x10005f2e       0x32 ./Middlewares/Third_Party/OpenAMP/remoteproc_virtio.o
                0x10005f2e                rproc_virtio_wait_remote_ready
 .text.__metal_mutex_acquire
                0x10005f60       0x5e ./Middlewares/Third_Party/OpenAMP/rpmsg.o
 .text.__metal_mutex_release
                0x10005fbe       0x2c ./Middlewares/Third_Party/OpenAMP/rpmsg.o
 .text.metal_mutex_acquire
                0x10005fea       0x16 ./Middlewares/Third_Party/OpenAMP/rpmsg.o
 .text.metal_mutex_release
                0x10006000       0x16 ./Middlewares/Third_Party/OpenAMP/rpmsg.o
 .text.metal_list_add_before
                0x10006016       0x34 ./Middlewares/Third_Party/OpenAMP/rpmsg.o
 .text.metal_list_add_tail
                0x1000604a       0x1a ./Middlewares/Third_Party/OpenAMP/rpmsg.o
 .text.metal_list_del
                0x10006064       0x34 ./Middlewares/Third_Party/OpenAMP/rpmsg.o
 .text.metal_bitmap_set_bit
                0x10006098       0x38 ./Middlewares/Third_Party/OpenAMP/rpmsg.o
 .text.metal_bitmap_is_bit_set
                0x100060d0       0x3a ./Middlewares/Third_Party/OpenAMP/rpmsg.o
 .text.metal_bitmap_clear_bit
                0x1000610a       0x3a ./Middlewares/Third_Party/OpenAMP/rpmsg.o
 .text.metal_bitmap_is_bit_clear
                0x10006144       0x26 ./Middlewares/Third_Party/OpenAMP/rpmsg.o
 .text.metal_bitmap_next_clear_bit
                0x1000616a       0x3a ./Middlewares/Third_Party/OpenAMP/rpmsg.o
 .text.rpmsg_initialize_ept
                0x100061a4       0x48 ./Middlewares/Third_Party/OpenAMP/rpmsg.o
 .text.rpmsg_get_address
                0x100061ec       0x42 ./Middlewares/Third_Party/OpenAMP/rpmsg.o
 .text.rpmsg_release_address
                0x1000622e       0x32 ./Middlewares/Third_Party/OpenAMP/rpmsg.o
 .text.rpmsg_is_address_set
                0x10006260       0x3c ./Middlewares/Third_Party/OpenAMP/rpmsg.o
 .text.rpmsg_set_address
                0x1000629c       0x3c ./Middlewares/Third_Party/OpenAMP/rpmsg.o
 .text.rpmsg_send_offchannel_raw
                0x100062d8       0x64 ./Middlewares/Third_Party/OpenAMP/rpmsg.o
                0x100062d8                rpmsg_send_offchannel_raw
 .text.rpmsg_send_ns_message
                0x1000633c       0x50 ./Middlewares/Third_Party/OpenAMP/rpmsg.o
                0x1000633c                rpmsg_send_ns_message
 .text.rpmsg_get_endpoint
                0x1000638c       0xc0 ./Middlewares/Third_Party/OpenAMP/rpmsg.o
                0x1000638c                rpmsg_get_endpoint
 .text.rpmsg_unregister_endpoint
                0x1000644c       0x56 ./Middlewares/Third_Party/OpenAMP/rpmsg.o
 .text.rpmsg_register_endpoint
                0x100064a2       0x26 ./Middlewares/Third_Party/OpenAMP/rpmsg.o
                0x100064a2                rpmsg_register_endpoint
 .text.rpmsg_create_ept
                0x100064c8      0x104 ./Middlewares/Third_Party/OpenAMP/rpmsg.o
                0x100064c8                rpmsg_create_ept
 .text.__metal_sleep_usec
                0x100065cc       0x16 ./Middlewares/Third_Party/OpenAMP/rpmsg_virtio.o
 .text.metal_sleep_usec
                0x100065e2       0x18 ./Middlewares/Third_Party/OpenAMP/rpmsg_virtio.o
 .text.metal_list_init
                0x100065fa       0x20 ./Middlewares/Third_Party/OpenAMP/rpmsg_virtio.o
 .text.metal_io_virt_to_offset
                0x1000661a       0x32 ./Middlewares/Third_Party/OpenAMP/rpmsg_virtio.o
 .text.__metal_mutex_init
                0x1000664c       0x2c ./Middlewares/Third_Party/OpenAMP/rpmsg_virtio.o
 .text.__metal_mutex_acquire
                0x10006678       0x5e ./Middlewares/Third_Party/OpenAMP/rpmsg_virtio.o
 .text.__metal_mutex_release
                0x100066d6       0x2c ./Middlewares/Third_Party/OpenAMP/rpmsg_virtio.o
 .text.metal_mutex_init
                0x10006702       0x16 ./Middlewares/Third_Party/OpenAMP/rpmsg_virtio.o
 .text.metal_mutex_acquire
                0x10006718       0x16 ./Middlewares/Third_Party/OpenAMP/rpmsg_virtio.o
 .text.metal_mutex_release
                0x1000672e       0x16 ./Middlewares/Third_Party/OpenAMP/rpmsg_virtio.o
 .text.rpmsg_virtio_get_role
                0x10006744       0x1a ./Middlewares/Third_Party/OpenAMP/rpmsg_virtio.o
 .text.rpmsg_virtio_set_status
                0x1000675e       0x26 ./Middlewares/Third_Party/OpenAMP/rpmsg_virtio.o
 .text.rpmsg_virtio_get_status
                0x10006784       0x22 ./Middlewares/Third_Party/OpenAMP/rpmsg_virtio.o
 .text.rpmsg_virtio_get_features
                0x100067a6       0x22 ./Middlewares/Third_Party/OpenAMP/rpmsg_virtio.o
 .text.rpmsg_virtio_create_virtqueues
                0x100067c8       0x2a ./Middlewares/Third_Party/OpenAMP/rpmsg_virtio.o
 *fill*         0x100067f2        0x2 
 .text.rpmsg_initialize_ept
                0x100067f4       0x48 ./Middlewares/Third_Party/OpenAMP/rpmsg_virtio.o
 .text.rpmsg_get_ept_from_addr
                0x1000683c       0x22 ./Middlewares/Third_Party/OpenAMP/rpmsg_virtio.o
 .text.rpmsg_virtio_init_shm_pool
                0x1000685e       0x32 ./Middlewares/Third_Party/OpenAMP/rpmsg_virtio.o
                0x1000685e                rpmsg_virtio_init_shm_pool
 .text.rpmsg_virtio_return_buffer
                0x10006890       0x32 ./Middlewares/Third_Party/OpenAMP/rpmsg_virtio.o
 .text.rpmsg_virtio_enqueue_buffer
                0x100068c2       0x3a ./Middlewares/Third_Party/OpenAMP/rpmsg_virtio.o
 .text.rpmsg_virtio_get_tx_buffer
                0x100068fc       0x3a ./Middlewares/Third_Party/OpenAMP/rpmsg_virtio.o
 .text.rpmsg_virtio_get_rx_buffer
                0x10006936       0x38 ./Middlewares/Third_Party/OpenAMP/rpmsg_virtio.o
 .text.rpmsg_virtio_wait_remote_ready
                0x1000696e       0x3a ./Middlewares/Third_Party/OpenAMP/rpmsg_virtio.o
 .text.rpmsg_virtio_hold_rx_buffer
                0x100069a8       0x28 ./Middlewares/Third_Party/OpenAMP/rpmsg_virtio.o
 .text.rpmsg_virtio_release_rx_buffer
                0x100069d0       0x52 ./Middlewares/Third_Party/OpenAMP/rpmsg_virtio.o
 .text.rpmsg_virtio_get_tx_payload_buffer
                0x10006a22       0xa4 ./Middlewares/Third_Party/OpenAMP/rpmsg_virtio.o
 *fill*         0x10006ac6        0x2 
 .text.rpmsg_virtio_send_offchannel_nocopy
                0x10006ac8       0xd8 ./Middlewares/Third_Party/OpenAMP/rpmsg_virtio.o
 .text.rpmsg_virtio_send_offchannel_raw
                0x10006ba0       0x98 ./Middlewares/Third_Party/OpenAMP/rpmsg_virtio.o
 .text.rpmsg_virtio_tx_callback
                0x10006c38       0x14 ./Middlewares/Third_Party/OpenAMP/rpmsg_virtio.o
 .text.rpmsg_virtio_rx_callback
                0x10006c4c      0x124 ./Middlewares/Third_Party/OpenAMP/rpmsg_virtio.o
 .text.rpmsg_virtio_ns_callback
                0x10006d70       0xe6 ./Middlewares/Third_Party/OpenAMP/rpmsg_virtio.o
 *fill*         0x10006e56        0x2 
 .text.rpmsg_init_vdev
                0x10006e58      0x19c ./Middlewares/Third_Party/OpenAMP/rpmsg_virtio.o
                0x10006e58                rpmsg_init_vdev
 .text.metal_machine_cache_flush
                0x10006ff4       0x16 ./Middlewares/Third_Party/OpenAMP/sys.o
                0x10006ff4                metal_machine_cache_flush
 .text.metal_machine_cache_invalidate
                0x1000700a       0x16 ./Middlewares/Third_Party/OpenAMP/sys.o
                0x1000700a                metal_machine_cache_invalidate
 .text.metal_machine_io_mem_map
                0x10007020       0x1c ./Middlewares/Third_Party/OpenAMP/sys.o
                0x10007020                metal_machine_io_mem_map
 .text.rpmsg_send
                0x1000703c       0x2e ./Middlewares/Third_Party/OpenAMP/virt_uart.o
 .text.VIRT_UART_read_cb
                0x1000706a       0x3c ./Middlewares/Third_Party/OpenAMP/virt_uart.o
 *fill*         0x100070a6        0x2 
 .text.VIRT_UART_Init
                0x100070a8       0x38 ./Middlewares/Third_Party/OpenAMP/virt_uart.o
                0x100070a8                VIRT_UART_Init
 .text.VIRT_UART_RegisterCallback
                0x100070e0       0x34 ./Middlewares/Third_Party/OpenAMP/virt_uart.o
                0x100070e0                VIRT_UART_RegisterCallback
 .text.VIRT_UART_Transmit
                0x10007114       0x3c ./Middlewares/Third_Party/OpenAMP/virt_uart.o
                0x10007114                VIRT_UART_Transmit
 .text.virtio_create_virtqueues
                0x10007150       0x9c ./Middlewares/Third_Party/OpenAMP/virtio.o
                0x10007150                virtio_create_virtqueues
 .text.vring_init
                0x100071ec       0x52 ./Middlewares/Third_Party/OpenAMP/virtqueue.o
 .text.vring_need_event
                0x1000723e       0x3c ./Middlewares/Third_Party/OpenAMP/virtqueue.o
 .text.metal_io_virt
                0x1000727a       0x38 ./Middlewares/Third_Party/OpenAMP/virtqueue.o
 .text.metal_io_phys
                0x100072b2       0x6e ./Middlewares/Third_Party/OpenAMP/virtqueue.o
 .text.metal_io_phys_to_offset
                0x10007320       0x76 ./Middlewares/Third_Party/OpenAMP/virtqueue.o
 .text.metal_io_phys_to_virt
                0x10007396       0x26 ./Middlewares/Third_Party/OpenAMP/virtqueue.o
 .text.virtqueue_phys_to_virt
                0x100073bc       0x22 ./Middlewares/Third_Party/OpenAMP/virtqueue.o
 .text.virtqueue_create
                0x100073de       0x62 ./Middlewares/Third_Party/OpenAMP/virtqueue.o
                0x100073de                virtqueue_create
 .text.virtqueue_get_buffer_length
                0x10007440       0x24 ./Middlewares/Third_Party/OpenAMP/virtqueue.o
                0x10007440                virtqueue_get_buffer_length
 .text.virtqueue_get_available_buffer
                0x10007464       0x90 ./Middlewares/Third_Party/OpenAMP/virtqueue.o
                0x10007464                virtqueue_get_available_buffer
 .text.virtqueue_add_consumed_buffer
                0x100074f4       0x84 ./Middlewares/Third_Party/OpenAMP/virtqueue.o
                0x100074f4                virtqueue_add_consumed_buffer
 .text.virtqueue_disable_cb
                0x10007578       0x70 ./Middlewares/Third_Party/OpenAMP/virtqueue.o
                0x10007578                virtqueue_disable_cb
 .text.virtqueue_kick
                0x100075e8       0x2c ./Middlewares/Third_Party/OpenAMP/virtqueue.o
                0x100075e8                virtqueue_kick
 .text.vq_ring_init
                0x10007614       0x2c ./Middlewares/Third_Party/OpenAMP/virtqueue.o
 .text.virtqueue_notification
                0x10007640       0x24 ./Middlewares/Third_Party/OpenAMP/virtqueue.o
                0x10007640                virtqueue_notification
 .text.vq_ring_must_notify
                0x10007664       0x9c ./Middlewares/Third_Party/OpenAMP/virtqueue.o
 .text.vq_ring_notify
                0x10007700       0x20 ./Middlewares/Third_Party/OpenAMP/virtqueue.o
 .text.MAILBOX_Init
                0x10007720       0x48 ./OPENAMP/mbox_ipcc.o
                0x10007720                MAILBOX_Init
 .text.MAILBOX_Poll
                0x10007768       0x54 ./OPENAMP/mbox_ipcc.o
                0x10007768                MAILBOX_Poll
 .text.MAILBOX_Notify
                0x100077bc       0x64 ./OPENAMP/mbox_ipcc.o
                0x100077bc                MAILBOX_Notify
 .text.IPCC_channel1_callback
                0x10007820       0x2c ./OPENAMP/mbox_ipcc.o
                0x10007820                IPCC_channel1_callback
 .text.IPCC_channel2_callback
                0x1000784c       0x2c ./OPENAMP/mbox_ipcc.o
                0x1000784c                IPCC_channel2_callback
 .text.metal_device_io_region
                0x10007878       0x36 ./OPENAMP/openamp.o
 *fill*         0x100078ae        0x2 
 .text.OPENAMP_shmem_init
                0x100078b0      0x140 ./OPENAMP/openamp.o
 .text.MX_OPENAMP_Init
                0x100079f0      0x128 ./OPENAMP/openamp.o
                0x100079f0                MX_OPENAMP_Init
 .text.OPENAMP_create_endpoint
                0x10007b18       0x3c ./OPENAMP/openamp.o
                0x10007b18                OPENAMP_create_endpoint
 .text.OPENAMP_check_for_message
                0x10007b54       0x18 ./OPENAMP/openamp.o
                0x10007b54                OPENAMP_check_for_message
 .text.resource_table_init
                0x10007b6c       0x28 ./OPENAMP/rsc_table.o
                0x10007b6c                resource_table_init
 .text.__assert_func
                0x10007b94       0x3c C:/ST/STM32CubeIDE_1.19.0/STM32CubeIDE/plugins/com.st.stm32cube.ide.mcu.externaltools.gnu-tools-for-stm32.13.3.rel1.win32_1.0.0.202411081344/tools/bin/../lib/gcc/arm-none-eabi/13.3.1/../../../../arm-none-eabi/lib/thumb/v7e-m+fp/hard\libc_nano.a(libc_a-assert.o)
                0x10007b94                __assert_func
 .text.malloc   0x10007bd0       0x10 C:/ST/STM32CubeIDE_1.19.0/STM32CubeIDE/plugins/com.st.stm32cube.ide.mcu.externaltools.gnu-tools-for-stm32.13.3.rel1.win32_1.0.0.202411081344/tools/bin/../lib/gcc/arm-none-eabi/13.3.1/../../../../arm-none-eabi/lib/thumb/v7e-m+fp/hard\libc_nano.a(libc_a-malloc.o)
                0x10007bd0                malloc
 .text.free     0x10007be0       0x10 C:/ST/STM32CubeIDE_1.19.0/STM32CubeIDE/plugins/com.st.stm32cube.ide.mcu.externaltools.gnu-tools-for-stm32.13.3.rel1.win32_1.0.0.202411081344/tools/bin/../lib/gcc/arm-none-eabi/13.3.1/../../../../arm-none-eabi/lib/thumb/v7e-m+fp/hard\libc_nano.a(libc_a-malloc.o)
                0x10007be0                free
 .text.sbrk_aligned
                0x10007bf0       0x44 C:/ST/STM32CubeIDE_1.19.0/STM32CubeIDE/plugins/com.st.stm32cube.ide.mcu.externaltools.gnu-tools-for-stm32.13.3.rel1.win32_1.0.0.202411081344/tools/bin/../lib/gcc/arm-none-eabi/13.3.1/../../../../arm-none-eabi/lib/thumb/v7e-m+fp/hard\libc_nano.a(libc_a-mallocr.o)
 .text._malloc_r
                0x10007c34      0x100 C:/ST/STM32CubeIDE_1.19.0/STM32CubeIDE/plugins/com.st.stm32cube.ide.mcu.externaltools.gnu-tools-for-stm32.13.3.rel1.win32_1.0.0.202411081344/tools/bin/../lib/gcc/arm-none-eabi/13.3.1/../../../../arm-none-eabi/lib/thumb/v7e-m+fp/hard\libc_nano.a(libc_a-mallocr.o)
                0x10007c34                _malloc_r
 .text.__malloc_lock
                0x10007d34        0xc C:/ST/STM32CubeIDE_1.19.0/STM32CubeIDE/plugins/com.st.stm32cube.ide.mcu.externaltools.gnu-tools-for-stm32.13.3.rel1.win32_1.0.0.202411081344/tools/bin/../lib/gcc/arm-none-eabi/13.3.1/../../../../arm-none-eabi/lib/thumb/v7e-m+fp/hard\libc_nano.a(libc_a-mlock.o)
                0x10007d34                __malloc_lock
 .text.__malloc_unlock
                0x10007d40        0xc C:/ST/STM32CubeIDE_1.19.0/STM32CubeIDE/plugins/com.st.stm32cube.ide.mcu.externaltools.gnu-tools-for-stm32.13.3.rel1.win32_1.0.0.202411081344/tools/bin/../lib/gcc/arm-none-eabi/13.3.1/../../../../arm-none-eabi/lib/thumb/v7e-m+fp/hard\libc_nano.a(libc_a-mlock.o)
                0x10007d40                __malloc_unlock
 .text.std      0x10007d4c       0x6c C:/ST/STM32CubeIDE_1.19.0/STM32CubeIDE/plugins/com.st.stm32cube.ide.mcu.externaltools.gnu-tools-for-stm32.13.3.rel1.win32_1.0.0.202411081344/tools/bin/../lib/gcc/arm-none-eabi/13.3.1/../../../../arm-none-eabi/lib/thumb/v7e-m+fp/hard\libc_nano.a(libc_a-findfp.o)
 .text.stdio_exit_handler
                0x10007db8       0x18 C:/ST/STM32CubeIDE_1.19.0/STM32CubeIDE/plugins/com.st.stm32cube.ide.mcu.externaltools.gnu-tools-for-stm32.13.3.rel1.win32_1.0.0.202411081344/tools/bin/../lib/gcc/arm-none-eabi/13.3.1/../../../../arm-none-eabi/lib/thumb/v7e-m+fp/hard\libc_nano.a(libc_a-findfp.o)
 .text.cleanup_stdio
                0x10007dd0       0x40 C:/ST/STM32CubeIDE_1.19.0/STM32CubeIDE/plugins/com.st.stm32cube.ide.mcu.externaltools.gnu-tools-for-stm32.13.3.rel1.win32_1.0.0.202411081344/tools/bin/../lib/gcc/arm-none-eabi/13.3.1/../../../../arm-none-eabi/lib/thumb/v7e-m+fp/hard\libc_nano.a(libc_a-findfp.o)
 .text.global_stdio_init.part.0
                0x10007e10       0x3c C:/ST/STM32CubeIDE_1.19.0/STM32CubeIDE/plugins/com.st.stm32cube.ide.mcu.externaltools.gnu-tools-for-stm32.13.3.rel1.win32_1.0.0.202411081344/tools/bin/../lib/gcc/arm-none-eabi/13.3.1/../../../../arm-none-eabi/lib/thumb/v7e-m+fp/hard\libc_nano.a(libc_a-findfp.o)
 .text.__sfp_lock_acquire
                0x10007e4c        0xc C:/ST/STM32CubeIDE_1.19.0/STM32CubeIDE/plugins/com.st.stm32cube.ide.mcu.externaltools.gnu-tools-for-stm32.13.3.rel1.win32_1.0.0.202411081344/tools/bin/../lib/gcc/arm-none-eabi/13.3.1/../../../../arm-none-eabi/lib/thumb/v7e-m+fp/hard\libc_nano.a(libc_a-findfp.o)
                0x10007e4c                __sfp_lock_acquire
 .text.__sfp_lock_release
                0x10007e58        0xc C:/ST/STM32CubeIDE_1.19.0/STM32CubeIDE/plugins/com.st.stm32cube.ide.mcu.externaltools.gnu-tools-for-stm32.13.3.rel1.win32_1.0.0.202411081344/tools/bin/../lib/gcc/arm-none-eabi/13.3.1/../../../../arm-none-eabi/lib/thumb/v7e-m+fp/hard\libc_nano.a(libc_a-findfp.o)
                0x10007e58                __sfp_lock_release
 .text.__sinit  0x10007e64       0x30 C:/ST/STM32CubeIDE_1.19.0/STM32CubeIDE/plugins/com.st.stm32cube.ide.mcu.externaltools.gnu-tools-for-stm32.13.3.rel1.win32_1.0.0.202411081344/tools/bin/../lib/gcc/arm-none-eabi/13.3.1/../../../../arm-none-eabi/lib/thumb/v7e-m+fp/hard\libc_nano.a(libc_a-findfp.o)
                0x10007e64                __sinit
 .text.fprintf  0x10007e94       0x24 C:/ST/STM32CubeIDE_1.19.0/STM32CubeIDE/plugins/com.st.stm32cube.ide.mcu.externaltools.gnu-tools-for-stm32.13.3.rel1.win32_1.0.0.202411081344/tools/bin/../lib/gcc/arm-none-eabi/13.3.1/../../../../arm-none-eabi/lib/thumb/v7e-m+fp/hard\libc_nano.a(libc_a-fprintf.o)
                0x10007e94                fiprintf
                0x10007e94                fprintf
 .text._fwalk_sglue
                0x10007eb8       0x3c C:/ST/STM32CubeIDE_1.19.0/STM32CubeIDE/plugins/com.st.stm32cube.ide.mcu.externaltools.gnu-tools-for-stm32.13.3.rel1.win32_1.0.0.202411081344/tools/bin/../lib/gcc/arm-none-eabi/13.3.1/../../../../arm-none-eabi/lib/thumb/v7e-m+fp/hard\libc_nano.a(libc_a-fwalk.o)
                0x10007eb8                _fwalk_sglue
 .text.__sread  0x10007ef4       0x22 C:/ST/STM32CubeIDE_1.19.0/STM32CubeIDE/plugins/com.st.stm32cube.ide.mcu.externaltools.gnu-tools-for-stm32.13.3.rel1.win32_1.0.0.202411081344/tools/bin/../lib/gcc/arm-none-eabi/13.3.1/../../../../arm-none-eabi/lib/thumb/v7e-m+fp/hard\libc_nano.a(libc_a-stdio.o)
                0x10007ef4                __sread
 .text.__swrite
                0x10007f16       0x38 C:/ST/STM32CubeIDE_1.19.0/STM32CubeIDE/plugins/com.st.stm32cube.ide.mcu.externaltools.gnu-tools-for-stm32.13.3.rel1.win32_1.0.0.202411081344/tools/bin/../lib/gcc/arm-none-eabi/13.3.1/../../../../arm-none-eabi/lib/thumb/v7e-m+fp/hard\libc_nano.a(libc_a-stdio.o)
                0x10007f16                __swrite
 .text.__sseek  0x10007f4e       0x24 C:/ST/STM32CubeIDE_1.19.0/STM32CubeIDE/plugins/com.st.stm32cube.ide.mcu.externaltools.gnu-tools-for-stm32.13.3.rel1.win32_1.0.0.202411081344/tools/bin/../lib/gcc/arm-none-eabi/13.3.1/../../../../arm-none-eabi/lib/thumb/v7e-m+fp/hard\libc_nano.a(libc_a-stdio.o)
                0x10007f4e                __sseek
 .text.__sclose
                0x10007f72        0x8 C:/ST/STM32CubeIDE_1.19.0/STM32CubeIDE/plugins/com.st.stm32cube.ide.mcu.externaltools.gnu-tools-for-stm32.13.3.rel1.win32_1.0.0.202411081344/tools/bin/../lib/gcc/arm-none-eabi/13.3.1/../../../../arm-none-eabi/lib/thumb/v7e-m+fp/hard\libc_nano.a(libc_a-stdio.o)
                0x10007f72                __sclose
 .text._vsnprintf_r
                0x10007f7a       0x5c C:/ST/STM32CubeIDE_1.19.0/STM32CubeIDE/plugins/com.st.stm32cube.ide.mcu.externaltools.gnu-tools-for-stm32.13.3.rel1.win32_1.0.0.202411081344/tools/bin/../lib/gcc/arm-none-eabi/13.3.1/../../../../arm-none-eabi/lib/thumb/v7e-m+fp/hard\libc_nano.a(libc_a-vsnprintf.o)
                0x10007f7a                _vsniprintf_r
                0x10007f7a                _vsnprintf_r
 *fill*         0x10007fd6        0x2 
 .text.vsnprintf
                0x10007fd8       0x1c C:/ST/STM32CubeIDE_1.19.0/STM32CubeIDE/plugins/com.st.stm32cube.ide.mcu.externaltools.gnu-tools-for-stm32.13.3.rel1.win32_1.0.0.202411081344/tools/bin/../lib/gcc/arm-none-eabi/13.3.1/../../../../arm-none-eabi/lib/thumb/v7e-m+fp/hard\libc_nano.a(libc_a-vsnprintf.o)
                0x10007fd8                vsniprintf
                0x10007fd8                vsnprintf
 .text.memset   0x10007ff4       0x10 C:/ST/STM32CubeIDE_1.19.0/STM32CubeIDE/plugins/com.st.stm32cube.ide.mcu.externaltools.gnu-tools-for-stm32.13.3.rel1.win32_1.0.0.202411081344/tools/bin/../lib/gcc/arm-none-eabi/13.3.1/../../../../arm-none-eabi/lib/thumb/v7e-m+fp/hard\libc_nano.a(libc_a-memset.o)
                0x10007ff4                memset
 .text.strncmp  0x10008004       0x24 C:/ST/STM32CubeIDE_1.19.0/STM32CubeIDE/plugins/com.st.stm32cube.ide.mcu.externaltools.gnu-tools-for-stm32.13.3.rel1.win32_1.0.0.202411081344/tools/bin/../lib/gcc/arm-none-eabi/13.3.1/../../../../arm-none-eabi/lib/thumb/v7e-m+fp/hard\libc_nano.a(libc_a-strncmp.o)
                0x10008004                strncmp
 .text.strncpy  0x10008028       0x26 C:/ST/STM32CubeIDE_1.19.0/STM32CubeIDE/plugins/com.st.stm32cube.ide.mcu.externaltools.gnu-tools-for-stm32.13.3.rel1.win32_1.0.0.202411081344/tools/bin/../lib/gcc/arm-none-eabi/13.3.1/../../../../arm-none-eabi/lib/thumb/v7e-m+fp/hard\libc_nano.a(libc_a-strncpy.o)
                0x10008028                strncpy
 *fill*         0x1000804e        0x2 
 .text._close_r
                0x10008050       0x20 C:/ST/STM32CubeIDE_1.19.0/STM32CubeIDE/plugins/com.st.stm32cube.ide.mcu.externaltools.gnu-tools-for-stm32.13.3.rel1.win32_1.0.0.202411081344/tools/bin/../lib/gcc/arm-none-eabi/13.3.1/../../../../arm-none-eabi/lib/thumb/v7e-m+fp/hard\libc_nano.a(libc_a-closer.o)
                0x10008050                _close_r
 .text._lseek_r
                0x10008070       0x24 C:/ST/STM32CubeIDE_1.19.0/STM32CubeIDE/plugins/com.st.stm32cube.ide.mcu.externaltools.gnu-tools-for-stm32.13.3.rel1.win32_1.0.0.202411081344/tools/bin/../lib/gcc/arm-none-eabi/13.3.1/../../../../arm-none-eabi/lib/thumb/v7e-m+fp/hard\libc_nano.a(libc_a-lseekr.o)
                0x10008070                _lseek_r
 .text._read_r  0x10008094       0x24 C:/ST/STM32CubeIDE_1.19.0/STM32CubeIDE/plugins/com.st.stm32cube.ide.mcu.externaltools.gnu-tools-for-stm32.13.3.rel1.win32_1.0.0.202411081344/tools/bin/../lib/gcc/arm-none-eabi/13.3.1/../../../../arm-none-eabi/lib/thumb/v7e-m+fp/hard\libc_nano.a(libc_a-readr.o)
                0x10008094                _read_r
 .text._sbrk_r  0x100080b8       0x20 C:/ST/STM32CubeIDE_1.19.0/STM32CubeIDE/plugins/com.st.stm32cube.ide.mcu.externaltools.gnu-tools-for-stm32.13.3.rel1.win32_1.0.0.202411081344/tools/bin/../lib/gcc/arm-none-eabi/13.3.1/../../../../arm-none-eabi/lib/thumb/v7e-m+fp/hard\libc_nano.a(libc_a-sbrkr.o)
                0x100080b8                _sbrk_r
 .text._write_r
                0x100080d8       0x24 C:/ST/STM32CubeIDE_1.19.0/STM32CubeIDE/plugins/com.st.stm32cube.ide.mcu.externaltools.gnu-tools-for-stm32.13.3.rel1.win32_1.0.0.202411081344/tools/bin/../lib/gcc/arm-none-eabi/13.3.1/../../../../arm-none-eabi/lib/thumb/v7e-m+fp/hard\libc_nano.a(libc_a-writer.o)
                0x100080d8                _write_r
 .text.__errno  0x100080fc        0xc C:/ST/STM32CubeIDE_1.19.0/STM32CubeIDE/plugins/com.st.stm32cube.ide.mcu.externaltools.gnu-tools-for-stm32.13.3.rel1.win32_1.0.0.202411081344/tools/bin/../lib/gcc/arm-none-eabi/13.3.1/../../../../arm-none-eabi/lib/thumb/v7e-m+fp/hard\libc_nano.a(libc_a-errno.o)
                0x100080fc                __errno
 .text.__libc_init_array
                0x10008108       0x48 C:/ST/STM32CubeIDE_1.19.0/STM32CubeIDE/plugins/com.st.stm32cube.ide.mcu.externaltools.gnu-tools-for-stm32.13.3.rel1.win32_1.0.0.202411081344/tools/bin/../lib/gcc/arm-none-eabi/13.3.1/../../../../arm-none-eabi/lib/thumb/v7e-m+fp/hard\libc_nano.a(libc_a-init.o)
                0x10008108                __libc_init_array
 .text.__retarget_lock_init_recursive
                0x10008150        0x2 C:/ST/STM32CubeIDE_1.19.0/STM32CubeIDE/plugins/com.st.stm32cube.ide.mcu.externaltools.gnu-tools-for-stm32.13.3.rel1.win32_1.0.0.202411081344/tools/bin/../lib/gcc/arm-none-eabi/13.3.1/../../../../arm-none-eabi/lib/thumb/v7e-m+fp/hard\libc_nano.a(libc_a-lock.o)
                0x10008150                __retarget_lock_init_recursive
 .text.__retarget_lock_acquire_recursive
                0x10008152        0x2 C:/ST/STM32CubeIDE_1.19.0/STM32CubeIDE/plugins/com.st.stm32cube.ide.mcu.externaltools.gnu-tools-for-stm32.13.3.rel1.win32_1.0.0.202411081344/tools/bin/../lib/gcc/arm-none-eabi/13.3.1/../../../../arm-none-eabi/lib/thumb/v7e-m+fp/hard\libc_nano.a(libc_a-lock.o)
                0x10008152                __retarget_lock_acquire_recursive
 .text.__retarget_lock_release_recursive
                0x10008154        0x2 C:/ST/STM32CubeIDE_1.19.0/STM32CubeIDE/plugins/com.st.stm32cube.ide.mcu.externaltools.gnu-tools-for-stm32.13.3.rel1.win32_1.0.0.202411081344/tools/bin/../lib/gcc/arm-none-eabi/13.3.1/../../../../arm-none-eabi/lib/thumb/v7e-m+fp/hard\libc_nano.a(libc_a-lock.o)
                0x10008154                __retarget_lock_release_recursive
 .text.memcpy   0x10008156       0x1c C:/ST/STM32CubeIDE_1.19.0/STM32CubeIDE/plugins/com.st.stm32cube.ide.mcu.externaltools.gnu-tools-for-stm32.13.3.rel1.win32_1.0.0.202411081344/tools/bin/../lib/gcc/arm-none-eabi/13.3.1/../../../../arm-none-eabi/lib/thumb/v7e-m+fp/hard\libc_nano.a(libc_a-memcpy-stub.o)
                0x10008156                memcpy
 .text.abort    0x10008172        0xe C:/ST/STM32CubeIDE_1.19.0/STM32CubeIDE/plugins/com.st.stm32cube.ide.mcu.externaltools.gnu-tools-for-stm32.13.3.rel1.win32_1.0.0.202411081344/tools/bin/../lib/gcc/arm-none-eabi/13.3.1/../../../../arm-none-eabi/lib/thumb/v7e-m+fp/hard\libc_nano.a(libc_a-abort.o)
                0x10008172                abort
 .text._free_r  0x10008180       0x94 C:/ST/STM32CubeIDE_1.19.0/STM32CubeIDE/plugins/com.st.stm32cube.ide.mcu.externaltools.gnu-tools-for-stm32.13.3.rel1.win32_1.0.0.202411081344/tools/bin/../lib/gcc/arm-none-eabi/13.3.1/../../../../arm-none-eabi/lib/thumb/v7e-m+fp/hard\libc_nano.a(libc_a-freer.o)
                0x10008180                _free_r
 .text.__ssputs_r
                0x10008214       0xb6 C:/ST/STM32CubeIDE_1.19.0/STM32CubeIDE/plugins/com.st.stm32cube.ide.mcu.externaltools.gnu-tools-for-stm32.13.3.rel1.win32_1.0.0.202411081344/tools/bin/../lib/gcc/arm-none-eabi/13.3.1/../../../../arm-none-eabi/lib/thumb/v7e-m+fp/hard\libc_nano.a(libc_a-nano-svfprintf.o)
                0x10008214                __ssputs_r
 *fill*         0x100082ca        0x2 
 .text._svfprintf_r
                0x100082cc      0x1f8 C:/ST/STM32CubeIDE_1.19.0/STM32CubeIDE/plugins/com.st.stm32cube.ide.mcu.externaltools.gnu-tools-for-stm32.13.3.rel1.win32_1.0.0.202411081344/tools/bin/../lib/gcc/arm-none-eabi/13.3.1/../../../../arm-none-eabi/lib/thumb/v7e-m+fp/hard\libc_nano.a(libc_a-nano-svfprintf.o)
                0x100082cc                _svfiprintf_r
                0x100082cc                _svfprintf_r
 .text.__sfputc_r
                0x100084c4       0x2e C:/ST/STM32CubeIDE_1.19.0/STM32CubeIDE/plugins/com.st.stm32cube.ide.mcu.externaltools.gnu-tools-for-stm32.13.3.rel1.win32_1.0.0.202411081344/tools/bin/../lib/gcc/arm-none-eabi/13.3.1/../../../../arm-none-eabi/lib/thumb/v7e-m+fp/hard\libc_nano.a(libc_a-nano-vfprintf.o)
 .text.__sfputs_r
                0x100084f2       0x24 C:/ST/STM32CubeIDE_1.19.0/STM32CubeIDE/plugins/com.st.stm32cube.ide.mcu.externaltools.gnu-tools-for-stm32.13.3.rel1.win32_1.0.0.202411081344/tools/bin/../lib/gcc/arm-none-eabi/13.3.1/../../../../arm-none-eabi/lib/thumb/v7e-m+fp/hard\libc_nano.a(libc_a-nano-vfprintf.o)
                0x100084f2                __sfputs_r
 *fill*         0x10008516        0x2 
 .text._vfprintf_r
                0x10008518      0x230 C:/ST/STM32CubeIDE_1.19.0/STM32CubeIDE/plugins/com.st.stm32cube.ide.mcu.externaltools.gnu-tools-for-stm32.13.3.rel1.win32_1.0.0.202411081344/tools/bin/../lib/gcc/arm-none-eabi/13.3.1/../../../../arm-none-eabi/lib/thumb/v7e-m+fp/hard\libc_nano.a(libc_a-nano-vfprintf.o)
                0x10008518                _vfprintf_r
                0x10008518                _vfiprintf_r
 .text._printf_common
                0x10008748       0xda C:/ST/STM32CubeIDE_1.19.0/STM32CubeIDE/plugins/com.st.stm32cube.ide.mcu.externaltools.gnu-tools-for-stm32.13.3.rel1.win32_1.0.0.202411081344/tools/bin/../lib/gcc/arm-none-eabi/13.3.1/../../../../arm-none-eabi/lib/thumb/v7e-m+fp/hard\libc_nano.a(libc_a-nano-vfprintf_i.o)
                0x10008748                _printf_common
 *fill*         0x10008822        0x2 
 .text._printf_i
                0x10008824      0x23c C:/ST/STM32CubeIDE_1.19.0/STM32CubeIDE/plugins/com.st.stm32cube.ide.mcu.externaltools.gnu-tools-for-stm32.13.3.rel1.win32_1.0.0.202411081344/tools/bin/../lib/gcc/arm-none-eabi/13.3.1/../../../../arm-none-eabi/lib/thumb/v7e-m+fp/hard\libc_nano.a(libc_a-nano-vfprintf_i.o)
                0x10008824                _printf_i
 .text.__sflush_r
                0x10008a60      0x108 C:/ST/STM32CubeIDE_1.19.0/STM32CubeIDE/plugins/com.st.stm32cube.ide.mcu.externaltools.gnu-tools-for-stm32.13.3.rel1.win32_1.0.0.202411081344/tools/bin/../lib/gcc/arm-none-eabi/13.3.1/../../../../arm-none-eabi/lib/thumb/v7e-m+fp/hard\libc_nano.a(libc_a-fflush.o)
                0x10008a60                __sflush_r
 .text._fflush_r
                0x10008b68       0x50 C:/ST/STM32CubeIDE_1.19.0/STM32CubeIDE/plugins/com.st.stm32cube.ide.mcu.externaltools.gnu-tools-for-stm32.13.3.rel1.win32_1.0.0.202411081344/tools/bin/../lib/gcc/arm-none-eabi/13.3.1/../../../../arm-none-eabi/lib/thumb/v7e-m+fp/hard\libc_nano.a(libc_a-fflush.o)
                0x10008b68                _fflush_r
 .text.__swbuf_r
                0x10008bb8       0x7c C:/ST/STM32CubeIDE_1.19.0/STM32CubeIDE/plugins/com.st.stm32cube.ide.mcu.externaltools.gnu-tools-for-stm32.13.3.rel1.win32_1.0.0.202411081344/tools/bin/../lib/gcc/arm-none-eabi/13.3.1/../../../../arm-none-eabi/lib/thumb/v7e-m+fp/hard\libc_nano.a(libc_a-wbuf.o)
                0x10008bb8                __swbuf_r
 .text.__swsetup_r
                0x10008c34       0xac C:/ST/STM32CubeIDE_1.19.0/STM32CubeIDE/plugins/com.st.stm32cube.ide.mcu.externaltools.gnu-tools-for-stm32.13.3.rel1.win32_1.0.0.202411081344/tools/bin/../lib/gcc/arm-none-eabi/13.3.1/../../../../arm-none-eabi/lib/thumb/v7e-m+fp/hard\libc_nano.a(libc_a-wsetup.o)
                0x10008c34                __swsetup_r
 .text.memmove  0x10008ce0       0x34 C:/ST/STM32CubeIDE_1.19.0/STM32CubeIDE/plugins/com.st.stm32cube.ide.mcu.externaltools.gnu-tools-for-stm32.13.3.rel1.win32_1.0.0.202411081344/tools/bin/../lib/gcc/arm-none-eabi/13.3.1/../../../../arm-none-eabi/lib/thumb/v7e-m+fp/hard\libc_nano.a(libc_a-memmove.o)
                0x10008ce0                memmove
 .text._raise_r
                0x10008d14       0x50 C:/ST/STM32CubeIDE_1.19.0/STM32CubeIDE/plugins/com.st.stm32cube.ide.mcu.externaltools.gnu-tools-for-stm32.13.3.rel1.win32_1.0.0.202411081344/tools/bin/../lib/gcc/arm-none-eabi/13.3.1/../../../../arm-none-eabi/lib/thumb/v7e-m+fp/hard\libc_nano.a(libc_a-signal.o)
                0x10008d14                _raise_r
 .text.raise    0x10008d64       0x10 C:/ST/STM32CubeIDE_1.19.0/STM32CubeIDE/plugins/com.st.stm32cube.ide.mcu.externaltools.gnu-tools-for-stm32.13.3.rel1.win32_1.0.0.202411081344/tools/bin/../lib/gcc/arm-none-eabi/13.3.1/../../../../arm-none-eabi/lib/thumb/v7e-m+fp/hard\libc_nano.a(libc_a-signal.o)
                0x10008d64                raise
 .text._kill_r  0x10008d74       0x24 C:/ST/STM32CubeIDE_1.19.0/STM32CubeIDE/plugins/com.st.stm32cube.ide.mcu.externaltools.gnu-tools-for-stm32.13.3.rel1.win32_1.0.0.202411081344/tools/bin/../lib/gcc/arm-none-eabi/13.3.1/../../../../arm-none-eabi/lib/thumb/v7e-m+fp/hard\libc_nano.a(libc_a-signalr.o)
                0x10008d74                _kill_r
 .text._getpid_r
                0x10008d98        0x4 C:/ST/STM32CubeIDE_1.19.0/STM32CubeIDE/plugins/com.st.stm32cube.ide.mcu.externaltools.gnu-tools-for-stm32.13.3.rel1.win32_1.0.0.202411081344/tools/bin/../lib/gcc/arm-none-eabi/13.3.1/../../../../arm-none-eabi/lib/thumb/v7e-m+fp/hard\libc_nano.a(libc_a-signalr.o)
                0x10008d98                _getpid_r
 .text._realloc_r
                0x10008d9c       0x5c C:/ST/STM32CubeIDE_1.19.0/STM32CubeIDE/plugins/com.st.stm32cube.ide.mcu.externaltools.gnu-tools-for-stm32.13.3.rel1.win32_1.0.0.202411081344/tools/bin/../lib/gcc/arm-none-eabi/13.3.1/../../../../arm-none-eabi/lib/thumb/v7e-m+fp/hard\libc_nano.a(libc_a-reallocr.o)
                0x10008d9c                _realloc_r
 .text.__swhatbuf_r
                0x10008df8       0x4c C:/ST/STM32CubeIDE_1.19.0/STM32CubeIDE/plugins/com.st.stm32cube.ide.mcu.externaltools.gnu-tools-for-stm32.13.3.rel1.win32_1.0.0.202411081344/tools/bin/../lib/gcc/arm-none-eabi/13.3.1/../../../../arm-none-eabi/lib/thumb/v7e-m+fp/hard\libc_nano.a(libc_a-makebuf.o)
                0x10008df8                __swhatbuf_r
 .text.__smakebuf_r
                0x10008e44       0x78 C:/ST/STM32CubeIDE_1.19.0/STM32CubeIDE/plugins/com.st.stm32cube.ide.mcu.externaltools.gnu-tools-for-stm32.13.3.rel1.win32_1.0.0.202411081344/tools/bin/../lib/gcc/arm-none-eabi/13.3.1/../../../../arm-none-eabi/lib/thumb/v7e-m+fp/hard\libc_nano.a(libc_a-makebuf.o)
                0x10008e44                __smakebuf_r
 .text._fstat_r
                0x10008ebc       0x24 C:/ST/STM32CubeIDE_1.19.0/STM32CubeIDE/plugins/com.st.stm32cube.ide.mcu.externaltools.gnu-tools-for-stm32.13.3.rel1.win32_1.0.0.202411081344/tools/bin/../lib/gcc/arm-none-eabi/13.3.1/../../../../arm-none-eabi/lib/thumb/v7e-m+fp/hard\libc_nano.a(libc_a-fstatr.o)
                0x10008ebc                _fstat_r
 .text._isatty_r
                0x10008ee0       0x20 C:/ST/STM32CubeIDE_1.19.0/STM32CubeIDE/plugins/com.st.stm32cube.ide.mcu.externaltools.gnu-tools-for-stm32.13.3.rel1.win32_1.0.0.202411081344/tools/bin/../lib/gcc/arm-none-eabi/13.3.1/../../../../arm-none-eabi/lib/thumb/v7e-m+fp/hard\libc_nano.a(libc_a-isattyr.o)
                0x10008ee0                _isatty_r
 .text._malloc_usable_size_r
                0x10008f00       0x10 C:/ST/STM32CubeIDE_1.19.0/STM32CubeIDE/plugins/com.st.stm32cube.ide.mcu.externaltools.gnu-tools-for-stm32.13.3.rel1.win32_1.0.0.202411081344/tools/bin/../lib/gcc/arm-none-eabi/13.3.1/../../../../arm-none-eabi/lib/thumb/v7e-m+fp/hard\libc_nano.a(libc_a-msizer.o)
                0x10008f00                _malloc_usable_size_r
 *(.glue_7)
 .glue_7        0x10008f10        0x0 linker stubs
 *(.glue_7t)
 .glue_7t       0x10008f10        0x0 linker stubs
 *(.eh_frame)
 .eh_frame      0x10008f10        0x0 C:/ST/STM32CubeIDE_1.19.0/STM32CubeIDE/plugins/com.st.stm32cube.ide.mcu.externaltools.gnu-tools-for-stm32.13.3.rel1.win32_1.0.0.202411081344/tools/bin/../lib/gcc/arm-none-eabi/13.3.1/thumb/v7e-m+fp/hard/crtbegin.o
 *(.init)
 .init          0x10008f10        0x4 C:/ST/STM32CubeIDE_1.19.0/STM32CubeIDE/plugins/com.st.stm32cube.ide.mcu.externaltools.gnu-tools-for-stm32.13.3.rel1.win32_1.0.0.202411081344/tools/bin/../lib/gcc/arm-none-eabi/13.3.1/thumb/v7e-m+fp/hard/crti.o
                0x10008f10                _init
 .init          0x10008f14        0x8 C:/ST/STM32CubeIDE_1.19.0/STM32CubeIDE/plugins/com.st.stm32cube.ide.mcu.externaltools.gnu-tools-for-stm32.13.3.rel1.win32_1.0.0.202411081344/tools/bin/../lib/gcc/arm-none-eabi/13.3.1/thumb/v7e-m+fp/hard/crtn.o
 *(.fini)
 .fini          0x10008f1c        0x4 C:/ST/STM32CubeIDE_1.19.0/STM32CubeIDE/plugins/com.st.stm32cube.ide.mcu.externaltools.gnu-tools-for-stm32.13.3.rel1.win32_1.0.0.202411081344/tools/bin/../lib/gcc/arm-none-eabi/13.3.1/thumb/v7e-m+fp/hard/crti.o
                0x10008f1c                _fini
 .fini          0x10008f20        0x8 C:/ST/STM32CubeIDE_1.19.0/STM32CubeIDE/plugins/com.st.stm32cube.ide.mcu.externaltools.gnu-tools-for-stm32.13.3.rel1.win32_1.0.0.202411081344/tools/bin/../lib/gcc/arm-none-eabi/13.3.1/thumb/v7e-m+fp/hard/crtn.o
                0x10008f28                        . = ALIGN (0x4)
                0x10008f28                        _etext = .

.vfp11_veneer   0x10008f28        0x0
 .vfp11_veneer  0x10008f28        0x0 linker stubs

.v4_bx          0x10008f28        0x0
 .v4_bx         0x10008f28        0x0 linker stubs

.iplt           0x10008f28        0x0
 .iplt          0x10008f28        0x0 C:/ST/STM32CubeIDE_1.19.0/STM32CubeIDE/plugins/com.st.stm32cube.ide.mcu.externaltools.gnu-tools-for-stm32.13.3.rel1.win32_1.0.0.202411081344/tools/bin/../lib/gcc/arm-none-eabi/13.3.1/thumb/v7e-m+fp/hard/crtbegin.o

.startup_copro_fw.Reset_Handler
                0x10008f28       0x50
 .startup_copro_fw.Reset_Handler
                0x10008f28       0x50 ./Core/Startup/startup_stm32mp157dacx.o
                0x10008f28                Reset_Handler

.rodata         0x10008f78      0x420
                0x10008f78                        . = ALIGN (0x4)
 *(.rodata)
 .rodata        0x10008f78        0xf ./Core/Src/main.o
 *fill*         0x10008f87        0x1 
 .rodata        0x10008f88       0xc0 ./Middlewares/Third_Party/OpenAMP/device.o
 .rodata        0x10009048      0x124 ./Middlewares/Third_Party/OpenAMP/remoteproc_virtio.o
 .rodata        0x1000916c        0x1 ./Middlewares/Third_Party/OpenAMP/rpmsg.o
 *fill*         0x1000916d        0x3 
 .rodata        0x10009170       0xdb ./Middlewares/Third_Party/OpenAMP/rpmsg_virtio.o
 *fill*         0x1000924b        0x1 
 .rodata        0x1000924c        0xa ./Middlewares/Third_Party/OpenAMP/virt_uart.o
 *fill*         0x10009256        0x2 
 .rodata        0x10009258       0x1c ./OPENAMP/openamp.o
 *(.rodata*)
 .rodata.remoteproc_virtio_dispatch_funcs
                0x10009274       0x24 ./Middlewares/Third_Party/OpenAMP/remoteproc_virtio.o
 .rodata.__func__.1
                0x10009298       0x1e ./Middlewares/Third_Party/OpenAMP/remoteproc_virtio.o
 *fill*         0x100092b6        0x2 
 .rodata.__func__.0
                0x100092b8        0xe ./Middlewares/Third_Party/OpenAMP/remoteproc_virtio.o
 *fill*         0x100092c6        0x2 
 .rodata.__func__.2
                0x100092c8       0x24 ./Middlewares/Third_Party/OpenAMP/rpmsg_virtio.o
 .rodata.__func__.1
                0x100092ec       0x21 ./Middlewares/Third_Party/OpenAMP/rpmsg_virtio.o
 *fill*         0x1000930d        0x3 
 .rodata.__func__.0
                0x10009310       0x19 ./Middlewares/Third_Party/OpenAMP/rpmsg_virtio.o
 .rodata.__assert_func.str1.1
                0x10009329       0x6f C:/ST/STM32CubeIDE_1.19.0/STM32CubeIDE/plugins/com.st.stm32cube.ide.mcu.externaltools.gnu-tools-for-stm32.13.3.rel1.win32_1.0.0.202411081344/tools/bin/../lib/gcc/arm-none-eabi/13.3.1/../../../../arm-none-eabi/lib/thumb/v7e-m+fp/hard\libc_nano.a(libc_a-assert.o)
                                 0x3d (size before relaxing)
 .rodata._svfprintf_r.str1.1
                0x10009398       0x11 C:/ST/STM32CubeIDE_1.19.0/STM32CubeIDE/plugins/com.st.stm32cube.ide.mcu.externaltools.gnu-tools-for-stm32.13.3.rel1.win32_1.0.0.202411081344/tools/bin/../lib/gcc/arm-none-eabi/13.3.1/../../../../arm-none-eabi/lib/thumb/v7e-m+fp/hard\libc_nano.a(libc_a-nano-svfprintf.o)
 .rodata._vfprintf_r.str1.1
                0x10009398       0x11 C:/ST/STM32CubeIDE_1.19.0/STM32CubeIDE/plugins/com.st.stm32cube.ide.mcu.externaltools.gnu-tools-for-stm32.13.3.rel1.win32_1.0.0.202411081344/tools/bin/../lib/gcc/arm-none-eabi/13.3.1/../../../../arm-none-eabi/lib/thumb/v7e-m+fp/hard\libc_nano.a(libc_a-nano-vfprintf.o)
 .rodata._printf_i.str1.1
                0x10009398       0x22 C:/ST/STM32CubeIDE_1.19.0/STM32CubeIDE/plugins/com.st.stm32cube.ide.mcu.externaltools.gnu-tools-for-stm32.13.3.rel1.win32_1.0.0.202411081344/tools/bin/../lib/gcc/arm-none-eabi/13.3.1/../../../../arm-none-eabi/lib/thumb/v7e-m+fp/hard\libc_nano.a(libc_a-nano-vfprintf_i.o)
                0x100093bc                        . = ALIGN (0x4)

.ARM.extab      0x10009398        0x0
                0x10009398                        . = ALIGN (0x4)
 *(.ARM.extab* .gnu.linkonce.armextab.*)
                0x10009398                        . = ALIGN (0x4)

.ARM            0x10009398        0x8
                0x10009398                        . = ALIGN (0x4)
                0x10009398                        __exidx_start = .
 *(.ARM.exidx*)
 .ARM.exidx     0x10009398        0x8 C:/ST/STM32CubeIDE_1.19.0/STM32CubeIDE/plugins/com.st.stm32cube.ide.mcu.externaltools.gnu-tools-for-stm32.13.3.rel1.win32_1.0.0.202411081344/tools/bin/../lib/gcc/arm-none-eabi/13.3.1/../../../../arm-none-eabi/lib/thumb/v7e-m+fp/hard\libc_nano.a(libc_a-strcmp.o)
 .ARM.exidx     0x100093a0        0x0 C:/ST/STM32CubeIDE_1.19.0/STM32CubeIDE/plugins/com.st.stm32cube.ide.mcu.externaltools.gnu-tools-for-stm32.13.3.rel1.win32_1.0.0.202411081344/tools/bin/../lib/gcc/arm-none-eabi/13.3.1/../../../../arm-none-eabi/lib/thumb/v7e-m+fp/hard\libc_nano.a(libc_a-memchr.o)
                                  0x8 (size before relaxing)
                0x100093a0                        __exidx_end = .
                0x100093a0                        . = ALIGN (0x4)

.preinit_array  0x100093a0        0x0
                0x100093a0                        . = ALIGN (0x4)
                0x100093a0                        PROVIDE (__preinit_array_start = .)
 *(.preinit_array*)
                0x100093a0                        PROVIDE (__preinit_array_end = .)
                0x100093a0                        . = ALIGN (0x4)

.init_array     0x100093a0        0x4
                0x100093a0                        . = ALIGN (0x4)
                0x100093a0                        PROVIDE (__init_array_start = .)
 *(SORT_BY_NAME(.init_array.*))
 *(.init_array*)
 .init_array    0x100093a0        0x4 C:/ST/STM32CubeIDE_1.19.0/STM32CubeIDE/plugins/com.st.stm32cube.ide.mcu.externaltools.gnu-tools-for-stm32.13.3.rel1.win32_1.0.0.202411081344/tools/bin/../lib/gcc/arm-none-eabi/13.3.1/thumb/v7e-m+fp/hard/crtbegin.o
                0x100093a4                        PROVIDE (__init_array_end = .)
                0x100093a4                        . = ALIGN (0x4)

.fini_array     0x100093a4        0x4
                0x100093a4                        . = ALIGN (0x4)
                [!provide]                        PROVIDE (__fini_array_start = .)
 *(SORT_BY_NAME(.fini_array.*))
 *(.fini_array*)
 .fini_array    0x100093a4        0x4 C:/ST/STM32CubeIDE_1.19.0/STM32CubeIDE/plugins/com.st.stm32cube.ide.mcu.externaltools.gnu-tools-for-stm32.13.3.rel1.win32_1.0.0.202411081344/tools/bin/../lib/gcc/arm-none-eabi/13.3.1/thumb/v7e-m+fp/hard/crtbegin.o
                [!provide]                        PROVIDE (__fini_array_end = .)
                0x100093a8                        . = ALIGN (0x4)
                0x100093a8                        __DATA_ROM = .
                0x100093a8                        _sidata = LOADADDR (.data)

.data           0x10020000      0x120 load address 0x100093a8
                0x10020000                        . = ALIGN (0x4)
                0x10020000                        _sdata = .
 *(.data)
 *(.data*)
 .data.SystemCoreClock
                0x10020000        0x4 ./Common/System/system_stm32mp1xx.o
                0x10020000                SystemCoreClock
 .data.uwTickPrio
                0x10020004        0x4 ./Drivers/STM32MP1xx_HAL_Driver/stm32mp1xx_hal.o
                0x10020004                uwTickPrio
 .data.uwTickFreq
                0x10020008        0x1 ./Drivers/STM32MP1xx_HAL_Driver/stm32mp1xx_hal.o
                0x10020008                uwTickFreq
 *fill*         0x10020009        0x3 
 .data.metal_generic_bus
                0x1002000c       0x2c ./Middlewares/Third_Party/OpenAMP/device.o
                0x1002000c                metal_generic_bus
 .data.shm_device
                0x10020038       0x8c ./OPENAMP/openamp.o
                0x10020038                shm_device
 .data.__sglue  0x100200c4        0xc C:/ST/STM32CubeIDE_1.19.0/STM32CubeIDE/plugins/com.st.stm32cube.ide.mcu.externaltools.gnu-tools-for-stm32.13.3.rel1.win32_1.0.0.202411081344/tools/bin/../lib/gcc/arm-none-eabi/13.3.1/../../../../arm-none-eabi/lib/thumb/v7e-m+fp/hard\libc_nano.a(libc_a-findfp.o)
                0x100200c4                __sglue
 .data._impure_ptr
                0x100200d0        0x4 C:/ST/STM32CubeIDE_1.19.0/STM32CubeIDE/plugins/com.st.stm32cube.ide.mcu.externaltools.gnu-tools-for-stm32.13.3.rel1.win32_1.0.0.202411081344/tools/bin/../lib/gcc/arm-none-eabi/13.3.1/../../../../arm-none-eabi/lib/thumb/v7e-m+fp/hard\libc_nano.a(libc_a-impure.o)
                0x100200d0                _impure_ptr
 .data._impure_data
                0x100200d4       0x4c C:/ST/STM32CubeIDE_1.19.0/STM32CubeIDE/plugins/com.st.stm32cube.ide.mcu.externaltools.gnu-tools-for-stm32.13.3.rel1.win32_1.0.0.202411081344/tools/bin/../lib/gcc/arm-none-eabi/13.3.1/../../../../arm-none-eabi/lib/thumb/v7e-m+fp/hard\libc_nano.a(libc_a-impure.o)
                0x100200d4                _impure_data
                0x10020120                        . = ALIGN (0x4)
                0x10020120                        _edata = .
                0x100094c8                        __DATA_END = (__DATA_ROM + (_edata - _sdata))
                0x10020000                        text_end = (ORIGIN (SRAM1_text) + LENGTH (SRAM1_text))
                0x00000001                        ASSERT ((__DATA_END <= text_end), region SRAM1_text overflowed with text and data)

.igot.plt       0x10020120        0x0 load address 0x100094c8
 .igot.plt      0x10020120        0x0 C:/ST/STM32CubeIDE_1.19.0/STM32CubeIDE/plugins/com.st.stm32cube.ide.mcu.externaltools.gnu-tools-for-stm32.13.3.rel1.win32_1.0.0.202411081344/tools/bin/../lib/gcc/arm-none-eabi/13.3.1/thumb/v7e-m+fp/hard/crtbegin.o

.resource_table
                0x10020120       0x8c load address 0x100094c8
                0x10020120                        . = ALIGN (0x4)
 *(.resource_table*)
 .resource_table
                0x10020120       0x8c ./OPENAMP/rsc_table.o
                0x10020120                resource_table
                0x100201ac                        . = ALIGN (0x4)

.rel.dyn        0x100201ac        0x0 load address 0x10009554
 .rel.iplt      0x100201ac        0x0 C:/ST/STM32CubeIDE_1.19.0/STM32CubeIDE/plugins/com.st.stm32cube.ide.mcu.externaltools.gnu-tools-for-stm32.13.3.rel1.win32_1.0.0.202411081344/tools/bin/../lib/gcc/arm-none-eabi/13.3.1/thumb/v7e-m+fp/hard/crtbegin.o
                0x100201ac                        . = ALIGN (0x4)

.bss            0x100201ac      0x354 load address 0x10009554
                0x100201ac                        _sbss = .
                0x100201ac                        __bss_start__ = _sbss
 *(.bss)
 .bss           0x100201ac       0x1c C:/ST/STM32CubeIDE_1.19.0/STM32CubeIDE/plugins/com.st.stm32cube.ide.mcu.externaltools.gnu-tools-for-stm32.13.3.rel1.win32_1.0.0.202411081344/tools/bin/../lib/gcc/arm-none-eabi/13.3.1/thumb/v7e-m+fp/hard/crtbegin.o
 *(.bss*)
 .bss.hipcc     0x100201c8       0x3c ./Core/Src/main.o
                0x100201c8                hipcc
 .bss.hspi5     0x10020204       0x88 ./Core/Src/main.o
                0x10020204                hspi5
 .bss.huart0    0x1002028c       0x50 ./Core/Src/main.o
                0x1002028c                huart0
 .bss.__sbrk_heap_end
                0x100202dc        0x4 ./Core/Src/sysmem.o
 .bss.uwTick    0x100202e0        0x4 ./Drivers/STM32MP1xx_HAL_Driver/stm32mp1xx_hal.o
                0x100202e0                uwTick
 .bss._metal    0x100202e4       0x20 ./Middlewares/Third_Party/OpenAMP/generic_init.o
                0x100202e4                _metal
 .bss.msg_received_ch1
                0x10020304        0x4 ./OPENAMP/mbox_ipcc.o
                0x10020304                msg_received_ch1
 .bss.msg_received_ch2
                0x10020308        0x4 ./OPENAMP/mbox_ipcc.o
                0x10020308                msg_received_ch2
 .bss.shm_io    0x1002030c        0x4 ./OPENAMP/openamp.o
 .bss.rsc_io    0x10020310        0x4 ./OPENAMP/openamp.o
 .bss.rsc_table
                0x10020314        0x4 ./OPENAMP/openamp.o
 .bss.shpool    0x10020318        0xc ./OPENAMP/openamp.o
 .bss.rvdev     0x10020324       0x8c ./OPENAMP/openamp.o
 .bss.shm_physmap
                0x100203b0        0x4 ./OPENAMP/openamp.o
 .bss.__malloc_sbrk_start
                0x100203b4        0x4 C:/ST/STM32CubeIDE_1.19.0/STM32CubeIDE/plugins/com.st.stm32cube.ide.mcu.externaltools.gnu-tools-for-stm32.13.3.rel1.win32_1.0.0.202411081344/tools/bin/../lib/gcc/arm-none-eabi/13.3.1/../../../../arm-none-eabi/lib/thumb/v7e-m+fp/hard\libc_nano.a(libc_a-mallocr.o)
                0x100203b4                __malloc_sbrk_start
 .bss.__malloc_free_list
                0x100203b8        0x4 C:/ST/STM32CubeIDE_1.19.0/STM32CubeIDE/plugins/com.st.stm32cube.ide.mcu.externaltools.gnu-tools-for-stm32.13.3.rel1.win32_1.0.0.202411081344/tools/bin/../lib/gcc/arm-none-eabi/13.3.1/../../../../arm-none-eabi/lib/thumb/v7e-m+fp/hard\libc_nano.a(libc_a-mallocr.o)
                0x100203b8                __malloc_free_list
 .bss.__sf      0x100203bc      0x138 C:/ST/STM32CubeIDE_1.19.0/STM32CubeIDE/plugins/com.st.stm32cube.ide.mcu.externaltools.gnu-tools-for-stm32.13.3.rel1.win32_1.0.0.202411081344/tools/bin/../lib/gcc/arm-none-eabi/13.3.1/../../../../arm-none-eabi/lib/thumb/v7e-m+fp/hard\libc_nano.a(libc_a-findfp.o)
                0x100203bc                __sf
 .bss.__stdio_exit_handler
                0x100204f4        0x4 C:/ST/STM32CubeIDE_1.19.0/STM32CubeIDE/plugins/com.st.stm32cube.ide.mcu.externaltools.gnu-tools-for-stm32.13.3.rel1.win32_1.0.0.202411081344/tools/bin/../lib/gcc/arm-none-eabi/13.3.1/../../../../arm-none-eabi/lib/thumb/v7e-m+fp/hard\libc_nano.a(libc_a-findfp.o)
                0x100204f4                __stdio_exit_handler
 .bss.errno     0x100204f8        0x4 C:/ST/STM32CubeIDE_1.19.0/STM32CubeIDE/plugins/com.st.stm32cube.ide.mcu.externaltools.gnu-tools-for-stm32.13.3.rel1.win32_1.0.0.202411081344/tools/bin/../lib/gcc/arm-none-eabi/13.3.1/../../../../arm-none-eabi/lib/thumb/v7e-m+fp/hard\libc_nano.a(libc_a-reent.o)
                0x100204f8                errno
 .bss.__lock___malloc_recursive_mutex
                0x100204fc        0x1 C:/ST/STM32CubeIDE_1.19.0/STM32CubeIDE/plugins/com.st.stm32cube.ide.mcu.externaltools.gnu-tools-for-stm32.13.3.rel1.win32_1.0.0.202411081344/tools/bin/../lib/gcc/arm-none-eabi/13.3.1/../../../../arm-none-eabi/lib/thumb/v7e-m+fp/hard\libc_nano.a(libc_a-lock.o)
                0x100204fc                __lock___malloc_recursive_mutex
 .bss.__lock___sfp_recursive_mutex
                0x100204fd        0x1 C:/ST/STM32CubeIDE_1.19.0/STM32CubeIDE/plugins/com.st.stm32cube.ide.mcu.externaltools.gnu-tools-for-stm32.13.3.rel1.win32_1.0.0.202411081344/tools/bin/../lib/gcc/arm-none-eabi/13.3.1/../../../../arm-none-eabi/lib/thumb/v7e-m+fp/hard\libc_nano.a(libc_a-lock.o)
                0x100204fd                __lock___sfp_recursive_mutex
 *(COMMON)
                0x10020500                        . = ALIGN (0x4)
 *fill*         0x100204fe        0x2 
                0x10020500                        _ebss = .
                0x10020500                        __bss_end__ = _ebss

._user_heap_stack
                0x10020500      0x600 load address 0x100098a8
                0x10020500                        . = ALIGN (0x8)
                [!provide]                        PROVIDE (end = .)
                0x10020500                        PROVIDE (_end = .)
                0x10020700                        . = (. + _Min_Heap_Size)
 *fill*         0x10020500      0x200 
                0x10020b00                        . = (. + _Min_Stack_Size)
 *fill*         0x10020700      0x400 
                0x10020b00                        . = ALIGN (0x8)

/DISCARD/
 libc.a(*)
 libm.a(*)
 libgcc.a(*)

.ARM.attributes
                0x00000000       0x30
 *(.ARM.attributes)
 .ARM.attributes
                0x00000000       0x22 C:/ST/STM32CubeIDE_1.19.0/STM32CubeIDE/plugins/com.st.stm32cube.ide.mcu.externaltools.gnu-tools-for-stm32.13.3.rel1.win32_1.0.0.202411081344/tools/bin/../lib/gcc/arm-none-eabi/13.3.1/thumb/v7e-m+fp/hard/crti.o
 .ARM.attributes
                0x00000022       0x34 C:/ST/STM32CubeIDE_1.19.0/STM32CubeIDE/plugins/com.st.stm32cube.ide.mcu.externaltools.gnu-tools-for-stm32.13.3.rel1.win32_1.0.0.202411081344/tools/bin/../lib/gcc/arm-none-eabi/13.3.1/thumb/v7e-m+fp/hard/crtbegin.o
 .ARM.attributes
                0x00000056       0x34 ./Common/System/system_stm32mp1xx.o
 .ARM.attributes
                0x0000008a       0x34 ./Core/Src/main.o
 .ARM.attributes
                0x000000be       0x34 ./Core/Src/stm32mp1xx_hal_msp.o
 .ARM.attributes
                0x000000f2       0x34 ./Core/Src/stm32mp1xx_it.o
 .ARM.attributes
                0x00000126       0x34 ./Core/Src/syscalls.o
 .ARM.attributes
                0x0000015a       0x34 ./Core/Src/sysmem.o
 .ARM.attributes
                0x0000018e       0x21 ./Core/Startup/startup_stm32mp157dacx.o
 .ARM.attributes
                0x000001af       0x34 ./Drivers/STM32MP1xx_HAL_Driver/stm32mp1xx_hal.o
 .ARM.attributes
                0x000001e3       0x34 ./Drivers/STM32MP1xx_HAL_Driver/stm32mp1xx_hal_cortex.o
 .ARM.attributes
                0x00000217       0x34 ./Drivers/STM32MP1xx_HAL_Driver/stm32mp1xx_hal_gpio.o
 .ARM.attributes
                0x0000024b       0x34 ./Drivers/STM32MP1xx_HAL_Driver/stm32mp1xx_hal_ipcc.o
 .ARM.attributes
                0x0000027f       0x34 ./Drivers/STM32MP1xx_HAL_Driver/stm32mp1xx_hal_pwr.o
 .ARM.attributes
                0x000002b3       0x34 ./Drivers/STM32MP1xx_HAL_Driver/stm32mp1xx_hal_rcc.o
 .ARM.attributes
                0x000002e7       0x34 ./Drivers/STM32MP1xx_HAL_Driver/stm32mp1xx_hal_rcc_ex.o
 .ARM.attributes
                0x0000031b       0x34 ./Drivers/STM32MP1xx_HAL_Driver/stm32mp1xx_hal_spi.o
 .ARM.attributes
                0x0000034f       0x34 ./Middlewares/Third_Party/OpenAMP/device.o
 .ARM.attributes
                0x00000383       0x34 ./Middlewares/Third_Party/OpenAMP/generic_device.o
 .ARM.attributes
                0x000003b7       0x34 ./Middlewares/Third_Party/OpenAMP/generic_init.o
 .ARM.attributes
                0x000003eb       0x34 ./Middlewares/Third_Party/OpenAMP/generic_io.o
 .ARM.attributes
                0x0000041f       0x34 ./Middlewares/Third_Party/OpenAMP/init.o
 .ARM.attributes
                0x00000453       0x34 ./Middlewares/Third_Party/OpenAMP/io.o
 .ARM.attributes
                0x00000487       0x34 ./Middlewares/Third_Party/OpenAMP/log.o
 .ARM.attributes
                0x000004bb       0x34 ./Middlewares/Third_Party/OpenAMP/remoteproc_virtio.o
 .ARM.attributes
                0x000004ef       0x34 ./Middlewares/Third_Party/OpenAMP/rpmsg.o
 .ARM.attributes
                0x00000523       0x34 ./Middlewares/Third_Party/OpenAMP/rpmsg_virtio.o
 .ARM.attributes
                0x00000557       0x34 ./Middlewares/Third_Party/OpenAMP/sys.o
 .ARM.attributes
                0x0000058b       0x34 ./Middlewares/Third_Party/OpenAMP/virt_uart.o
 .ARM.attributes
                0x000005bf       0x34 ./Middlewares/Third_Party/OpenAMP/virtio.o
 .ARM.attributes
                0x000005f3       0x34 ./Middlewares/Third_Party/OpenAMP/virtqueue.o
 .ARM.attributes
                0x00000627       0x34 ./OPENAMP/mbox_ipcc.o
 .ARM.attributes
                0x0000065b       0x34 ./OPENAMP/openamp.o
 .ARM.attributes
                0x0000068f       0x34 ./OPENAMP/rsc_table.o
 .ARM.attributes
                0x000006c3       0x34 C:/ST/STM32CubeIDE_1.19.0/STM32CubeIDE/plugins/com.st.stm32cube.ide.mcu.externaltools.gnu-tools-for-stm32.13.3.rel1.win32_1.0.0.202411081344/tools/bin/../lib/gcc/arm-none-eabi/13.3.1/../../../../arm-none-eabi/lib/thumb/v7e-m+fp/hard\libc_nano.a(libc_a-assert.o)
 .ARM.attributes
                0x000006f7       0x34 C:/ST/STM32CubeIDE_1.19.0/STM32CubeIDE/plugins/com.st.stm32cube.ide.mcu.externaltools.gnu-tools-for-stm32.13.3.rel1.win32_1.0.0.202411081344/tools/bin/../lib/gcc/arm-none-eabi/13.3.1/../../../../arm-none-eabi/lib/thumb/v7e-m+fp/hard\libc_nano.a(libc_a-malloc.o)
 .ARM.attributes
                0x0000072b       0x34 C:/ST/STM32CubeIDE_1.19.0/STM32CubeIDE/plugins/com.st.stm32cube.ide.mcu.externaltools.gnu-tools-for-stm32.13.3.rel1.win32_1.0.0.202411081344/tools/bin/../lib/gcc/arm-none-eabi/13.3.1/../../../../arm-none-eabi/lib/thumb/v7e-m+fp/hard\libc_nano.a(libc_a-mallocr.o)
 .ARM.attributes
                0x0000075f       0x34 C:/ST/STM32CubeIDE_1.19.0/STM32CubeIDE/plugins/com.st.stm32cube.ide.mcu.externaltools.gnu-tools-for-stm32.13.3.rel1.win32_1.0.0.202411081344/tools/bin/../lib/gcc/arm-none-eabi/13.3.1/../../../../arm-none-eabi/lib/thumb/v7e-m+fp/hard\libc_nano.a(libc_a-mlock.o)
 .ARM.attributes
                0x00000793       0x34 C:/ST/STM32CubeIDE_1.19.0/STM32CubeIDE/plugins/com.st.stm32cube.ide.mcu.externaltools.gnu-tools-for-stm32.13.3.rel1.win32_1.0.0.202411081344/tools/bin/../lib/gcc/arm-none-eabi/13.3.1/../../../../arm-none-eabi/lib/thumb/v7e-m+fp/hard\libc_nano.a(libc_a-findfp.o)
 .ARM.attributes
                0x000007c7       0x34 C:/ST/STM32CubeIDE_1.19.0/STM32CubeIDE/plugins/com.st.stm32cube.ide.mcu.externaltools.gnu-tools-for-stm32.13.3.rel1.win32_1.0.0.202411081344/tools/bin/../lib/gcc/arm-none-eabi/13.3.1/../../../../arm-none-eabi/lib/thumb/v7e-m+fp/hard\libc_nano.a(libc_a-fprintf.o)
 .ARM.attributes
                0x000007fb       0x34 C:/ST/STM32CubeIDE_1.19.0/STM32CubeIDE/plugins/com.st.stm32cube.ide.mcu.externaltools.gnu-tools-for-stm32.13.3.rel1.win32_1.0.0.202411081344/tools/bin/../lib/gcc/arm-none-eabi/13.3.1/../../../../arm-none-eabi/lib/thumb/v7e-m+fp/hard\libc_nano.a(libc_a-fwalk.o)
 .ARM.attributes
                0x0000082f       0x34 C:/ST/STM32CubeIDE_1.19.0/STM32CubeIDE/plugins/com.st.stm32cube.ide.mcu.externaltools.gnu-tools-for-stm32.13.3.rel1.win32_1.0.0.202411081344/tools/bin/../lib/gcc/arm-none-eabi/13.3.1/../../../../arm-none-eabi/lib/thumb/v7e-m+fp/hard\libc_nano.a(libc_a-stdio.o)
 .ARM.attributes
                0x00000863       0x34 C:/ST/STM32CubeIDE_1.19.0/STM32CubeIDE/plugins/com.st.stm32cube.ide.mcu.externaltools.gnu-tools-for-stm32.13.3.rel1.win32_1.0.0.202411081344/tools/bin/../lib/gcc/arm-none-eabi/13.3.1/../../../../arm-none-eabi/lib/thumb/v7e-m+fp/hard\libc_nano.a(libc_a-vsnprintf.o)
 .ARM.attributes
                0x00000897       0x34 C:/ST/STM32CubeIDE_1.19.0/STM32CubeIDE/plugins/com.st.stm32cube.ide.mcu.externaltools.gnu-tools-for-stm32.13.3.rel1.win32_1.0.0.202411081344/tools/bin/../lib/gcc/arm-none-eabi/13.3.1/../../../../arm-none-eabi/lib/thumb/v7e-m+fp/hard\libc_nano.a(libc_a-memset.o)
 .ARM.attributes